<area shape="rect" href="$xclips_8c.html" title="src/client/x/xclips.c" alt="" coords="323,229,456,256">
<area shape="rect" href="$xmenu__wind_8c.html" title="src/client/x/xmenu_wind.c" alt="" coords="97,155,268,181">
<area shape="rect" href="$crstrtgy_8h.html" title="src/clipsrules/core/crstrtgy.h" alt="" coords="393,155,577,181">
<area shape="rect" href="$agenda_8c.html" title="src/clipsrules/core/agenda.c" alt="" coords="64,229,248,256">
<area shape="rect" href="$crstrtgy_8c.html" title="src/clipsrules/core/crstrtgy.c" alt="" coords="211,304,395,331">
<area shape="rect" href="$ruledef_8h.html" title="src/clipsrules/core/ruledef.h" alt="" coords="933,80,1115,107">
<area shape="rect" href="$retract_8c.html" title="src/clipsrules/core/retract.c" alt="" coords="2635,453,2813,480">
<area shape="rect" href="$incrrset_8c.html" title="src/clipsrules/core/incrrset.c" alt="" coords="1560,304,1744,331">
<area shape="rect" href="$rulebin_8c.html" title="src/clipsrules/core/rulebin.c" alt="" coords="3685,304,3864,331">
<area shape="rect" href="$ruledef_8c.html" title="src/clipsrules/core/ruledef.c" alt="" coords="5,304,187,331">
<area shape="rect" href="$ruledlt_8c.html" title="src/clipsrules/core/ruledlt.c" alt="" coords="3939,304,4115,331">
<area shape="rect" href="$rulelhs_8c.html" title="src/clipsrules/core/rulelhs.c" alt="" coords="1971,304,2149,331">
<area shape="rect" href="$drive_8c.html" title="src/clipsrules/core/drive.c" alt="" coords="1085,229,1256,256">
<area shape="rect" href="$engine_8c.html" title="src/clipsrules/core/engine.c" alt="" coords="3936,80,4115,107">
<area shape="rect" href="$xmenu__opt_8c.html" title="src/client/x/xmenu_opt.c" alt="" coords="899,229,1061,256">
<area shape="rect" href="$clips_8h.html" title="src/clipsrules/core/clips.h" alt="" coords="656,229,824,256">
<area shape="rect" href="$rulecom_8c.html" title="src/clipsrules/core/rulecom.c" alt="" coords="1349,304,1536,331">
<area shape="rect" href="$xedit_8c.html" title="src/client/x/xedit.c" alt="" coords="1197,304,1325,331">
<area shape="rect" href="$cmptblty_8h.html" title="src/clipsrules/core/cmptblty.h" alt="" coords="544,304,736,331">
<area shape="rect" href="$main_8c.html" title="src/clipsrules/core/main.c" alt="" coords="760,304,931,331">
<area shape="rect" href="$userfunctions_8c.html" title="src/clipsrules/core/userfunctions.c" alt="" coords="955,304,1173,331">
<area shape="rect" href="$reorder_8h.html" title="src/clipsrules/core/reorder.h" alt="" coords="2637,155,2819,181">
<area shape="rect" href="$network_8h.html" title="src/clipsrules/core/network.h" alt="" coords="351,379,537,405">
<area shape="rect" href="$objrtbld_8c.html" title="src/clipsrules/core/objrtbld.c" alt="" coords="1717,453,1901,480">
<area shape="rect" href="$analysis_8c.html" title="src/clipsrules/core/analysis.c" alt="" coords="3256,304,3445,331">
<area shape="rect" href="$generate_8c.html" title="src/clipsrules/core/generate.c" alt="" coords="3469,304,3661,331">
<area shape="rect" href="$rulepsr_8c.html" title="src/clipsrules/core/rulepsr.c" alt="" coords="1768,304,1947,331">
<area shape="rect" href="$constrct_8c.html" title="src/clipsrules/core/constrct.c" alt="" coords="1244,155,1433,181">
<area shape="rect" href="$incrrset_8h.html" title="src/clipsrules/core/incrrset.h" alt="" coords="828,155,1012,181">
<area shape="rect" href="$rulebsc_8c.html" title="src/clipsrules/core/rulebsc.c" alt="" coords="1457,155,1641,181">
<area shape="rect" href="$sysdep_8c.html" title="src/clipsrules/core/sysdep.c" alt="" coords="1036,155,1220,181">
<area shape="rect" href="$pattern_8h.html" title="src/clipsrules/core/pattern.h" alt="" coords="2637,229,2819,256">
<area shape="rect" href="$factlhs_8c.html" title="src/clipsrules/core/factlhs.c" alt="" coords="2173,304,2355,331">
<area shape="rect" href="$reorder_8c.html" title="src/clipsrules/core/reorder.c" alt="" coords="2379,304,2560,331">
<area shape="rect" href="$tmpltlhs_8c.html" title="src/clipsrules/core/tmpltlhs.c" alt="" coords="2837,304,3024,331">
<area shape="rect" href="$analysis_8h.html" title="src/clipsrules/core/analysis.h" alt="" coords="2995,229,3184,256">
<area shape="rect" href="$rulecstr_8c.html" title="src/clipsrules/core/rulecstr.c" alt="" coords="3048,304,3232,331">
<area shape="rect" href="$factbld_8c.html" title="src/clipsrules/core/factbld.c" alt="" coords="4139,304,4320,331">
<area shape="rect" href="$factgen_8h.html" title="src/clipsrules/core/factgen.h" alt="" coords="3525,229,3709,256">
<area shape="rect" href="$generate_8h.html" title="src/clipsrules/core/generate.h" alt="" coords="3259,229,3451,256">
<area shape="rect" href="$objrtmch_8c.html" title="src/clipsrules/core/objrtmch.c" alt="" coords="1499,229,1691,256">
<area shape="rect" href="$rulebld_8h.html" title="src/clipsrules/core/rulebld.h" alt="" coords="1765,229,1944,256">
<area shape="rect" href="$rulelhs_8h.html" title="src/clipsrules/core/rulelhs.h" alt="" coords="2384,229,2563,256">
<area shape="rect" href="$tmpltfun_8c.html" title="src/clipsrules/core/tmpltfun.c" alt="" coords="2120,229,2309,256">
<area shape="rect" href="$match_8h.html" title="src/clipsrules/core/match.h" alt="" coords="2635,304,2813,331">
<area shape="rect" href="$conscomp_8c.html" title="src/clipsrules/core/conscomp.c" alt="" coords="672,453,875,480">
<area shape="rect" href="$dffnxpsr_8c.html" title="src/clipsrules/core/dffnxpsr.c" alt="" coords="29,453,216,480">
<area shape="rect" href="$exprnbin_8c.html" title="src/clipsrules/core/exprnbin.c" alt="" coords="240,453,432,480">
<area shape="rect" href="$exprnpsr_8c.html" title="src/clipsrules/core/exprnpsr.c" alt="" coords="456,453,648,480">
