<area shape="rect" href="$setup_8h.html" title="setup.h" alt="" coords="124,80,188,107">
<area shape="rect" href="$envrnmnt_8h.html" title="envrnmnt.h" alt="" coords="5,155,91,181">
<area shape="rect" href="$argacces_8h.html" title="argacces.h" alt="" coords="739,304,824,331">
<area shape="rect" href="$extnfunc_8h.html" title="extnfunc.h" alt="" coords="813,827,896,853">
<area shape="rect" href="$constant_8h.html" title="constant.h" alt="" coords="1380,677,1463,704">
<area shape="rect" href="$moduldef_8h.html" title="moduldef.h" alt="" coords="549,379,635,405">
<area shape="rect" href="$crstrtgy_8h.html" title="crstrtgy.h" alt="" coords="776,80,851,107">
<area shape="rect" href="$agenda_8h.html" title="agenda.h" alt="" coords="925,155,1000,181">
<area shape="rect" href="$ruledef_8h.html" title="ruledef.h" alt="" coords="927,229,999,256">
<area shape="rect" href="$engine_8h.html" title="engine.h" alt="" coords="1144,80,1213,107">
<area shape="rect" href="$retract_8h.html" title="retract.h" alt="" coords="1144,155,1213,181">
<area shape="rect" href="$memalloc_8h.html" title="memalloc.h" alt="" coords="1628,80,1716,107">
<area shape="rect" href="$modulutl_8h.html" title="modulutl.h" alt="" coords="373,304,453,331">
<area shape="rect" href="$multifld_8h.html" title="multifld.h" alt="" coords="1377,229,1452,256">
<area shape="rect" href="$reteutil_8h.html" title="reteutil.h" alt="" coords="1304,304,1376,331">
<area shape="rect" href="$router_8h.html" title="router.h" alt="" coords="635,155,699,181">
<area shape="rect" href="$rulebsc_8h.html" title="rulebsc.h" alt="" coords="1428,379,1503,405">
<area shape="rect" href="$strngrtr_8h.html" title="strngrtr.h" alt="" coords="373,379,445,405">
<area shape="rect" href="$sysdep_8h.html" title="sysdep.h" alt="" coords="72,528,147,555">
<area shape="rect" href="$watch_8h.html" title="watch.h" alt="" coords="832,229,899,256">
<area shape="rect" href="$usrsetup_8h.html" title="usrsetup.h" alt="" coords="115,155,197,181">
<area shape="rect" href="$symbol_8h.html" title="symbol.h" alt="" coords="451,901,525,928">
<area shape="rect" href="$expressn_8h.html" title="expressn.h" alt="" coords="975,677,1060,704">
<area shape="rect" href="$evaluatn_8h.html" title="evaluatn.h" alt="" coords="1176,603,1256,629">
<area shape="rect" href="$exprnops_8h.html" title="exprnops.h" alt="" coords="1047,752,1132,779">
<area shape="rect" href="$exprnpsr_8h.html" title="exprnpsr.h" alt="" coords="943,752,1023,779">
<area shape="rect" href="$scanner_8h.html" title="scanner.h" alt="" coords="944,827,1021,853">
<area shape="rect" href="$userdata_8h.html" title="userdata.h" alt="" coords="813,901,896,928">
<area shape="rect" href="$pprint_8h.html" title="pprint.h" alt="" coords="951,901,1015,928">
<area shape="rect" href="$conscomp_8h.html" title="conscomp.h" alt="" coords="727,453,817,480">
<area shape="rect" href="$modulpsr_8h.html" title="modulpsr.h" alt="" coords="620,453,703,480">
<area shape="rect" href="$clipsrules_2core_2utility_8h.html" title="utility.h" alt="" coords="484,453,545,480">
<area shape="rect" href="$constrct_8h.html" title="constrct.h" alt="" coords="640,528,720,555">
<area shape="rect" href="$symblcmp_8h.html" title="symblcmp.h" alt="" coords="525,528,616,555">
<area shape="rect" href="$match_8h.html" title="match.h" alt="" coords="1203,379,1269,405">
<area shape="rect" href="$constrnt_8h.html" title="constrnt.h" alt="" coords="1099,379,1179,405">
<area shape="rect" href="$cstrccom_8h.html" title="cstrccom.h" alt="" coords="629,304,715,331">
<area shape="rect" href="$network_8h.html" title="network.h" alt="" coords="1051,304,1128,331">
<area shape="rect" href="$pattern_8h.html" title="pattern.h" alt="" coords="1180,453,1252,480">
<area shape="rect" href="$reorder_8h.html" title="reorder.h" alt="" coords="1048,528,1120,555">
<area shape="rect" href="$lgcldpnd_8h.html" title="lgcldpnd.h" alt="" coords="1223,229,1303,256">
<area shape="rect" href="$prntutil_8h.html" title="prntutil.h" alt="" coords="629,229,701,256">
