<area shape="rect" href="$auc-md_8cpp.html" title="src/server/auc&#45;md.cpp" alt="" coords="5,80,157,107">
<area shape="rect" href="$masterDaemon_8cpp.html" title="src/server/masterDaemon.cpp" alt="" coords="181,80,376,107">
<area shape="rect" href="$masterDaemonConfig_8cpp.html" title="src/server/masterDaemonConfig.cpp" alt="" coords="400,80,632,107">
<area shape="rect" href="$mdBehavior_8cpp.html" title="src/server/mdBehavior.cpp" alt="" coords="656,80,832,107">
<area shape="rect" href="$mdDevice_8cpp.html" title="src/server/mdDevice.cpp" alt="" coords="856,80,1021,107">
<area shape="rect" href="$mdLogger_8cpp.html" title="src/server/mdLogger.cpp" alt="" coords="1045,80,1208,107">
<area shape="rect" href="$server_2auc-md_8cpp.html" title="src/server/server/auc&#45;md.cpp" alt="" coords="1232,80,1424,107">
<area shape="rect" href="$server_2masterDaemon_8cpp.html" title="src/server/server/masterDaemon.cpp" alt="" coords="1448,80,1683,107">
<area shape="rect" href="$server_2masterDaemonConfig_8cpp.html" title="src/server/server/masterDaemonConfig.cpp" alt="" coords="1707,80,1979,107">
<area shape="rect" href="$server_2mdBehavior_8cpp.html" title="src/server/server/mdBehavior.cpp" alt="" coords="2003,80,2219,107">
<area shape="rect" href="$server_2mdDevice_8cpp.html" title="src/server/server/mdDevice.cpp" alt="" coords="2243,80,2448,107">
<area shape="rect" href="$server_2mdLogger_8cpp.html" title="src/server/server/mdLogger.cpp" alt="" coords="2472,80,2675,107">
