<area shape="rect" href="$exprnbin_8h.html" title="exprnbin.h" alt="" coords="169,80,249,107">
<area shape="rect" href="$extnfunc_8h.html" title="extnfunc.h" alt="" coords="141,304,224,331">
<area shape="rect" href="$sysdep_8h.html" title="sysdep.h" alt="" coords="380,80,455,107">
<area shape="rect" href="$symblbin_8h.html" title="symblbin.h" alt="" coords="273,80,356,107">
<area shape="rect" href="$clipsrules_2core_2utility_8h.html" title="utility.h" alt="" coords="479,80,540,107">
<area shape="rect" href="$expressn_8h.html" title="expressn.h" alt="" coords="127,155,212,181">
<area shape="rect" href="$exprnops_8h.html" title="exprnops.h" alt="" coords="127,229,212,256">
<area shape="rect" href="$exprnpsr_8h.html" title="exprnpsr.h" alt="" coords="23,229,103,256">
<area shape="rect" href="$scanner_8h.html" title="scanner.h" alt="" coords="24,304,101,331">
<area shape="rect" href="$userdata_8h.html" title="userdata.h" alt="" coords="141,379,224,405">
<area shape="rect" href="$symbol_8h.html" title="symbol.h" alt="" coords="263,379,337,405">
<area shape="rect" href="$pprint_8h.html" title="pprint.h" alt="" coords="31,379,95,405">
