<area shape="rect" href="$bload_8c.html" title="src/clipsrules/core/bload.c" alt="" coords="5,80,179,107">
<area shape="rect" href="$bsave_8c.html" title="src/clipsrules/core/bsave.c" alt="" coords="203,80,379,107">
<area shape="rect" href="$classcom_8c.html" title="src/clipsrules/core/classcom.c" alt="" coords="403,80,600,107">
<area shape="rect" href="$classfun_8c.html" title="src/clipsrules/core/classfun.c" alt="" coords="624,80,816,107">
<area shape="rect" href="$classini_8c.html" title="src/clipsrules/core/classini.c" alt="" coords="840,80,1027,107">
<area shape="rect" href="$classpsr_8c.html" title="src/clipsrules/core/classpsr.c" alt="" coords="1051,80,1240,107">
<area shape="rect" href="$clips_8h.html" title="src/clipsrules/core/clips.h" alt="" coords="1264,80,1432,107">
<area shape="rect" href="$cstrcbin_8c.html" title="src/clipsrules/core/cstrcbin.c" alt="" coords="1456,80,1643,107">
<area shape="rect" href="$cstrccom_8c.html" title="src/clipsrules/core/cstrccom.c" alt="" coords="1667,80,1861,107">
<area shape="rect" href="$cstrnbin_8c.html" title="src/clipsrules/core/cstrnbin.c" alt="" coords="1885,80,2072,107">
<area shape="rect" href="$defins_8c.html" title="src/clipsrules/core/defins.c" alt="" coords="2096,80,2272,107">
<area shape="rect" href="$dffctbin_8c.html" title="src/clipsrules/core/dffctbin.c" alt="" coords="2296,80,2480,107">
<area shape="rect" href="$dffctdef_8c.html" title="src/clipsrules/core/dffctdef.c" alt="" coords="2504,80,2688,107">
<area shape="rect" href="$dffctpsr_8c.html" title="src/clipsrules/core/dffctpsr.c" alt="" coords="2712,80,2896,107">
<area shape="rect" href="$dffnxbin_8c.html" title="src/clipsrules/core/dffnxbin.c" alt="" coords="2920,80,3107,107">
<area shape="rect" href="$dffnxfun_8c.html" title="src/clipsrules/core/dffnxfun.c" alt="" coords="3131,80,3317,107">
<area shape="rect" href="$dffnxpsr_8c.html" title="src/clipsrules/core/dffnxpsr.c" alt="" coords="3341,80,3528,107">
<area shape="rect" href="$dfinsbin_8c.html" title="src/clipsrules/core/dfinsbin.c" alt="" coords="3552,80,3739,107">
<area shape="rect" href="$expressn_8c.html" title="src/clipsrules/core/expressn.c" alt="" coords="3763,80,3957,107">
<area shape="rect" href="$exprnbin_8c.html" title="src/clipsrules/core/exprnbin.c" alt="" coords="3981,80,4173,107">
<area shape="rect" href="$factbin_8c.html" title="src/clipsrules/core/factbin.c" alt="" coords="4197,80,4379,107">
<area shape="rect" href="$factcom_8c.html" title="src/clipsrules/core/factcom.c" alt="" coords="4403,80,4592,107">
<area shape="rect" href="$factrhs_8c.html" title="src/clipsrules/core/factrhs.c" alt="" coords="4616,80,4797,107">
<area shape="rect" href="$filecom_8c.html" title="src/clipsrules/core/filecom.c" alt="" coords="4821,80,5005,107">
<area shape="rect" href="$genrcbin_8c.html" title="src/clipsrules/core/genrcbin.c" alt="" coords="5029,80,5221,107">
<area shape="rect" href="$genrccom_8c.html" title="src/clipsrules/core/genrccom.c" alt="" coords="5245,80,5445,107">
<area shape="rect" href="$genrcfun_8c.html" title="src/clipsrules/core/genrcfun.c" alt="" coords="5469,80,5661,107">
<area shape="rect" href="$genrcpsr_8c.html" title="src/clipsrules/core/genrcpsr.c" alt="" coords="5685,80,5877,107">
<area shape="rect" href="$globlbin_8c.html" title="src/clipsrules/core/globlbin.c" alt="" coords="5901,80,6088,107">
<area shape="rect" href="$globldef_8c.html" title="src/clipsrules/core/globldef.c" alt="" coords="6112,80,6299,107">
<area shape="rect" href="$globlpsr_8c.html" title="src/clipsrules/core/globlpsr.c" alt="" coords="6323,80,6509,107">
<area shape="rect" href="$modulbin_8c.html" title="src/clipsrules/core/modulbin.c" alt="" coords="6533,80,6728,107">
<area shape="rect" href="$modulbsc_8c.html" title="src/clipsrules/core/modulbsc.c" alt="" coords="6752,80,6949,107">
<area shape="rect" href="$moduldef_8c.html" title="src/clipsrules/core/moduldef.c" alt="" coords="6973,80,7168,107">
<area shape="rect" href="$modulpsr_8c.html" title="src/clipsrules/core/modulpsr.c" alt="" coords="7192,80,7387,107">
<area shape="rect" href="$msgcom_8c.html" title="src/clipsrules/core/msgcom.c" alt="" coords="7411,80,7603,107">
<area shape="rect" href="$msgpsr_8c.html" title="src/clipsrules/core/msgpsr.c" alt="" coords="7627,80,7811,107">
<area shape="rect" href="$objbin_8c.html" title="src/clipsrules/core/objbin.c" alt="" coords="7835,80,8011,107">
<area shape="rect" href="$objrtbin_8c.html" title="src/clipsrules/core/objrtbin.c" alt="" coords="8035,80,8219,107">
<area shape="rect" href="$objrtfnx_8c.html" title="src/clipsrules/core/objrtfnx.c" alt="" coords="8243,80,8427,107">
<area shape="rect" href="$rulebin_8c.html" title="src/clipsrules/core/rulebin.c" alt="" coords="8451,80,8629,107">
<area shape="rect" href="$ruledef_8c.html" title="src/clipsrules/core/ruledef.c" alt="" coords="8653,80,8835,107">
<area shape="rect" href="$ruledlt_8c.html" title="src/clipsrules/core/ruledlt.c" alt="" coords="8859,80,9035,107">
<area shape="rect" href="$rulepsr_8c.html" title="src/clipsrules/core/rulepsr.c" alt="" coords="9059,80,9237,107">
<area shape="rect" href="$symblbin_8c.html" title="src/clipsrules/core/symblbin.c" alt="" coords="9261,80,9456,107">
<area shape="rect" href="$tmpltbin_8c.html" title="src/clipsrules/core/tmpltbin.c" alt="" coords="9480,80,9667,107">
<area shape="rect" href="$tmpltdef_8c.html" title="src/clipsrules/core/tmpltdef.c" alt="" coords="9691,80,9880,107">
<area shape="rect" href="$tmpltpsr_8c.html" title="src/clipsrules/core/tmpltpsr.c" alt="" coords="9904,80,10091,107">
<area shape="rect" href="$xedit_8c.html" title="src/client/x/xedit.c" alt="" coords="1284,155,1412,181">
