<area shape="rect" href="$setup_8h.html" title="setup.h" alt="" coords="159,80,223,107">
<area shape="rect" href="$envrnmnt_8h.html" title="envrnmnt.h" alt="" coords="40,155,125,181">
<area shape="rect" href="$argacces_8h.html" title="argacces.h" alt="" coords="1004,155,1089,181">
<area shape="rect" href="$exprnpsr_8h.html" title="exprnpsr.h" alt="" coords="1131,603,1211,629">
<area shape="rect" href="$moduldef_8h.html" title="moduldef.h" alt="" coords="731,229,816,256">
<area shape="rect" href="$bload_8h.html" title="bload.h" alt="" coords="307,304,371,331">
<area shape="rect" href="$symblbin_8h.html" title="symblbin.h" alt="" coords="43,379,125,405">
<area shape="rect" href="$cstrnbin_8h.html" title="cstrnbin.h" alt="" coords="1153,304,1231,331">
<area shape="rect" href="$memalloc_8h.html" title="memalloc.h" alt="" coords="1357,80,1445,107">
<area shape="rect" href="$router_8h.html" title="router.h" alt="" coords="815,80,879,107">
<area shape="rect" href="$bsave_8h.html" title="bsave.h" alt="" coords="909,379,976,405">
<area shape="rect" href="$usrsetup_8h.html" title="usrsetup.h" alt="" coords="149,155,232,181">
<area shape="rect" href="$symbol_8h.html" title="symbol.h" alt="" coords="576,752,651,779">
<area shape="rect" href="$expressn_8h.html" title="expressn.h" alt="" coords="920,528,1005,555">
<area shape="rect" href="$evaluatn_8h.html" title="evaluatn.h" alt="" coords="1088,453,1168,480">
<area shape="rect" href="$exprnops_8h.html" title="exprnops.h" alt="" coords="920,603,1005,629">
<area shape="rect" href="$extnfunc_8h.html" title="extnfunc.h" alt="" coords="805,677,888,704">
<area shape="rect" href="$scanner_8h.html" title="scanner.h" alt="" coords="1132,677,1209,704">
<area shape="rect" href="$userdata_8h.html" title="userdata.h" alt="" coords="935,752,1017,779">
<area shape="rect" href="$pprint_8h.html" title="pprint.h" alt="" coords="1139,752,1203,779">
<area shape="rect" href="$constant_8h.html" title="constant.h" alt="" coords="1131,528,1213,555">
<area shape="rect" href="$conscomp_8h.html" title="conscomp.h" alt="" coords="617,304,708,331">
<area shape="rect" href="$modulpsr_8h.html" title="modulpsr.h" alt="" coords="732,304,815,331">
<area shape="rect" href="$clipsrules_2core_2utility_8h.html" title="utility.h" alt="" coords="403,379,464,405">
<area shape="rect" href="$constrct_8h.html" title="constrct.h" alt="" coords="805,379,885,405">
<area shape="rect" href="$symblcmp_8h.html" title="symblcmp.h" alt="" coords="539,379,629,405">
<area shape="rect" href="$exprnbin_8h.html" title="exprnbin.h" alt="" coords="299,379,379,405">
<area shape="rect" href="$sysdep_8h.html" title="sysdep.h" alt="" coords="149,379,224,405">
<area shape="rect" href="$constrnt_8h.html" title="constrnt.h" alt="" coords="1152,379,1232,405">
<area shape="rect" href="$prntutil_8h.html" title="prntutil.h" alt="" coords="811,155,883,181">
