<area shape="rect" href="$bload_8c.html" title="src/clipsrules/core/bload.c" alt="" coords="5,80,179,107">
<area shape="rect" href="$bsave_8c.html" title="src/clipsrules/core/bsave.c" alt="" coords="203,80,379,107">
<area shape="rect" href="$clips_8h.html" title="src/clipsrules/core/clips.h" alt="" coords="403,80,571,107">
<area shape="rect" href="$cstrcbin_8c.html" title="src/clipsrules/core/cstrcbin.c" alt="" coords="595,80,781,107">
<area shape="rect" href="$cstrnbin_8c.html" title="src/clipsrules/core/cstrnbin.c" alt="" coords="805,80,992,107">
<area shape="rect" href="$dffctbin_8c.html" title="src/clipsrules/core/dffctbin.c" alt="" coords="1016,80,1200,107">
<area shape="rect" href="$dffnxbin_8c.html" title="src/clipsrules/core/dffnxbin.c" alt="" coords="1224,80,1411,107">
<area shape="rect" href="$dfinsbin_8c.html" title="src/clipsrules/core/dfinsbin.c" alt="" coords="1435,80,1621,107">
<area shape="rect" href="$exprnbin_8c.html" title="src/clipsrules/core/exprnbin.c" alt="" coords="1645,80,1837,107">
<area shape="rect" href="$factbin_8c.html" title="src/clipsrules/core/factbin.c" alt="" coords="1861,80,2043,107">
<area shape="rect" href="$filecom_8c.html" title="src/clipsrules/core/filecom.c" alt="" coords="2067,80,2251,107">
<area shape="rect" href="$genrcbin_8c.html" title="src/clipsrules/core/genrcbin.c" alt="" coords="2275,80,2467,107">
<area shape="rect" href="$globlbin_8c.html" title="src/clipsrules/core/globlbin.c" alt="" coords="2491,80,2677,107">
<area shape="rect" href="$modulbin_8c.html" title="src/clipsrules/core/modulbin.c" alt="" coords="2701,80,2896,107">
<area shape="rect" href="$objbin_8c.html" title="src/clipsrules/core/objbin.c" alt="" coords="2920,80,3096,107">
<area shape="rect" href="$objrtbin_8c.html" title="src/clipsrules/core/objrtbin.c" alt="" coords="3120,80,3304,107">
<area shape="rect" href="$rulebin_8c.html" title="src/clipsrules/core/rulebin.c" alt="" coords="3328,80,3507,107">
<area shape="rect" href="$symblbin_8c.html" title="src/clipsrules/core/symblbin.c" alt="" coords="3531,80,3725,107">
<area shape="rect" href="$tmpltbin_8c.html" title="src/clipsrules/core/tmpltbin.c" alt="" coords="3749,80,3936,107">
<area shape="rect" href="$xedit_8c.html" title="src/client/x/xedit.c" alt="" coords="136,155,264,181">
<area shape="rect" href="$cmptblty_8h.html" title="src/clipsrules/core/cmptblty.h" alt="" coords="288,155,480,181">
<area shape="rect" href="$main_8c.html" title="src/clipsrules/core/main.c" alt="" coords="504,155,675,181">
<area shape="rect" href="$userfunctions_8c.html" title="src/clipsrules/core/userfunctions.c" alt="" coords="699,155,917,181">
