<area shape="rect" href="$constrct_8h.html" title="constrct.h" alt="" coords="152,453,232,480">
<area shape="rect" href="$clipsrules_2core_2object_8h.html" title="object.h" alt="" coords="237,80,304,107">
<area shape="rect" href="$userdata_8h.html" title="userdata.h" alt="" coords="424,752,507,779">
<area shape="rect" href="$moduldef_8h.html" title="moduldef.h" alt="" coords="92,528,177,555">
<area shape="rect" href="$symbol_8h.html" title="symbol.h" alt="" coords="239,752,313,779">
<area shape="rect" href="$evaluatn_8h.html" title="evaluatn.h" alt="" coords="532,677,612,704">
<area shape="rect" href="$conscomp_8h.html" title="conscomp.h" alt="" coords="336,603,427,629">
<area shape="rect" href="$modulpsr_8h.html" title="modulpsr.h" alt="" coords="93,603,176,629">
<area shape="rect" href="$clipsrules_2core_2utility_8h.html" title="utility.h" alt="" coords="200,603,261,629">
<area shape="rect" href="$symblcmp_8h.html" title="symblcmp.h" alt="" coords="231,677,321,704">
<area shape="rect" href="$extnfunc_8h.html" title="extnfunc.h" alt="" coords="345,677,428,704">
<area shape="rect" href="$expressn_8h.html" title="expressn.h" alt="" coords="637,752,723,779">
<area shape="rect" href="$exprnops_8h.html" title="exprnops.h" alt="" coords="637,827,723,853">
<area shape="rect" href="$exprnpsr_8h.html" title="exprnpsr.h" alt="" coords="440,827,520,853">
<area shape="rect" href="$scanner_8h.html" title="scanner.h" alt="" coords="441,901,519,928">
<area shape="rect" href="$pprint_8h.html" title="pprint.h" alt="" coords="448,976,512,1003">
<area shape="rect" href="$constant_8h.html" title="constant.h" alt="" coords="531,752,613,779">
<area shape="rect" href="$multifld_8h.html" title="multifld.h" alt="" coords="233,229,308,256">
<area shape="rect" href="$match_8h.html" title="match.h" alt="" coords="517,155,584,181">
<area shape="rect" href="$constrnt_8h.html" title="constrnt.h" alt="" coords="307,453,387,480">
<area shape="rect" href="$pattern_8h.html" title="pattern.h" alt="" coords="600,229,672,256">
<area shape="rect" href="$network_8h.html" title="network.h" alt="" coords="560,453,637,480">
<area shape="rect" href="$reorder_8h.html" title="reorder.h" alt="" coords="701,304,773,331">
<area shape="rect" href="$ruledef_8h.html" title="ruledef.h" alt="" coords="433,379,505,405">
<area shape="rect" href="$cstrccom_8h.html" title="cstrccom.h" alt="" coords="43,453,128,480">
<area shape="rect" href="$agenda_8h.html" title="agenda.h" alt="" coords="411,453,485,480">
