<area shape="rect" href="$setup_8h.html" title="setup.h" alt="" coords="124,80,188,107">
<area shape="rect" href="$envrnmnt_8h.html" title="envrnmnt.h" alt="" coords="5,155,91,181">
<area shape="rect" href="$bload_8h.html" title="bload.h" alt="" coords="184,677,248,704">
<area shape="rect" href="$scanner_8h.html" title="scanner.h" alt="" coords="1344,1051,1421,1077">
<area shape="rect" href="$classcom_8h.html" title="classcom.h" alt="" coords="1068,80,1156,107">
<area shape="rect" href="$modulpsr_8h.html" title="modulpsr.h" alt="" coords="552,677,635,704">
<area shape="rect" href="$classfun_8h.html" title="classfun.h" alt="" coords="1180,80,1260,107">
<area shape="rect" href="$clsltpsr_8h.html" title="clsltpsr.h" alt="" coords="1443,80,1515,107">
<area shape="rect" href="$cstrcpsr_8h.html" title="cstrcpsr.h" alt="" coords="1317,677,1395,704">
<area shape="rect" href="$inherpsr_8h.html" title="inherpsr.h" alt="" coords="1539,80,1616,107">
<area shape="rect" href="$memalloc_8h.html" title="memalloc.h" alt="" coords="1640,80,1728,107">
<area shape="rect" href="$modulutl_8h.html" title="modulutl.h" alt="" coords="395,528,475,555">
<area shape="rect" href="$msgpsr_8h.html" title="msgpsr.h" alt="" coords="1752,80,1827,107">
<area shape="rect" href="$router_8h.html" title="router.h" alt="" coords="499,155,563,181">
<area shape="rect" href="$classpsr_8h.html" title="classpsr.h" alt="" coords="1851,80,1931,107">
<area shape="rect" href="$usrsetup_8h.html" title="usrsetup.h" alt="" coords="115,155,197,181">
<area shape="rect" href="$symbol_8h.html" title="symbol.h" alt="" coords="496,1125,571,1152">
<area shape="rect" href="$exprnbin_8h.html" title="exprnbin.h" alt="" coords="352,752,432,779">
<area shape="rect" href="$extnfunc_8h.html" title="extnfunc.h" alt="" coords="724,1051,807,1077">
<area shape="rect" href="$sysdep_8h.html" title="sysdep.h" alt="" coords="152,752,227,779">
<area shape="rect" href="$symblbin_8h.html" title="symblbin.h" alt="" coords="45,752,128,779">
<area shape="rect" href="$clipsrules_2core_2utility_8h.html" title="utility.h" alt="" coords="456,752,517,779">
<area shape="rect" href="$expressn_8h.html" title="expressn.h" alt="" coords="803,901,888,928">
<area shape="rect" href="$exprnops_8h.html" title="exprnops.h" alt="" coords="723,976,808,1003">
<area shape="rect" href="$exprnpsr_8h.html" title="exprnpsr.h" alt="" coords="883,976,963,1003">
<area shape="rect" href="$userdata_8h.html" title="userdata.h" alt="" coords="1009,1125,1092,1152">
<area shape="rect" href="$pprint_8h.html" title="pprint.h" alt="" coords="1351,1125,1415,1152">
<area shape="rect" href="$cstrccom_8h.html" title="cstrccom.h" alt="" coords="549,528,635,555">
<area shape="rect" href="$clipsrules_2core_2object_8h.html" title="object.h" alt="" coords="1133,155,1200,181">
<area shape="rect" href="$moduldef_8h.html" title="moduldef.h" alt="" coords="549,603,635,629">
<area shape="rect" href="$conscomp_8h.html" title="conscomp.h" alt="" coords="776,677,867,704">
<area shape="rect" href="$constrct_8h.html" title="constrct.h" alt="" coords="960,752,1040,779">
<area shape="rect" href="$symblcmp_8h.html" title="symblcmp.h" alt="" coords="693,752,784,779">
<area shape="rect" href="$evaluatn_8h.html" title="evaluatn.h" alt="" coords="1088,827,1168,853">
<area shape="rect" href="$constant_8h.html" title="constant.h" alt="" coords="1139,901,1221,928">
<area shape="rect" href="$multifld_8h.html" title="multifld.h" alt="" coords="1243,304,1317,331">
<area shape="rect" href="$match_8h.html" title="match.h" alt="" coords="827,229,893,256">
<area shape="rect" href="$constrnt_8h.html" title="constrnt.h" alt="" coords="1061,528,1141,555">
<area shape="rect" href="$pattern_8h.html" title="pattern.h" alt="" coords="824,304,896,331">
<area shape="rect" href="$network_8h.html" title="network.h" alt="" coords="709,528,787,555">
<area shape="rect" href="$reorder_8h.html" title="reorder.h" alt="" coords="824,379,896,405">
<area shape="rect" href="$ruledef_8h.html" title="ruledef.h" alt="" coords="800,453,872,480">
<area shape="rect" href="$agenda_8h.html" title="agenda.h" alt="" coords="861,528,936,555">
<area shape="rect" href="$prntutil_8h.html" title="prntutil.h" alt="" coords="493,229,565,256">
