<area shape="rect" href="$classmdProcess.html" title="mdProcess" alt="" coords="65,5,153,32">
<area shape="rect" href="$classListener.html" title="Listener\&lt; mdAttention \&gt;" alt="" coords="29,56,189,83">
<area shape="rect" href="$classListener.html" title="Listener\&lt; mdCDPulse \&gt;" alt="" coords="29,107,189,133">
<area shape="rect" href="$classListener.html" title="Listener\&lt; mdClientBirth \&gt;" alt="" coords="25,157,193,184">
<area shape="rect" href="$classListener.html" title="Listener\&lt; mdClientDeath \&gt;" alt="" coords="21,208,197,235">
<area shape="rect" href="$classListener.html" title="Listener\&lt; mdIncoming \&gt;" alt="" coords="28,259,191,285">
<area shape="rect" href="$classListener.html" title="Listener\&lt; mdResponse \&gt;" alt="" coords="25,309,193,336">
<area shape="rect" href="$classListener.html" title="Listener\&lt; mdTelemetryFrame \&gt;" alt="" coords="8,360,211,387">
<area shape="rect" href="$classListener.html" title="Listener\&lt; mdDeviceCommand \&gt;" alt="" coords="5,411,213,437">
