<area shape="rect" href="$setup_8h.html" title="setup.h" alt="" coords="124,80,188,107">
<area shape="rect" href="$envrnmnt_8h.html" title="envrnmnt.h" alt="" coords="5,155,91,181">
<area shape="rect" href="$classcom_8h.html" title="classcom.h" alt="" coords="1077,80,1165,107">
<area shape="rect" href="$cstrccom_8h.html" title="cstrccom.h" alt="" coords="901,155,987,181">
<area shape="rect" href="$extnfunc_8h.html" title="extnfunc.h" alt="" coords="625,677,708,704">
<area shape="rect" href="$modulpsr_8h.html" title="modulpsr.h" alt="" coords="837,304,920,331">
<area shape="rect" href="$classexm_8h.html" title="classexm.h" alt="" coords="659,80,747,107">
<area shape="rect" href="$classfun_8h.html" title="classfun.h" alt="" coords="1563,155,1643,181">
<area shape="rect" href="$classinf_8h.html" title="classinf.h" alt="" coords="995,229,1072,256">
<area shape="rect" href="$classpsr_8h.html" title="classpsr.h" alt="" coords="872,80,952,107">
<area shape="rect" href="$cstrcpsr_8h.html" title="cstrcpsr.h" alt="" coords="1519,304,1596,331">
<area shape="rect" href="$inscom_8h.html" title="inscom.h" alt="" coords="1280,80,1355,107">
<area shape="rect" href="$memalloc_8h.html" title="memalloc.h" alt="" coords="1640,80,1728,107">
<area shape="rect" href="$modulutl_8h.html" title="modulutl.h" alt="" coords="453,155,533,181">
<area shape="rect" href="$msgcom_8h.html" title="msgcom.h" alt="" coords="1379,80,1461,107">
<area shape="rect" href="$watch_8h.html" title="watch.h" alt="" coords="641,453,708,480">
<area shape="rect" href="$defins_8h.html" title="defins.h" alt="" coords="1189,80,1256,107">
<area shape="rect" href="$insquery_8h.html" title="insquery.h" alt="" coords="1536,80,1616,107">
<area shape="rect" href="$bload_8h.html" title="bload.h" alt="" coords="496,229,560,256">
<area shape="rect" href="$objbin_8h.html" title="objbin.h" alt="" coords="1755,155,1821,181">
<area shape="rect" href="$objcmp_8h.html" title="objcmp.h" alt="" coords="1011,155,1085,181">
<area shape="rect" href="$objrtbld_8h.html" title="objrtbld.h" alt="" coords="1901,80,1976,107">
<area shape="rect" href="$objrtfnx_8h.html" title="objrtfnx.h" alt="" coords="1803,80,1877,107">
<area shape="rect" href="$objrtmch_8h.html" title="objrtmch.h" alt="" coords="1896,155,1979,181">
<area shape="rect" href="$classini_8h.html" title="classini.h" alt="" coords="2003,155,2077,181">
<area shape="rect" href="$usrsetup_8h.html" title="usrsetup.h" alt="" coords="115,155,197,181">
<area shape="rect" href="$symbol_8h.html" title="symbol.h" alt="" coords="531,752,605,779">
<area shape="rect" href="$clipsrules_2core_2object_8h.html" title="object.h" alt="" coords="1357,229,1424,256">
<area shape="rect" href="$moduldef_8h.html" title="moduldef.h" alt="" coords="835,229,920,256">
<area shape="rect" href="$conscomp_8h.html" title="conscomp.h" alt="" coords="1096,304,1187,331">
<area shape="rect" href="$clipsrules_2core_2utility_8h.html" title="utility.h" alt="" coords="701,304,763,331">
<area shape="rect" href="$constrct_8h.html" title="constrct.h" alt="" coords="1440,379,1520,405">
<area shape="rect" href="$userdata_8h.html" title="userdata.h" alt="" coords="1095,752,1177,779">
<area shape="rect" href="$evaluatn_8h.html" title="evaluatn.h" alt="" coords="1069,453,1149,480">
<area shape="rect" href="$constant_8h.html" title="constant.h" alt="" coords="1016,528,1099,555">
<area shape="rect" href="$expressn_8h.html" title="expressn.h" alt="" coords="624,528,709,555">
<area shape="rect" href="$exprnops_8h.html" title="exprnops.h" alt="" coords="517,603,603,629">
<area shape="rect" href="$exprnpsr_8h.html" title="exprnpsr.h" alt="" coords="627,603,707,629">
<area shape="rect" href="$multifld_8h.html" title="multifld.h" alt="" coords="1341,379,1416,405">
<area shape="rect" href="$match_8h.html" title="match.h" alt="" coords="1147,379,1213,405">
<area shape="rect" href="$constrnt_8h.html" title="constrnt.h" alt="" coords="1237,379,1317,405">
<area shape="rect" href="$insfun_8h.html" title="insfun.h" alt="" coords="1160,155,1227,181">
<area shape="rect" href="$msgpass_8h.html" title="msgpass.h" alt="" coords="1453,155,1539,181">
<area shape="rect" href="$exprnbin_8h.html" title="exprnbin.h" alt="" coords="547,304,627,331">
<area shape="rect" href="$sysdep_8h.html" title="sysdep.h" alt="" coords="448,304,523,331">
<area shape="rect" href="$symblbin_8h.html" title="symblbin.h" alt="" coords="240,304,323,331">
