<area shape="rect" href="$classcom_8c.html" title="src/clipsrules/core/classcom.c" alt="" coords="5,80,203,107">
<area shape="rect" href="$classexm_8c.html" title="src/clipsrules/core/classexm.c" alt="" coords="227,80,424,107">
<area shape="rect" href="$classfun_8c.html" title="src/clipsrules/core/classfun.c" alt="" coords="448,80,640,107">
<area shape="rect" href="$classinf_8c.html" title="src/clipsrules/core/classinf.c" alt="" coords="664,80,851,107">
<area shape="rect" href="$classini_8c.html" title="src/clipsrules/core/classini.c" alt="" coords="875,80,1061,107">
<area shape="rect" href="$clips_8h.html" title="src/clipsrules/core/clips.h" alt="" coords="1085,80,1253,107">
<area shape="rect" href="$objbin_8c.html" title="src/clipsrules/core/objbin.c" alt="" coords="1277,80,1453,107">
<area shape="rect" href="$objcmp_8c.html" title="src/clipsrules/core/objcmp.c" alt="" coords="1477,80,1661,107">
<area shape="rect" href="$sysdep_8c.html" title="src/clipsrules/core/sysdep.c" alt="" coords="1685,80,1869,107">
<area shape="rect" href="$xedit_8c.html" title="src/client/x/xedit.c" alt="" coords="819,155,947,181">
<area shape="rect" href="$cmptblty_8h.html" title="src/clipsrules/core/cmptblty.h" alt="" coords="971,155,1163,181">
<area shape="rect" href="$main_8c.html" title="src/clipsrules/core/main.c" alt="" coords="1187,155,1357,181">
<area shape="rect" href="$userfunctions_8c.html" title="src/clipsrules/core/userfunctions.c" alt="" coords="1381,155,1600,181">
