<area shape="rect" href="$classmdProcess.html" title="mdProcess" alt="" coords="401,25,489,52">
<area shape="rect" href="$classmdClieverTransaction.html" title="mdClieverTransaction Abstract category encapsulating MD&#45;CD interactions." alt="" coords="560,59,707,85">
<area shape="rect" href="$classListener.html" title="Listener\&lt; cdHeartbeat \&gt;" alt="" coords="852,109,1012,136">
<area shape="rect" href="$classListener.html" title="Listener\&lt; cdTelemetryFrame \&gt;" alt="" coords="832,160,1032,187">
<area shape="rect" href="$classListener.html" title="Listener\&lt; cdIncoming \&gt;" alt="" coords="853,211,1011,237">
<area shape="rect" href="$classListener.html" title="Listener\&lt; cdInteractiveCommand \&gt;" alt="" coords="820,261,1044,288">
<area shape="rect" href="$classListener.html" title="Listener\&lt; cdResponse \&gt;" alt="" coords="851,312,1013,339">
<area shape="rect" href="$classListener.html" title="Listener\&lt; cdShutdown \&gt;" alt="" coords="851,363,1013,389">
<area shape="rect" href="$classcdHeartbeat.html" title="cdHeartbeat" alt="" coords="887,413,977,440">
<area shape="rect" href="$classTimeStampedEvent.html" title="TimeStampedEvent\&lt; \&gt;" alt="" coords="556,328,711,355">
<area shape="rect" href="$classPolymorphEvent.html" title="PolymorphEvent" alt="" coords="575,379,692,405">
<area shape="rect" href="$classmdReply.html" title="mdReply" alt="" coords="597,457,669,484">
<area shape="rect" href="$classmdDGChannel.html" title="mdDGChannel" alt="" coords="880,464,984,491">
<area shape="rect" href="$structMD__REPLY.html" title="MD_REPLY" alt="" coords="401,457,489,484">
<area shape="rect" href="$structMD__DG__HEADER.html" title="MD_DG_HEADER" alt="" coords="205,487,333,513">
<area shape="rect" href="$structMD__DATAGRAM.html" title="MD_DATAGRAM" alt="" coords="573,511,693,537">
<area shape="rect" href="$structMD__DG__TYPE.html" title="MD_DG_TYPE" alt="" coords="5,487,115,513">
<area shape="rect" href="$classclientDaemonConfig.html" title="clientDaemonConfig" alt="" coords="864,515,1000,541">
<area shape="rect" href="$classmdCDHeartbeat.html" title="mdCDHeartbeat" alt="" coords="876,59,988,85">
