<area shape="rect" href="$setup_8h.html" title="setup.h" alt="" coords="161,80,225,107">
<area shape="rect" href="$envrnmnt_8h.html" title="envrnmnt.h" alt="" coords="43,155,128,181">
<area shape="rect" href="$bload_8h.html" title="bload.h" alt="" coords="331,752,395,779">
<area shape="rect" href="$scanner_8h.html" title="scanner.h" alt="" coords="1465,1125,1543,1152">
<area shape="rect" href="$clipsrules_2core_2utility_8h.html" title="utility.h" alt="" coords="167,827,228,853">
<area shape="rect" href="$classcom_8h.html" title="classcom.h" alt="" coords="569,155,657,181">
<area shape="rect" href="$cstrccom_8h.html" title="cstrccom.h" alt="" coords="548,603,633,629">
<area shape="rect" href="$constrct_8h.html" title="constrct.h" alt="" coords="980,827,1060,853">
<area shape="rect" href="$evaluatn_8h.html" title="evaluatn.h" alt="" coords="1273,901,1353,928">
<area shape="rect" href="$constant_8h.html" title="constant.h" alt="" coords="1425,976,1508,1003">
<area shape="rect" href="$classini_8h.html" title="classini.h" alt="" coords="681,155,756,181">
<area shape="rect" href="$cstrcpsr_8h.html" title="cstrcpsr.h" alt="" coords="1405,752,1483,779">
<area shape="rect" href="$inscom_8h.html" title="inscom.h" alt="" coords="1089,80,1164,107">
<area shape="rect" href="$insfun_8h.html" title="insfun.h" alt="" coords="1159,155,1225,181">
<area shape="rect" href="$insmngr_8h.html" title="insmngr.h" alt="" coords="889,80,967,107">
<area shape="rect" href="$memalloc_8h.html" title="memalloc.h" alt="" coords="1659,80,1747,107">
<area shape="rect" href="$modulutl_8h.html" title="modulutl.h" alt="" coords="371,603,451,629">
<area shape="rect" href="$msgfun_8h.html" title="msgfun.h" alt="" coords="991,80,1065,107">
<area shape="rect" href="$router_8h.html" title="router.h" alt="" coords="431,80,495,107">
<area shape="rect" href="$classfun_8h.html" title="classfun.h" alt="" coords="785,80,865,107">
<area shape="rect" href="$usrsetup_8h.html" title="usrsetup.h" alt="" coords="152,155,235,181">
<area shape="rect" href="$symbol_8h.html" title="symbol.h" alt="" coords="521,1200,596,1227">
<area shape="rect" href="$exprnbin_8h.html" title="exprnbin.h" alt="" coords="559,827,639,853">
<area shape="rect" href="$extnfunc_8h.html" title="extnfunc.h" alt="" coords="980,1125,1063,1152">
<area shape="rect" href="$sysdep_8h.html" title="sysdep.h" alt="" coords="252,827,327,853">
<area shape="rect" href="$symblbin_8h.html" title="symblbin.h" alt="" coords="351,827,433,853">
<area shape="rect" href="$expressn_8h.html" title="expressn.h" alt="" coords="1031,976,1116,1003">
<area shape="rect" href="$exprnops_8h.html" title="exprnops.h" alt="" coords="1031,1051,1116,1077">
<area shape="rect" href="$exprnpsr_8h.html" title="exprnpsr.h" alt="" coords="1140,1051,1220,1077">
<area shape="rect" href="$userdata_8h.html" title="userdata.h" alt="" coords="1216,1200,1299,1227">
<area shape="rect" href="$pprint_8h.html" title="pprint.h" alt="" coords="1472,1200,1536,1227">
<area shape="rect" href="$clipsrules_2core_2object_8h.html" title="object.h" alt="" coords="928,229,995,256">
<area shape="rect" href="$moduldef_8h.html" title="moduldef.h" alt="" coords="507,677,592,704">
<area shape="rect" href="$conscomp_8h.html" title="conscomp.h" alt="" coords="665,752,756,779">
<area shape="rect" href="$modulpsr_8h.html" title="modulpsr.h" alt="" coords="508,752,591,779">
<area shape="rect" href="$symblcmp_8h.html" title="symblcmp.h" alt="" coords="713,827,804,853">
<area shape="rect" href="$multifld_8h.html" title="multifld.h" alt="" coords="1292,379,1367,405">
<area shape="rect" href="$match_8h.html" title="match.h" alt="" coords="1015,304,1081,331">
<area shape="rect" href="$constrnt_8h.html" title="constrnt.h" alt="" coords="1236,603,1316,629">
<area shape="rect" href="$pattern_8h.html" title="pattern.h" alt="" coords="969,379,1041,405">
<area shape="rect" href="$network_8h.html" title="network.h" alt="" coords="983,603,1060,629">
<area shape="rect" href="$reorder_8h.html" title="reorder.h" alt="" coords="932,453,1004,480">
<area shape="rect" href="$ruledef_8h.html" title="ruledef.h" alt="" coords="932,528,1004,555">
<area shape="rect" href="$msgpass_8h.html" title="msgpass.h" alt="" coords="999,155,1084,181">
<area shape="rect" href="$prntutil_8h.html" title="prntutil.h" alt="" coords="429,229,501,256">
