<area shape="rect" href="$setup_8h.html" title="setup.h" alt="" coords="124,80,188,107">
<area shape="rect" href="$envrnmnt_8h.html" title="envrnmnt.h" alt="" coords="5,155,91,181">
<area shape="rect" href="$argacces_8h.html" title="argacces.h" alt="" coords="504,603,589,629">
<area shape="rect" href="$classcom_8h.html" title="classcom.h" alt="" coords="608,155,696,181">
<area shape="rect" href="$multifld_8h.html" title="multifld.h" alt="" coords="1195,304,1269,331">
<area shape="rect" href="$classexm_8h.html" title="classexm.h" alt="" coords="1497,80,1585,107">
<area shape="rect" href="$classfun_8h.html" title="classfun.h" alt="" coords="909,155,989,181">
<area shape="rect" href="$classini_8h.html" title="classini.h" alt="" coords="811,155,885,181">
<area shape="rect" href="$memalloc_8h.html" title="memalloc.h" alt="" coords="1385,80,1473,107">
<area shape="rect" href="$insfun_8h.html" title="insfun.h" alt="" coords="720,155,787,181">
<area shape="rect" href="$msgcom_8h.html" title="msgcom.h" alt="" coords="1080,80,1163,107">
<area shape="rect" href="$msgfun_8h.html" title="msgfun.h" alt="" coords="981,80,1056,107">
<area shape="rect" href="$prntutil_8h.html" title="prntutil.h" alt="" coords="271,229,343,256">
<area shape="rect" href="$classinf_8h.html" title="classinf.h" alt="" coords="1323,379,1400,405">
<area shape="rect" href="$usrsetup_8h.html" title="usrsetup.h" alt="" coords="115,155,197,181">
<area shape="rect" href="$symbol_8h.html" title="symbol.h" alt="" coords="415,1200,489,1227">
<area shape="rect" href="$expressn_8h.html" title="expressn.h" alt="" coords="632,976,717,1003">
<area shape="rect" href="$evaluatn_8h.html" title="evaluatn.h" alt="" coords="932,901,1012,928">
<area shape="rect" href="$moduldef_8h.html" title="moduldef.h" alt="" coords="356,677,441,704">
<area shape="rect" href="$exprnops_8h.html" title="exprnops.h" alt="" coords="616,1051,701,1077">
<area shape="rect" href="$exprnpsr_8h.html" title="exprnpsr.h" alt="" coords="776,1051,856,1077">
<area shape="rect" href="$extnfunc_8h.html" title="extnfunc.h" alt="" coords="671,1125,753,1152">
<area shape="rect" href="$scanner_8h.html" title="scanner.h" alt="" coords="777,1125,855,1152">
<area shape="rect" href="$userdata_8h.html" title="userdata.h" alt="" coords="861,1200,944,1227">
<area shape="rect" href="$pprint_8h.html" title="pprint.h" alt="" coords="773,1200,837,1227">
<area shape="rect" href="$constant_8h.html" title="constant.h" alt="" coords="931,976,1013,1003">
<area shape="rect" href="$conscomp_8h.html" title="conscomp.h" alt="" coords="496,752,587,779">
<area shape="rect" href="$modulpsr_8h.html" title="modulpsr.h" alt="" coords="451,827,533,853">
<area shape="rect" href="$clipsrules_2core_2utility_8h.html" title="utility.h" alt="" coords="411,752,472,779">
<area shape="rect" href="$constrct_8h.html" title="constrct.h" alt="" coords="712,827,792,853">
<area shape="rect" href="$symblcmp_8h.html" title="symblcmp.h" alt="" coords="336,827,427,853">
<area shape="rect" href="$cstrccom_8h.html" title="cstrccom.h" alt="" coords="395,603,480,629">
<area shape="rect" href="$clipsrules_2core_2object_8h.html" title="object.h" alt="" coords="1073,229,1140,256">
<area shape="rect" href="$match_8h.html" title="match.h" alt="" coords="909,304,976,331">
<area shape="rect" href="$constrnt_8h.html" title="constrnt.h" alt="" coords="1117,603,1197,629">
<area shape="rect" href="$pattern_8h.html" title="pattern.h" alt="" coords="821,379,893,405">
<area shape="rect" href="$network_8h.html" title="network.h" alt="" coords="915,603,992,629">
<area shape="rect" href="$reorder_8h.html" title="reorder.h" alt="" coords="717,453,789,480">
<area shape="rect" href="$ruledef_8h.html" title="ruledef.h" alt="" coords="717,528,789,555">
<area shape="rect" href="$agenda_8h.html" title="agenda.h" alt="" coords="664,603,739,629">
<area shape="rect" href="$msgpass_8h.html" title="msgpass.h" alt="" coords="1064,155,1149,181">
