<area shape="rect" href="$classmdProcess.html" title="mdProcess" alt="" coords="1345,5,1433,32">
<area shape="rect" href="$classListener.html" title="Listener\&lt; mdAttention \&gt;" alt="" coords="1309,56,1469,83">
<area shape="rect" href="$classListener.html" title="Listener\&lt; mdCDPulse \&gt;" alt="" coords="1309,107,1469,133">
<area shape="rect" href="$classListener.html" title="Listener\&lt; mdClientBirth \&gt;" alt="" coords="1305,157,1473,184">
<area shape="rect" href="$classListener.html" title="Listener\&lt; mdClientDeath \&gt;" alt="" coords="1301,208,1477,235">
<area shape="rect" href="$classListener.html" title="Listener\&lt; mdIncoming \&gt;" alt="" coords="1308,259,1471,285">
<area shape="rect" href="$classListener.html" title="Listener\&lt; mdResponse \&gt;" alt="" coords="1305,309,1473,336">
<area shape="rect" href="$classListener.html" title="Listener\&lt; mdTelemetryFrame \&gt;" alt="" coords="1288,360,1491,387">
<area shape="rect" href="$classListener.html" title="Listener\&lt; mdDeviceCommand \&gt;" alt="" coords="1285,411,1493,437">
<area shape="rect" href="$classmasterDaemonConfig.html" title="masterDaemonConfig" alt="" coords="1316,461,1463,488">
<area shape="rect" href="$classmdMachine.html" title="mdMachine" alt="" coords="1087,411,1175,437">
<area shape="rect" href="$classmdDevice.html" title="mdDevice\&lt; mdMachine \&gt;" alt="" coords="725,411,896,437">
<area shape="rect" href="$classmdState.html" title="mdState" alt="" coords="539,437,608,464">
<area shape="rect" href="$classmdDevice.html" title="mdDevice\&lt; mdClientServer \&gt;" alt="" coords="715,461,907,488">
<area shape="rect" href="$classmdObservable.html" title="mdObservable Low level Data Encapsulation." alt="" coords="209,411,313,437">
<area shape="rect" href="$structmdObsPOD.html" title="mdObsPOD" alt="" coords="8,411,99,437">
<area shape="rect" href="$classmdOperationalDataElement.html" title="mdOperationalDataElement" alt="" coords="172,461,351,488">
<area shape="rect" href="$structmdODEPOD.html" title="mdState Root class of Data Model." alt="" coords="5,461,101,488">
<area shape="rect" href="$classmdClientServer.html" title="mdClientServer" alt="" coords="1076,461,1185,488">
<area shape="rect" href="$classmdDGChannel.html" title="mdDGChannel" alt="" coords="1337,512,1441,539">
<area shape="rect" href="$classmdReply.html" title="mdReply" alt="" coords="1095,512,1167,539">
<area shape="rect" href="$structMD__REPLY.html" title="MD_REPLY" alt="" coords="767,513,855,540">
<area shape="rect" href="$structMD__DG__HEADER.html" title="MD_DG_HEADER" alt="" coords="509,540,637,567">
<area shape="rect" href="$structMD__DATAGRAM.html" title="MD_DATAGRAM" alt="" coords="931,565,1051,592">
<area shape="rect" href="$structMD__DG__TYPE.html" title="MD_DG_TYPE" alt="" coords="207,540,316,567">
