<area shape="rect" href="$clipsmm_2clipsmm_8h.html" title="src/include/clipsmm/clipsmm.h" alt="" coords="128,528,328,555">
<area shape="rect" href="$clipsmm_2pointer_8h.html" title="src/include/clipsmm/pointer.h" alt="" coords="97,80,287,107">
<area shape="rect" href="$include_2clipsmm_2object_8h.html" title="src/include/clipsmm/object.h" alt="" coords="689,155,876,181">
<area shape="rect" href="$clipsmm_2environment_8h.html" title="src/include/clipsmm/environment.h" alt="" coords="1080,453,1304,480">
<area shape="rect" href="$clipsmm_2environmentobject_8h.html" title="src/include/clipsmm/environmentobject.h" alt="" coords="769,229,1028,256">
<area shape="rect" href="$object_8cpp.html" title="src/clipsmm/object.cpp" alt="" coords="591,229,745,256">
<area shape="rect" href="$activation_8cpp.html" title="src/clipsmm/activation.cpp" alt="" coords="1856,528,2032,555">
<area shape="rect" href="$defaultfacts_8cpp.html" title="src/clipsmm/defaultfacts.cpp" alt="" coords="531,528,720,555">
<area shape="rect" href="$environment_8cpp.html" title="src/clipsmm/environment.cpp" alt="" coords="1123,528,1315,555">
<area shape="rect" href="$fact_8cpp.html" title="src/clipsmm/fact.cpp" alt="" coords="1523,528,1667,555">
<area shape="rect" href="$factory_8cpp.html" title="src/clipsmm/factory.cpp" alt="" coords="1339,528,1499,555">
<area shape="rect" href="$function_8cpp.html" title="src/clipsmm/function.cpp" alt="" coords="744,528,912,555">
<area shape="rect" href="$global_8cpp.html" title="src/clipsmm/global.cpp" alt="" coords="352,528,507,555">
<area shape="rect" href="$module_8cpp.html" title="src/clipsmm/module.cpp" alt="" coords="936,528,1099,555">
<area shape="rect" href="$rule_8cpp.html" title="src/clipsmm/rule.cpp" alt="" coords="1691,528,1832,555">
<area shape="rect" href="$template_8cpp.html" title="src/clipsmm/template.cpp" alt="" coords="2056,528,2227,555">
<area shape="rect" href="$clipsmm_2activation_8h.html" title="src/include/clipsmm/activation.h" alt="" coords="1537,379,1745,405">
<area shape="rect" href="$clipsmm_2defaultfacts_8h.html" title="src/include/clipsmm/defaultfacts.h" alt="" coords="359,379,577,405">
<area shape="rect" href="$clipsmm_2fact_8h.html" title="src/include/clipsmm/fact.h" alt="" coords="1092,379,1265,405">
<area shape="rect" href="$clipsmm_2function_8h.html" title="src/include/clipsmm/function.h" alt="" coords="601,379,799,405">
<area shape="rect" href="$clipsmm_2global_8h.html" title="src/include/clipsmm/global.h" alt="" coords="148,379,335,405">
<area shape="rect" href="$clipsmm_2module_8h.html" title="src/include/clipsmm/module.h" alt="" coords="873,379,1068,405">
<area shape="rect" href="$clipsmm_2rule_8h.html" title="src/include/clipsmm/rule.h" alt="" coords="1340,379,1513,405">
<area shape="rect" href="$clipsmm_2template_8h.html" title="src/include/clipsmm/template.h" alt="" coords="1187,304,1389,331">
<area shape="rect" href="$environmentobject_8cpp.html" title="src/clipsmm/environmentobject.cpp" alt="" coords="936,304,1163,331">
