<area shape="rect" href="$multifld_8h.html" title="multifld.h" alt="" coords="5,155,80,181">
<area shape="rect" href="$match_8h.html" title="match.h" alt="" coords="363,80,429,107">
<area shape="rect" href="$constrnt_8h.html" title="constrnt.h" alt="" coords="256,379,336,405">
<area shape="rect" href="$constrct_8h.html" title="constrct.h" alt="" coords="395,603,475,629">
<area shape="rect" href="$evaluatn_8h.html" title="evaluatn.h" alt="" coords="209,677,289,704">
<area shape="rect" href="$constant_8h.html" title="constant.h" alt="" coords="139,752,221,779">
<area shape="rect" href="$userdata_8h.html" title="userdata.h" alt="" coords="296,976,379,1003">
<area shape="rect" href="$expressn_8h.html" title="expressn.h" alt="" coords="245,752,331,779">
<area shape="rect" href="$symbol_8h.html" title="symbol.h" alt="" coords="531,976,605,1003">
<area shape="rect" href="$exprnops_8h.html" title="exprnops.h" alt="" coords="139,827,224,853">
<area shape="rect" href="$exprnpsr_8h.html" title="exprnpsr.h" alt="" coords="248,827,328,853">
<area shape="rect" href="$extnfunc_8h.html" title="extnfunc.h" alt="" coords="296,901,379,928">
<area shape="rect" href="$scanner_8h.html" title="scanner.h" alt="" coords="195,901,272,928">
<area shape="rect" href="$pprint_8h.html" title="pprint.h" alt="" coords="201,976,265,1003">
<area shape="rect" href="$pattern_8h.html" title="pattern.h" alt="" coords="360,155,432,181">
<area shape="rect" href="$network_8h.html" title="network.h" alt="" coords="669,379,747,405">
<area shape="rect" href="$reorder_8h.html" title="reorder.h" alt="" coords="360,229,432,256">
<area shape="rect" href="$ruledef_8h.html" title="ruledef.h" alt="" coords="464,304,536,331">
<area shape="rect" href="$cstrccom_8h.html" title="cstrccom.h" alt="" coords="509,379,595,405">
<area shape="rect" href="$conscomp_8h.html" title="conscomp.h" alt="" coords="656,528,747,555">
<area shape="rect" href="$agenda_8h.html" title="agenda.h" alt="" coords="411,379,485,405">
<area shape="rect" href="$moduldef_8h.html" title="moduldef.h" alt="" coords="509,453,595,480">
<area shape="rect" href="$modulpsr_8h.html" title="modulpsr.h" alt="" coords="499,603,581,629">
<area shape="rect" href="$clipsrules_2core_2utility_8h.html" title="utility.h" alt="" coords="496,528,557,555">
<area shape="rect" href="$symblcmp_8h.html" title="symblcmp.h" alt="" coords="656,603,747,629">
