<area shape="rect" href="$clipsmm_2fact_8h.html" title="src/include/clipsmm/fact.h" alt="" coords="215,80,388,107">
<area shape="rect" href="$clipsmm_2clipsmm_8h.html" title="src/include/clipsmm/clipsmm.h" alt="" coords="5,229,205,256">
<area shape="rect" href="$factory_8cpp.html" title="src/clipsmm/factory.cpp" alt="" coords="1944,229,2104,256">
<area shape="rect" href="$clipsmm_2environment_8h.html" title="src/include/clipsmm/environment.h" alt="" coords="896,155,1120,181">
<area shape="rect" href="$fact_8cpp.html" title="src/clipsmm/fact.cpp" alt="" coords="229,229,373,256">
<area shape="rect" href="$activation_8cpp.html" title="src/clipsmm/activation.cpp" alt="" coords="397,229,573,256">
<area shape="rect" href="$defaultfacts_8cpp.html" title="src/clipsmm/defaultfacts.cpp" alt="" coords="597,229,787,256">
<area shape="rect" href="$environment_8cpp.html" title="src/clipsmm/environment.cpp" alt="" coords="811,229,1003,256">
<area shape="rect" href="$function_8cpp.html" title="src/clipsmm/function.cpp" alt="" coords="1027,229,1195,256">
<area shape="rect" href="$global_8cpp.html" title="src/clipsmm/global.cpp" alt="" coords="1219,229,1373,256">
<area shape="rect" href="$module_8cpp.html" title="src/clipsmm/module.cpp" alt="" coords="1397,229,1560,256">
<area shape="rect" href="$rule_8cpp.html" title="src/clipsmm/rule.cpp" alt="" coords="1584,229,1725,256">
<area shape="rect" href="$template_8cpp.html" title="src/clipsmm/template.cpp" alt="" coords="1749,229,1920,256">
