<area shape="rect" href="$pointer_8h.html" title="src/include/pointer.h" alt="" coords="597,80,733,107">
<area shape="rect" href="$clipsmm_8h.html" title="src/include/clipsmm.h" alt="" coords="664,528,811,555">
<area shape="rect" href="$include_2object_8h.html" title="src/include/object.h" alt="" coords="599,155,732,181">
<area shape="rect" href="$environmentobject_8h.html" title="src/include/environmentobject.h" alt="" coords="493,229,699,256">
<area shape="rect" href="$environment_8h.html" title="src/include/environment.h" alt="" coords="652,453,823,480">
<area shape="rect" href="$activation_8h.html" title="src/include/activation.h" alt="" coords="352,379,507,405">
<area shape="rect" href="$defaultfacts_8h.html" title="src/include/defaultfacts.h" alt="" coords="531,379,699,405">
<area shape="rect" href="$fact_8h.html" title="src/include/fact.h" alt="" coords="824,379,944,405">
<area shape="rect" href="$template_8h.html" title="src/include/template.h" alt="" coords="824,304,973,331">
<area shape="rect" href="$function_8h.html" title="src/include/function.h" alt="" coords="1019,379,1163,405">
<area shape="rect" href="$global_8h.html" title="src/include/global.h" alt="" coords="1187,379,1320,405">
<area shape="rect" href="$module_8h.html" title="src/include/module.h" alt="" coords="43,379,184,405">
<area shape="rect" href="$rule_8h.html" title="src/include/rule.h" alt="" coords="208,379,328,405">
