<area shape="rect" href="$clipsmm_2clipsmm-config_8h.html" title="clipsmm&#45;config.h" alt="" coords="5,528,125,555">
<area shape="rect" href="$clipsmm_2activation_8h.html" title="activation.h" alt="" coords="944,229,1032,256">
<area shape="rect" href="$clipsmm_2pointer_8h.html" title="clipsmm/pointer.h" alt="" coords="344,453,467,480">
<area shape="rect" href="$clipsmm_2defaultfacts_8h.html" title="defaultfacts.h" alt="" coords="1096,229,1195,256">
<area shape="rect" href="$clipsmm_2enum_8h.html" title="enum.h" alt="" coords="153,155,217,181">
<area shape="rect" href="$clipsmm_2environment_8h.html" title="environment.h" alt="" coords="1068,80,1172,107">
<area shape="rect" href="$clipsmm_2fact_8h.html" title="clipsmm/fact.h" alt="" coords="1847,155,1953,181">
<area shape="rect" href="$clipsmm_2template_8h.html" title="clipsmm/template.h" alt="" coords="1721,229,1857,256">
<area shape="rect" href="$clipsmm_2value_8h.html" title="clipsmm/value.h" alt="" coords="1692,304,1807,331">
<area shape="rect" href="$clipsmm_2factory_8h.html" title="clipsmm/factory.h" alt="" coords="1932,229,2055,256">
<area shape="rect" href="$clipsmm_2function_8h.html" title="clipsmm/function.h" alt="" coords="524,155,655,181">
<area shape="rect" href="$clipsmm_2global_8h.html" title="clipsmm/global.h" alt="" coords="1324,229,1444,256">
<area shape="rect" href="$clipsmm_2module_8h.html" title="clipsmm/module.h" alt="" coords="241,155,369,181">
<area shape="rect" href="$clipsmm_2rule_8h.html" title="clipsmm/rule.h" alt="" coords="393,155,500,181">
<area shape="rect" href="$include_2clipsmm_2utility_8h.html" title="clipsmm/utility.h" alt="" coords="1708,155,1823,181">
<area shape="rect" href="$clipsmm_2environmentobject_8h.html" title="clipsmm/environmentobject.h" alt="" coords="908,304,1100,331">
<area shape="rect" href="$include_2clipsmm_2object_8h.html" title="clipsmm/object.h" alt="" coords="713,379,833,405">
<area shape="rect" href="$clipsmm_2any_8h.html" title="clipsmm/any.h" alt="" coords="679,155,783,181">
