<area shape="rect" href="$clipsmm_2activation_8h.html" title="src/include/clipsmm/activation.h" alt="" coords="731,155,939,181">
<area shape="rect" href="$clipsmm_2defaultfacts_8h.html" title="src/include/clipsmm/defaultfacts.h" alt="" coords="5,155,224,181">
<area shape="rect" href="$clipsmm_2fact_8h.html" title="src/include/clipsmm/fact.h" alt="" coords="1013,155,1187,181">
<area shape="rect" href="$clipsmm_2function_8h.html" title="src/include/clipsmm/function.h" alt="" coords="459,155,656,181">
<area shape="rect" href="$clipsmm_2global_8h.html" title="src/include/clipsmm/global.h" alt="" coords="248,155,435,181">
<area shape="rect" href="$clipsmm_2module_8h.html" title="src/include/clipsmm/module.h" alt="" coords="1211,155,1405,181">
<area shape="rect" href="$clipsmm_2rule_8h.html" title="src/include/clipsmm/rule.h" alt="" coords="1429,155,1603,181">
<area shape="rect" href="$clipsmm_2template_8h.html" title="src/include/clipsmm/template.h" alt="" coords="872,80,1075,107">
<area shape="rect" href="$environmentobject_8cpp.html" title="src/clipsmm/environmentobject.cpp" alt="" coords="1251,80,1477,107">
<area shape="rect" href="$clipsmm_2clipsmm_8h.html" title="src/include/clipsmm/clipsmm.h" alt="" coords="412,304,612,331">
<area shape="rect" href="$clipsmm_2environment_8h.html" title="src/include/clipsmm/environment.h" alt="" coords="979,229,1203,256">
<area shape="rect" href="$activation_8cpp.html" title="src/clipsmm/activation.cpp" alt="" coords="828,304,1004,331">
<area shape="rect" href="$defaultfacts_8cpp.html" title="src/clipsmm/defaultfacts.cpp" alt="" coords="20,304,209,331">
<area shape="rect" href="$environment_8cpp.html" title="src/clipsmm/environment.cpp" alt="" coords="1028,304,1220,331">
<area shape="rect" href="$fact_8cpp.html" title="src/clipsmm/fact.cpp" alt="" coords="1428,304,1572,331">
<area shape="rect" href="$factory_8cpp.html" title="src/clipsmm/factory.cpp" alt="" coords="1244,304,1404,331">
<area shape="rect" href="$function_8cpp.html" title="src/clipsmm/function.cpp" alt="" coords="636,304,804,331">
<area shape="rect" href="$global_8cpp.html" title="src/clipsmm/global.cpp" alt="" coords="233,304,388,331">
<area shape="rect" href="$module_8cpp.html" title="src/clipsmm/module.cpp" alt="" coords="1596,304,1759,331">
<area shape="rect" href="$rule_8cpp.html" title="src/clipsmm/rule.cpp" alt="" coords="1783,304,1924,331">
<area shape="rect" href="$template_8cpp.html" title="src/clipsmm/template.cpp" alt="" coords="1948,304,2119,331">
