<area shape="rect" href="$xmenu__wind_8c.html" title="src/client/x/xmenu_wind.c" alt="" coords="5,229,176,256">
<area shape="rect" href="$insfun_8h.html" title="src/clipsrules/core/insfun.h" alt="" coords="2821,80,2997,107">
<area shape="rect" href="$inscom_8h.html" title="src/clipsrules/core/inscom.h" alt="" coords="3857,155,4041,181">
<area shape="rect" href="$insfile_8c.html" title="src/clipsrules/core/insfile.c" alt="" coords="4787,229,4963,256">
<area shape="rect" href="$objrtbld_8c.html" title="src/clipsrules/core/objrtbld.c" alt="" coords="5203,229,5387,256">
<area shape="rect" href="$classfun_8h.html" title="src/clipsrules/core/classfun.h" alt="" coords="2393,155,2585,181">
<area shape="rect" href="$classcom_8h.html" title="src/clipsrules/core/classcom.h" alt="" coords="2172,155,2369,181">
<area shape="rect" href="$classini_8h.html" title="src/clipsrules/core/classini.h" alt="" coords="1081,155,1268,181">
<area shape="rect" href="$genrcfun_8h.html" title="src/clipsrules/core/genrcfun.h" alt="" coords="311,155,503,181">
<area shape="rect" href="$defins_8h.html" title="src/clipsrules/core/defins.h" alt="" coords="831,155,1007,181">
<area shape="rect" href="$evaluatn_8c.html" title="src/clipsrules/core/evaluatn.c" alt="" coords="5244,80,5436,107">
<area shape="rect" href="$objbin_8h.html" title="src/clipsrules/core/objbin.h" alt="" coords="3657,155,3833,181">
<area shape="rect" href="$objrtmch_8h.html" title="src/clipsrules/core/objrtmch.h" alt="" coords="4807,80,4999,107">
<area shape="rect" href="$objrtfnx_8h.html" title="src/clipsrules/core/objrtfnx.h" alt="" coords="5143,155,5327,181">
<area shape="rect" href="$insmngr_8h.html" title="src/clipsrules/core/insmngr.h" alt="" coords="4116,155,4303,181">
<area shape="rect" href="$msgcom_8h.html" title="src/clipsrules/core/msgcom.h" alt="" coords="1444,155,1636,181">
<area shape="rect" href="$msgfun_8h.html" title="src/clipsrules/core/msgfun.h" alt="" coords="1761,155,1945,181">
<area shape="rect" href="$msgpass_8h.html" title="src/clipsrules/core/msgpass.h" alt="" coords="1712,80,1907,107">
<area shape="rect" href="$multifld_8c.html" title="src/clipsrules/core/multifld.c" alt="" coords="5460,80,5644,107">
<area shape="rect" href="$multifun_8c.html" title="src/clipsrules/core/multifun.c" alt="" coords="5668,80,5855,107">
<area shape="rect" href="$objcmp_8h.html" title="src/clipsrules/core/objcmp.h" alt="" coords="5879,80,6063,107">
<area shape="rect" href="$prccode_8c.html" title="src/clipsrules/core/prccode.c" alt="" coords="6087,80,6273,107">
<area shape="rect" href="$xclips_8c.html" title="src/client/x/xclips.c" alt="" coords="3139,229,3272,256">
<area shape="rect" href="$argacces_8c.html" title="src/clipsrules/core/argacces.c" alt="" coords="2812,155,3007,181">
<area shape="rect" href="$classexm_8c.html" title="src/clipsrules/core/classexm.c" alt="" coords="811,229,1008,256">
<area shape="rect" href="$classfun_8c.html" title="src/clipsrules/core/classfun.c" alt="" coords="3296,229,3488,256">
<area shape="rect" href="$clips_8h.html" title="src/clipsrules/core/clips.h" alt="" coords="408,229,576,256">
<area shape="rect" href="$cstrnchk_8c.html" title="src/clipsrules/core/cstrnchk.c" alt="" coords="4136,229,4328,256">
<area shape="rect" href="$developr_8c.html" title="src/clipsrules/core/developr.c" alt="" coords="4573,229,4763,256">
<area shape="rect" href="$exprnbin_8c.html" title="src/clipsrules/core/exprnbin.c" alt="" coords="4987,229,5179,256">
<area shape="rect" href="$inscom_8c.html" title="src/clipsrules/core/inscom.c" alt="" coords="2504,229,2688,256">
<area shape="rect" href="$insfun_8c.html" title="src/clipsrules/core/insfun.c" alt="" coords="3723,229,3899,256">
<area shape="rect" href="$insmngr_8c.html" title="src/clipsrules/core/insmngr.c" alt="" coords="3512,229,3699,256">
<area shape="rect" href="$insmoddp_8c.html" title="src/clipsrules/core/insmoddp.c" alt="" coords="4352,229,4549,256">
<area shape="rect" href="$msgpass_8c.html" title="src/clipsrules/core/msgpass.c" alt="" coords="2285,229,2480,256">
<area shape="rect" href="$classinf_8c.html" title="src/clipsrules/core/classinf.c" alt="" coords="600,229,787,256">
<area shape="rect" href="$clsltpsr_8c.html" title="src/clipsrules/core/clsltpsr.c" alt="" coords="2931,229,3115,256">
<area shape="rect" href="$defins_8c.html" title="src/clipsrules/core/defins.c" alt="" coords="1885,229,2061,256">
<area shape="rect" href="$factqury_8c.html" title="src/clipsrules/core/factqury.c" alt="" coords="3031,155,3217,181">
<area shape="rect" href="$genrcexe_8c.html" title="src/clipsrules/core/genrcexe.c" alt="" coords="2712,229,2907,256">
<area shape="rect" href="$insmult_8c.html" title="src/clipsrules/core/insmult.c" alt="" coords="200,229,384,256">
<area shape="rect" href="$insquery_8c.html" title="src/clipsrules/core/insquery.c" alt="" coords="3923,229,4112,256">
<area shape="rect" href="$lgcldpnd_8c.html" title="src/clipsrules/core/lgcldpnd.c" alt="" coords="3241,155,3431,181">
<area shape="rect" href="$msgcom_8c.html" title="src/clipsrules/core/msgcom.c" alt="" coords="1032,229,1224,256">
<area shape="rect" href="$msgfun_8c.html" title="src/clipsrules/core/msgfun.c" alt="" coords="1469,229,1653,256">
<area shape="rect" href="$msgpsr_8c.html" title="src/clipsrules/core/msgpsr.c" alt="" coords="1677,229,1861,256">
<area shape="rect" href="$objbin_8c.html" title="src/clipsrules/core/objbin.c" alt="" coords="2085,229,2261,256">
<area shape="rect" href="$objrtbin_8c.html" title="src/clipsrules/core/objrtbin.c" alt="" coords="4681,155,4865,181">
<area shape="rect" href="$classcom_8c.html" title="src/clipsrules/core/classcom.c" alt="" coords="1248,229,1445,256">
