<area shape="rect" href="$clipsmm_2clipsmm_8h.html" title="src/include/clipsmm/clipsmm.h" alt="" coords="5,453,205,480">
<area shape="rect" href="$include_2clipsmm_2object_8h.html" title="src/include/clipsmm/object.h" alt="" coords="965,80,1152,107">
<area shape="rect" href="$clipsmm_2environment_8h.html" title="src/include/clipsmm/environment.h" alt="" coords="977,379,1201,405">
<area shape="rect" href="$clipsmm_2environmentobject_8h.html" title="src/include/clipsmm/environmentobject.h" alt="" coords="815,155,1073,181">
<area shape="rect" href="$object_8cpp.html" title="src/clipsmm/object.cpp" alt="" coords="1097,155,1252,181">
<area shape="rect" href="$activation_8cpp.html" title="src/clipsmm/activation.cpp" alt="" coords="1568,453,1744,480">
<area shape="rect" href="$defaultfacts_8cpp.html" title="src/clipsmm/defaultfacts.cpp" alt="" coords="408,453,597,480">
<area shape="rect" href="$environment_8cpp.html" title="src/clipsmm/environment.cpp" alt="" coords="1000,453,1192,480">
<area shape="rect" href="$fact_8cpp.html" title="src/clipsmm/fact.cpp" alt="" coords="1400,453,1544,480">
<area shape="rect" href="$factory_8cpp.html" title="src/clipsmm/factory.cpp" alt="" coords="1216,453,1376,480">
<area shape="rect" href="$function_8cpp.html" title="src/clipsmm/function.cpp" alt="" coords="621,453,789,480">
<area shape="rect" href="$global_8cpp.html" title="src/clipsmm/global.cpp" alt="" coords="229,453,384,480">
<area shape="rect" href="$module_8cpp.html" title="src/clipsmm/module.cpp" alt="" coords="813,453,976,480">
<area shape="rect" href="$rule_8cpp.html" title="src/clipsmm/rule.cpp" alt="" coords="1768,453,1909,480">
<area shape="rect" href="$template_8cpp.html" title="src/clipsmm/template.cpp" alt="" coords="1933,453,2104,480">
<area shape="rect" href="$clipsmm_2activation_8h.html" title="src/include/clipsmm/activation.h" alt="" coords="1244,304,1452,331">
<area shape="rect" href="$clipsmm_2defaultfacts_8h.html" title="src/include/clipsmm/defaultfacts.h" alt="" coords="313,304,532,331">
<area shape="rect" href="$clipsmm_2fact_8h.html" title="src/include/clipsmm/fact.h" alt="" coords="996,304,1169,331">
<area shape="rect" href="$clipsmm_2function_8h.html" title="src/include/clipsmm/function.h" alt="" coords="556,304,753,331">
<area shape="rect" href="$clipsmm_2global_8h.html" title="src/include/clipsmm/global.h" alt="" coords="52,304,239,331">
<area shape="rect" href="$clipsmm_2module_8h.html" title="src/include/clipsmm/module.h" alt="" coords="777,304,972,331">
<area shape="rect" href="$clipsmm_2rule_8h.html" title="src/include/clipsmm/rule.h" alt="" coords="1476,304,1649,331">
<area shape="rect" href="$clipsmm_2template_8h.html" title="src/include/clipsmm/template.h" alt="" coords="981,229,1184,256">
<area shape="rect" href="$environmentobject_8cpp.html" title="src/clipsmm/environmentobject.cpp" alt="" coords="1259,229,1485,256">
