<area shape="rect" href="$clipsmm_2clipsmm_8h.html" title="src/include/clipsmm/clipsmm.h" alt="" coords="5,155,205,181">
<area shape="rect" href="$clipsmm_2environment_8h.html" title="src/include/clipsmm/environment.h" alt="" coords="907,80,1131,107">
<area shape="rect" href="$activation_8cpp.html" title="src/clipsmm/activation.cpp" alt="" coords="229,155,405,181">
<area shape="rect" href="$defaultfacts_8cpp.html" title="src/clipsmm/defaultfacts.cpp" alt="" coords="429,155,619,181">
<area shape="rect" href="$environment_8cpp.html" title="src/clipsmm/environment.cpp" alt="" coords="643,155,835,181">
<area shape="rect" href="$fact_8cpp.html" title="src/clipsmm/fact.cpp" alt="" coords="859,155,1003,181">
<area shape="rect" href="$factory_8cpp.html" title="src/clipsmm/factory.cpp" alt="" coords="1027,155,1187,181">
<area shape="rect" href="$function_8cpp.html" title="src/clipsmm/function.cpp" alt="" coords="1211,155,1379,181">
<area shape="rect" href="$global_8cpp.html" title="src/clipsmm/global.cpp" alt="" coords="1403,155,1557,181">
<area shape="rect" href="$module_8cpp.html" title="src/clipsmm/module.cpp" alt="" coords="1581,155,1744,181">
<area shape="rect" href="$rule_8cpp.html" title="src/clipsmm/rule.cpp" alt="" coords="1768,155,1909,181">
<area shape="rect" href="$template_8cpp.html" title="src/clipsmm/template.cpp" alt="" coords="1933,155,2104,181">
