<area shape="rect" href="$clipsmm_2factory_8h.html" title="src/include/clipsmm/factory.h" alt="" coords="213,80,405,107">
<area shape="rect" href="$clipsmm_2clipsmm_8h.html" title="src/include/clipsmm/clipsmm.h" alt="" coords="5,304,205,331">
<area shape="rect" href="$clipsmm_2global_8h.html" title="src/include/clipsmm/global.h" alt="" coords="752,155,939,181">
<area shape="rect" href="$clipsmm_2template_8h.html" title="src/include/clipsmm/template.h" alt="" coords="429,80,632,107">
<area shape="rect" href="$value_8cpp.html" title="src/clipsmm/value.cpp" alt="" coords="707,80,859,107">
<area shape="rect" href="$clipsmm_2fact_8h.html" title="src/include/clipsmm/fact.h" alt="" coords="399,155,572,181">
<area shape="rect" href="$factory_8cpp.html" title="src/clipsmm/factory.cpp" alt="" coords="229,304,389,331">
<area shape="rect" href="$clipsmm_2environment_8h.html" title="src/include/clipsmm/environment.h" alt="" coords="751,229,975,256">
<area shape="rect" href="$fact_8cpp.html" title="src/clipsmm/fact.cpp" alt="" coords="413,304,557,331">
<area shape="rect" href="$activation_8cpp.html" title="src/clipsmm/activation.cpp" alt="" coords="1341,304,1517,331">
<area shape="rect" href="$defaultfacts_8cpp.html" title="src/clipsmm/defaultfacts.cpp" alt="" coords="1541,304,1731,331">
<area shape="rect" href="$environment_8cpp.html" title="src/clipsmm/environment.cpp" alt="" coords="581,304,773,331">
<area shape="rect" href="$function_8cpp.html" title="src/clipsmm/function.cpp" alt="" coords="797,304,965,331">
<area shape="rect" href="$global_8cpp.html" title="src/clipsmm/global.cpp" alt="" coords="1755,304,1909,331">
<area shape="rect" href="$module_8cpp.html" title="src/clipsmm/module.cpp" alt="" coords="989,304,1152,331">
<area shape="rect" href="$rule_8cpp.html" title="src/clipsmm/rule.cpp" alt="" coords="1176,304,1317,331">
<area shape="rect" href="$template_8cpp.html" title="src/clipsmm/template.cpp" alt="" coords="1933,304,2104,331">
