<area shape="rect" href="$setup_8h.html" title="setup.h" alt="" coords="1131,80,1195,107">
<area shape="rect" href="$envrnmnt_8h.html" title="envrnmnt.h" alt="" coords="1195,155,1280,181">
<area shape="rect" href="$classcom_8h.html" title="classcom.h" alt="" coords="728,80,816,107">
<area shape="rect" href="$scanner_8h.html" title="scanner.h" alt="" coords="5,1051,83,1077">
<area shape="rect" href="$classfun_8h.html" title="classfun.h" alt="" coords="624,80,704,107">
<area shape="rect" href="$cstrnchk_8h.html" title="cstrnchk.h" alt="" coords="811,229,893,256">
<area shape="rect" href="$cstrnpsr_8h.html" title="cstrnpsr.h" alt="" coords="912,379,989,405">
<area shape="rect" href="$cstrnutl_8h.html" title="cstrnutl.h" alt="" coords="1115,453,1189,480">
<area shape="rect" href="$default_8h.html" title="default.h" alt="" coords="968,229,1040,256">
<area shape="rect" href="$insfun_8h.html" title="insfun.h" alt="" coords="533,80,600,107">
<area shape="rect" href="$memalloc_8h.html" title="memalloc.h" alt="" coords="144,80,232,107">
<area shape="rect" href="$prntutil_8h.html" title="prntutil.h" alt="" coords="992,155,1064,181">
<area shape="rect" href="$router_8h.html" title="router.h" alt="" coords="992,80,1056,107">
<area shape="rect" href="$clsltpsr_8h.html" title="clsltpsr.h" alt="" coords="1355,80,1427,107">
<area shape="rect" href="$usrsetup_8h.html" title="usrsetup.h" alt="" coords="1088,155,1171,181">
<area shape="rect" href="$symbol_8h.html" title="symbol.h" alt="" coords="597,1125,672,1152">
<area shape="rect" href="$cstrccom_8h.html" title="cstrccom.h" alt="" coords="723,528,808,555">
<area shape="rect" href="$clipsrules_2core_2object_8h.html" title="object.h" alt="" coords="551,155,617,181">
<area shape="rect" href="$moduldef_8h.html" title="moduldef.h" alt="" coords="723,603,808,629">
<area shape="rect" href="$conscomp_8h.html" title="conscomp.h" alt="" coords="515,677,605,704">
<area shape="rect" href="$modulpsr_8h.html" title="modulpsr.h" alt="" coords="596,752,679,779">
<area shape="rect" href="$clipsrules_2core_2utility_8h.html" title="utility.h" alt="" coords="805,677,867,704">
<area shape="rect" href="$constrct_8h.html" title="constrct.h" alt="" coords="441,752,521,779">
<area shape="rect" href="$extnfunc_8h.html" title="extnfunc.h" alt="" coords="433,1051,516,1077">
<area shape="rect" href="$symblcmp_8h.html" title="symblcmp.h" alt="" coords="753,752,844,779">
<area shape="rect" href="$userdata_8h.html" title="userdata.h" alt="" coords="355,1125,437,1152">
<area shape="rect" href="$evaluatn_8h.html" title="evaluatn.h" alt="" coords="364,827,444,853">
<area shape="rect" href="$constant_8h.html" title="constant.h" alt="" coords="388,901,471,928">
<area shape="rect" href="$expressn_8h.html" title="expressn.h" alt="" coords="196,901,281,928">
<area shape="rect" href="$exprnops_8h.html" title="exprnops.h" alt="" coords="169,976,255,1003">
<area shape="rect" href="$exprnpsr_8h.html" title="exprnpsr.h" alt="" coords="279,976,359,1003">
<area shape="rect" href="$pprint_8h.html" title="pprint.h" alt="" coords="12,1125,76,1152">
<area shape="rect" href="$multifld_8h.html" title="multifld.h" alt="" coords="171,304,245,331">
<area shape="rect" href="$match_8h.html" title="match.h" alt="" coords="551,229,617,256">
<area shape="rect" href="$constrnt_8h.html" title="constrnt.h" alt="" coords="883,528,963,555">
<area shape="rect" href="$pattern_8h.html" title="pattern.h" alt="" coords="488,304,560,331">
<area shape="rect" href="$network_8h.html" title="network.h" alt="" coords="571,528,648,555">
<area shape="rect" href="$reorder_8h.html" title="reorder.h" alt="" coords="423,379,495,405">
<area shape="rect" href="$ruledef_8h.html" title="ruledef.h" alt="" coords="488,453,560,480">
<area shape="rect" href="$agenda_8h.html" title="agenda.h" alt="" coords="421,528,496,555">
