<area shape="rect" href="$setup_8h.html" title="setup.h" alt="" coords="120,80,184,107">
<area shape="rect" href="$envrnmnt_8h.html" title="envrnmnt.h" alt="" coords="149,155,235,181">
<area shape="rect" href="$symbol_8h.html" title="symbol.h" alt="" coords="725,976,800,1003">
<area shape="rect" href="$memalloc_8h.html" title="memalloc.h" alt="" coords="2083,80,2171,107">
<area shape="rect" href="$constant_8h.html" title="constant.h" alt="" coords="1565,976,1648,1003">
<area shape="rect" href="$exprnpsr_8h.html" title="exprnpsr.h" alt="" coords="453,827,533,853">
<area shape="rect" href="$cstrccom_8h.html" title="cstrccom.h" alt="" coords="635,603,720,629">
<area shape="rect" href="$conscomp_8h.html" title="conscomp.h" alt="" coords="557,752,648,779">
<area shape="rect" href="$constrct_8h.html" title="constrct.h" alt="" coords="723,827,803,853">
<area shape="rect" href="$clipsrules_2core_2utility_8h.html" title="utility.h" alt="" coords="912,752,973,779">
<area shape="rect" href="$argacces_8h.html" title="argacces.h" alt="" coords="1771,603,1856,629">
<area shape="rect" href="$cstrncmp_8h.html" title="cstrncmp.h" alt="" coords="1312,528,1397,555">
<area shape="rect" href="$router_8h.html" title="router.h" alt="" coords="621,229,685,256">
<area shape="rect" href="$sysdep_8h.html" title="sysdep.h" alt="" coords="1781,827,1856,853">
<area shape="rect" href="$modulcmp_8h.html" title="modulcmp.h" alt="" coords="1403,603,1493,629">
<area shape="rect" href="$network_8h.html" title="network.h" alt="" coords="949,229,1027,256">
<area shape="rect" href="$dffnxcmp_8h.html" title="dffnxcmp.h" alt="" coords="411,379,496,405">
<area shape="rect" href="$tmpltcmp_8h.html" title="tmpltcmp.h" alt="" coords="2195,80,2280,107">
<area shape="rect" href="$globlcmp_8h.html" title="globlcmp.h" alt="" coords="2304,80,2387,107">
<area shape="rect" href="$genrccmp_8h.html" title="genrccmp.h" alt="" coords="1564,80,1652,107">
<area shape="rect" href="$objcmp_8h.html" title="objcmp.h" alt="" coords="1165,155,1240,181">
<area shape="rect" href="$usrsetup_8h.html" title="usrsetup.h" alt="" coords="43,155,125,181">
<area shape="rect" href="$extnfunc_8h.html" title="extnfunc.h" alt="" coords="864,901,947,928">
<area shape="rect" href="$scanner_8h.html" title="scanner.h" alt="" coords="455,901,532,928">
<area shape="rect" href="$userdata_8h.html" title="userdata.h" alt="" coords="943,976,1025,1003">
<area shape="rect" href="$expressn_8h.html" title="expressn.h" alt="" coords="1069,976,1155,1003">
<area shape="rect" href="$exprnops_8h.html" title="exprnops.h" alt="" coords="1069,1051,1155,1077">
<area shape="rect" href="$pprint_8h.html" title="pprint.h" alt="" coords="461,976,525,1003">
<area shape="rect" href="$moduldef_8h.html" title="moduldef.h" alt="" coords="845,677,931,704">
<area shape="rect" href="$modulpsr_8h.html" title="modulpsr.h" alt="" coords="805,752,888,779">
<area shape="rect" href="$symblcmp_8h.html" title="symblcmp.h" alt="" coords="557,827,648,853">
<area shape="rect" href="$evaluatn_8h.html" title="evaluatn.h" alt="" coords="1072,901,1152,928">
<area shape="rect" href="$constrnt_8h.html" title="constrnt.h" alt="" coords="1045,603,1125,629">
<area shape="rect" href="$prntutil_8h.html" title="prntutil.h" alt="" coords="672,304,744,331">
<area shape="rect" href="$match_8h.html" title="match.h" alt="" coords="955,304,1021,331">
<area shape="rect" href="$ruledef_8h.html" title="ruledef.h" alt="" coords="797,528,869,555">
<area shape="rect" href="$pattern_8h.html" title="pattern.h" alt="" coords="1096,379,1168,405">
<area shape="rect" href="$reorder_8h.html" title="reorder.h" alt="" coords="1096,453,1168,480">
<area shape="rect" href="$agenda_8h.html" title="agenda.h" alt="" coords="845,603,920,629">
<area shape="rect" href="$dffnxfun_8h.html" title="dffnxfun.h" alt="" coords="411,528,488,555">
<area shape="rect" href="$genrcfun_8h.html" title="genrcfun.h" alt="" coords="1437,155,1520,181">
<area shape="rect" href="$clipsrules_2core_2object_8h.html" title="object.h" alt="" coords="1091,229,1157,256">
<area shape="rect" href="$multifld_8h.html" title="multifld.h" alt="" coords="1243,453,1317,480">
