<area shape="rect" href="$setup_8h.html" title="setup.h" alt="" coords="124,80,188,107">
<area shape="rect" href="$envrnmnt_8h.html" title="envrnmnt.h" alt="" coords="5,155,91,181">
<area shape="rect" href="$constant_8h.html" title="constant.h" alt="" coords="1156,528,1239,555">
<area shape="rect" href="$memalloc_8h.html" title="memalloc.h" alt="" coords="1571,80,1659,107">
<area shape="rect" href="$router_8h.html" title="router.h" alt="" coords="504,80,568,107">
<area shape="rect" href="$moduldef_8h.html" title="moduldef.h" alt="" coords="457,229,543,256">
<area shape="rect" href="$constrct_8h.html" title="constrct.h" alt="" coords="741,379,821,405">
<area shape="rect" href="$exprnpsr_8h.html" title="exprnpsr.h" alt="" coords="1172,603,1252,629">
<area shape="rect" href="$scanner_8h.html" title="scanner.h" alt="" coords="1304,677,1381,704">
<area shape="rect" href="$clipsrules_2core_2utility_8h.html" title="utility.h" alt="" coords="323,304,384,331">
<area shape="rect" href="$watch_8h.html" title="watch.h" alt="" coords="667,229,733,256">
<area shape="rect" href="$prcdrfun_8h.html" title="prcdrfun.h" alt="" coords="1167,229,1247,256">
<area shape="rect" href="$prcdrpsr_8h.html" title="prcdrpsr.h" alt="" coords="1109,80,1187,107">
<area shape="rect" href="$argacces_8h.html" title="argacces.h" alt="" coords="699,155,784,181">
<area shape="rect" href="$multifld_8h.html" title="multifld.h" alt="" coords="1271,229,1345,256">
<area shape="rect" href="$sysdep_8h.html" title="sysdep.h" alt="" coords="173,379,248,405">
<area shape="rect" href="$commline_8h.html" title="commline.h" alt="" coords="1683,80,1771,107">
<area shape="rect" href="$ruledef_8h.html" title="ruledef.h" alt="" coords="963,80,1035,107">
<area shape="rect" href="$usrsetup_8h.html" title="usrsetup.h" alt="" coords="115,155,197,181">
<area shape="rect" href="$symbol_8h.html" title="symbol.h" alt="" coords="423,752,497,779">
<area shape="rect" href="$prntutil_8h.html" title="prntutil.h" alt="" coords="443,155,515,181">
<area shape="rect" href="$conscomp_8h.html" title="conscomp.h" alt="" coords="565,304,656,331">
<area shape="rect" href="$modulpsr_8h.html" title="modulpsr.h" alt="" coords="459,304,541,331">
<area shape="rect" href="$extnfunc_8h.html" title="extnfunc.h" alt="" coords="703,677,785,704">
<area shape="rect" href="$symblcmp_8h.html" title="symblcmp.h" alt="" coords="424,379,515,405">
<area shape="rect" href="$userdata_8h.html" title="userdata.h" alt="" coords="781,752,864,779">
<area shape="rect" href="$evaluatn_8h.html" title="evaluatn.h" alt="" coords="999,453,1079,480">
<area shape="rect" href="$expressn_8h.html" title="expressn.h" alt="" coords="700,528,785,555">
<area shape="rect" href="$exprnops_8h.html" title="exprnops.h" alt="" coords="649,603,735,629">
<area shape="rect" href="$pprint_8h.html" title="pprint.h" alt="" coords="1311,752,1375,779">
<area shape="rect" href="$constrnt_8h.html" title="constrnt.h" alt="" coords="1160,155,1240,181">
<area shape="rect" href="$cstrccom_8h.html" title="cstrccom.h" alt="" coords="539,155,624,181">
<area shape="rect" href="$network_8h.html" title="network.h" alt="" coords="960,155,1037,181">
<area shape="rect" href="$agenda_8h.html" title="agenda.h" alt="" coords="1061,155,1136,181">
<area shape="rect" href="$match_8h.html" title="match.h" alt="" coords="1000,229,1067,256">
<area shape="rect" href="$pattern_8h.html" title="pattern.h" alt="" coords="997,304,1069,331">
<area shape="rect" href="$reorder_8h.html" title="reorder.h" alt="" coords="947,379,1019,405">
