<area shape="rect" href="$xclips_8c.html" title="src/client/x/xclips.c" alt="" coords="5,80,139,107">
<area shape="rect" href="$xmenu__opt_8c.html" title="src/client/x/xmenu_opt.c" alt="" coords="163,80,325,107">
<area shape="rect" href="$agenda_8c.html" title="src/clipsrules/core/agenda.c" alt="" coords="349,80,533,107">
<area shape="rect" href="$clips_8h.html" title="src/clipsrules/core/clips.h" alt="" coords="557,80,725,107">
<area shape="rect" href="$crstrtgy_8c.html" title="src/clipsrules/core/crstrtgy.c" alt="" coords="749,80,933,107">
<area shape="rect" href="$rulecom_8c.html" title="src/clipsrules/core/rulecom.c" alt="" coords="957,80,1144,107">
<area shape="rect" href="$xedit_8c.html" title="src/client/x/xedit.c" alt="" coords="291,155,419,181">
<area shape="rect" href="$cmptblty_8h.html" title="src/clipsrules/core/cmptblty.h" alt="" coords="443,155,635,181">
<area shape="rect" href="$main_8c.html" title="src/clipsrules/core/main.c" alt="" coords="659,155,829,181">
<area shape="rect" href="$userfunctions_8c.html" title="src/clipsrules/core/userfunctions.c" alt="" coords="853,155,1072,181">
