<area shape="rect" href="$agenda_8h.html" title="agenda.h" alt="" coords="193,80,268,107">
<area shape="rect" href="$symbol_8h.html" title="symbol.h" alt="" coords="484,827,559,853">
<area shape="rect" href="$ruledef_8h.html" title="ruledef.h" alt="" coords="195,155,267,181">
<area shape="rect" href="$match_8h.html" title="match.h" alt="" coords="145,304,212,331">
<area shape="rect" href="$constrnt_8h.html" title="constrnt.h" alt="" coords="236,304,316,331">
<area shape="rect" href="$cstrccom_8h.html" title="cstrccom.h" alt="" coords="353,229,439,256">
<area shape="rect" href="$conscomp_8h.html" title="conscomp.h" alt="" coords="565,379,656,405">
<area shape="rect" href="$network_8h.html" title="network.h" alt="" coords="151,229,228,256">
<area shape="rect" href="$evaluatn_8h.html" title="evaluatn.h" alt="" coords="189,528,269,555">
<area shape="rect" href="$constant_8h.html" title="constant.h" alt="" coords="213,603,296,629">
<area shape="rect" href="$userdata_8h.html" title="userdata.h" alt="" coords="275,827,357,853">
<area shape="rect" href="$expressn_8h.html" title="expressn.h" alt="" coords="104,603,189,629">
<area shape="rect" href="$exprnops_8h.html" title="exprnops.h" alt="" coords="104,677,189,704">
<area shape="rect" href="$exprnpsr_8h.html" title="exprnpsr.h" alt="" coords="213,677,293,704">
<area shape="rect" href="$extnfunc_8h.html" title="extnfunc.h" alt="" coords="275,752,357,779">
<area shape="rect" href="$scanner_8h.html" title="scanner.h" alt="" coords="173,752,251,779">
<area shape="rect" href="$pprint_8h.html" title="pprint.h" alt="" coords="180,827,244,853">
<area shape="rect" href="$moduldef_8h.html" title="moduldef.h" alt="" coords="393,304,479,331">
<area shape="rect" href="$modulpsr_8h.html" title="modulpsr.h" alt="" coords="459,453,541,480">
<area shape="rect" href="$clipsrules_2core_2utility_8h.html" title="utility.h" alt="" coords="405,379,467,405">
<area shape="rect" href="$constrct_8h.html" title="constrct.h" alt="" coords="355,453,435,480">
<area shape="rect" href="$symblcmp_8h.html" title="symblcmp.h" alt="" coords="565,453,656,480">
<area shape="rect" href="$pattern_8h.html" title="pattern.h" alt="" coords="152,379,224,405">
<area shape="rect" href="$reorder_8h.html" title="reorder.h" alt="" coords="5,453,77,480">
