<area shape="rect" href="$setup_8h.html" title="setup.h" alt="" coords="249,80,313,107">
<area shape="rect" href="$envrnmnt_8h.html" title="envrnmnt.h" alt="" coords="131,155,216,181">
<area shape="rect" href="$constant_8h.html" title="constant.h" alt="" coords="771,528,853,555">
<area shape="rect" href="$memalloc_8h.html" title="memalloc.h" alt="" coords="55,80,143,107">
<area shape="rect" href="$router_8h.html" title="router.h" alt="" coords="535,80,599,107">
<area shape="rect" href="$extnfunc_8h.html" title="extnfunc.h" alt="" coords="743,677,825,704">
<area shape="rect" href="$scanner_8h.html" title="scanner.h" alt="" coords="1159,677,1236,704">
<area shape="rect" href="$multifld_8h.html" title="multifld.h" alt="" coords="1027,229,1101,256">
<area shape="rect" href="$constrnt_8h.html" title="constrnt.h" alt="" coords="839,155,919,181">
<area shape="rect" href="$cstrnchk_8h.html" title="cstrnchk.h" alt="" coords="837,80,920,107">
<area shape="rect" href="$cstrnutl_8h.html" title="cstrnutl.h" alt="" coords="623,80,697,107">
<area shape="rect" href="$cstrnops_8h.html" title="cstrnops.h" alt="" coords="944,80,1027,107">
<area shape="rect" href="$usrsetup_8h.html" title="usrsetup.h" alt="" coords="240,155,323,181">
<area shape="rect" href="$symbol_8h.html" title="symbol.h" alt="" coords="516,752,591,779">
<area shape="rect" href="$prntutil_8h.html" title="prntutil.h" alt="" coords="531,155,603,181">
<area shape="rect" href="$moduldef_8h.html" title="moduldef.h" alt="" coords="524,229,609,256">
<area shape="rect" href="$conscomp_8h.html" title="conscomp.h" alt="" coords="688,304,779,331">
<area shape="rect" href="$modulpsr_8h.html" title="modulpsr.h" alt="" coords="613,379,696,405">
<area shape="rect" href="$clipsrules_2core_2utility_8h.html" title="utility.h" alt="" coords="603,304,664,331">
<area shape="rect" href="$constrct_8h.html" title="constrct.h" alt="" coords="771,379,851,405">
<area shape="rect" href="$symblcmp_8h.html" title="symblcmp.h" alt="" coords="499,379,589,405">
<area shape="rect" href="$userdata_8h.html" title="userdata.h" alt="" coords="743,752,825,779">
<area shape="rect" href="$evaluatn_8h.html" title="evaluatn.h" alt="" coords="925,453,1005,480">
<area shape="rect" href="$expressn_8h.html" title="expressn.h" alt="" coords="928,528,1013,555">
<area shape="rect" href="$exprnops_8h.html" title="exprnops.h" alt="" coords="844,603,929,629">
<area shape="rect" href="$exprnpsr_8h.html" title="exprnpsr.h" alt="" coords="1004,603,1084,629">
<area shape="rect" href="$pprint_8h.html" title="pprint.h" alt="" coords="1165,752,1229,779">
