<area shape="rect" href="$analysis_8c.html" title="src/clipsrules/core/analysis.c" alt="" coords="5,80,195,107">
<area shape="rect" href="$clsltpsr_8c.html" title="src/clipsrules/core/clsltpsr.c" alt="" coords="219,80,403,107">
<area shape="rect" href="$cstrnchk_8c.html" title="src/clipsrules/core/cstrnchk.c" alt="" coords="427,80,619,107">
<area shape="rect" href="$cstrnops_8c.html" title="src/clipsrules/core/cstrnops.c" alt="" coords="643,80,835,107">
<area shape="rect" href="$cstrnpsr_8c.html" title="src/clipsrules/core/cstrnpsr.c" alt="" coords="859,80,1045,107">
<area shape="rect" href="$cstrnutl_8c.html" title="src/clipsrules/core/cstrnutl.c" alt="" coords="1069,80,1253,107">
<area shape="rect" href="$default_8c.html" title="src/clipsrules/core/default.c" alt="" coords="1277,80,1459,107">
<area shape="rect" href="$exprnops_8c.html" title="src/clipsrules/core/exprnops.c" alt="" coords="1483,80,1677,107">
<area shape="rect" href="$immthpsr_8c.html" title="src/clipsrules/core/immthpsr.c" alt="" coords="1701,80,1896,107">
<area shape="rect" href="$objrtbld_8c.html" title="src/clipsrules/core/objrtbld.c" alt="" coords="1920,80,2104,107">
<area shape="rect" href="$pattern_8c.html" title="src/clipsrules/core/pattern.c" alt="" coords="2128,80,2309,107">
<area shape="rect" href="$prcdrpsr_8c.html" title="src/clipsrules/core/prcdrpsr.c" alt="" coords="2333,80,2520,107">
<area shape="rect" href="$reorder_8c.html" title="src/clipsrules/core/reorder.c" alt="" coords="2544,80,2725,107">
<area shape="rect" href="$rulecstr_8c.html" title="src/clipsrules/core/rulecstr.c" alt="" coords="2749,80,2933,107">
<area shape="rect" href="$tmpltpsr_8c.html" title="src/clipsrules/core/tmpltpsr.c" alt="" coords="2957,80,3144,107">
