<area shape="rect" href="$setup_8h.html" title="setup.h" alt="" coords="241,80,305,107">
<area shape="rect" href="$envrnmnt_8h.html" title="envrnmnt.h" alt="" coords="123,155,208,181">
<area shape="rect" href="$constant_8h.html" title="constant.h" alt="" coords="1131,528,1213,555">
<area shape="rect" href="$memalloc_8h.html" title="memalloc.h" alt="" coords="1256,80,1344,107">
<area shape="rect" href="$router_8h.html" title="router.h" alt="" coords="613,80,677,107">
<area shape="rect" href="$bload_8h.html" title="bload.h" alt="" coords="389,304,453,331">
<area shape="rect" href="$bsave_8h.html" title="bsave.h" alt="" coords="248,379,315,405">
<area shape="rect" href="$cstrnbin_8h.html" title="cstrnbin.h" alt="" coords="988,304,1065,331">
<area shape="rect" href="$usrsetup_8h.html" title="usrsetup.h" alt="" coords="232,155,315,181">
<area shape="rect" href="$symbol_8h.html" title="symbol.h" alt="" coords="629,752,704,779">
<area shape="rect" href="$prntutil_8h.html" title="prntutil.h" alt="" coords="636,155,708,181">
<area shape="rect" href="$moduldef_8h.html" title="moduldef.h" alt="" coords="655,229,740,256">
<area shape="rect" href="$conscomp_8h.html" title="conscomp.h" alt="" coords="652,304,743,331">
<area shape="rect" href="$modulpsr_8h.html" title="modulpsr.h" alt="" coords="767,304,849,331">
<area shape="rect" href="$clipsrules_2core_2utility_8h.html" title="utility.h" alt="" coords="443,379,504,405">
<area shape="rect" href="$constrct_8h.html" title="constrct.h" alt="" coords="896,379,976,405">
<area shape="rect" href="$extnfunc_8h.html" title="extnfunc.h" alt="" coords="665,677,748,704">
<area shape="rect" href="$symblcmp_8h.html" title="symblcmp.h" alt="" coords="579,379,669,405">
<area shape="rect" href="$userdata_8h.html" title="userdata.h" alt="" coords="919,752,1001,779">
<area shape="rect" href="$evaluatn_8h.html" title="evaluatn.h" alt="" coords="979,453,1059,480">
<area shape="rect" href="$expressn_8h.html" title="expressn.h" alt="" coords="436,528,521,555">
<area shape="rect" href="$exprnops_8h.html" title="exprnops.h" alt="" coords="351,603,436,629">
<area shape="rect" href="$exprnpsr_8h.html" title="exprnpsr.h" alt="" coords="460,603,540,629">
<area shape="rect" href="$scanner_8h.html" title="scanner.h" alt="" coords="107,677,184,704">
<area shape="rect" href="$pprint_8h.html" title="pprint.h" alt="" coords="113,752,177,779">
<area shape="rect" href="$exprnbin_8h.html" title="exprnbin.h" alt="" coords="339,379,419,405">
<area shape="rect" href="$sysdep_8h.html" title="sysdep.h" alt="" coords="149,379,224,405">
<area shape="rect" href="$symblbin_8h.html" title="symblbin.h" alt="" coords="43,379,125,405">
<area shape="rect" href="$constrnt_8h.html" title="constrnt.h" alt="" coords="1101,379,1181,405">
