<area shape="rect" href="$evaluatn_8h.html" title="evaluatn.h" alt="" coords="141,304,221,331">
<area shape="rect" href="$constrct_8h.html" title="constrct.h" alt="" coords="205,80,285,107">
<area shape="rect" href="$constant_8h.html" title="constant.h" alt="" coords="235,379,317,405">
<area shape="rect" href="$userdata_8h.html" title="userdata.h" alt="" coords="9,603,92,629">
<area shape="rect" href="$expressn_8h.html" title="expressn.h" alt="" coords="125,379,211,405">
<area shape="rect" href="$symbol_8h.html" title="symbol.h" alt="" coords="435,603,509,629">
<area shape="rect" href="$exprnops_8h.html" title="exprnops.h" alt="" coords="197,453,283,480">
<area shape="rect" href="$exprnpsr_8h.html" title="exprnpsr.h" alt="" coords="93,453,173,480">
<area shape="rect" href="$extnfunc_8h.html" title="extnfunc.h" alt="" coords="251,528,333,555">
<area shape="rect" href="$scanner_8h.html" title="scanner.h" alt="" coords="100,528,177,555">
<area shape="rect" href="$pprint_8h.html" title="pprint.h" alt="" coords="116,603,180,629">
<area shape="rect" href="$moduldef_8h.html" title="moduldef.h" alt="" coords="267,155,352,181">
<area shape="rect" href="$conscomp_8h.html" title="conscomp.h" alt="" coords="461,229,552,256">
<area shape="rect" href="$modulpsr_8h.html" title="modulpsr.h" alt="" coords="219,229,301,256">
<area shape="rect" href="$clipsrules_2core_2utility_8h.html" title="utility.h" alt="" coords="325,229,387,256">
<area shape="rect" href="$symblcmp_8h.html" title="symblcmp.h" alt="" coords="461,304,552,331">
