<area shape="rect" href="$xclips_8c.html" title="src/client/x/xclips.c" alt="" coords="15,80,148,107">
<area shape="rect" href="$xmenu__wind_8c.html" title="src/client/x/xmenu_wind.c" alt="" coords="172,80,343,107">
<area shape="rect" href="$classini_8c.html" title="src/clipsrules/core/classini.c" alt="" coords="367,80,553,107">
<area shape="rect" href="$clips_8h.html" title="src/clipsrules/core/clips.h" alt="" coords="577,80,745,107">
<area shape="rect" href="$dfinsbin_8h.html" title="src/clipsrules/core/dfinsbin.h" alt="" coords="820,80,1007,107">
<area shape="rect" href="$defins_8c.html" title="src/clipsrules/core/defins.c" alt="" coords="811,155,987,181">
<area shape="rect" href="$dfinsbin_8c.html" title="src/clipsrules/core/dfinsbin.c" alt="" coords="1011,155,1197,181">
<area shape="rect" href="$dfinscmp_8c.html" title="src/clipsrules/core/dfinscmp.c" alt="" coords="1081,80,1276,107">
<area shape="rect" href="$xedit_8c.html" title="src/client/x/xedit.c" alt="" coords="5,155,133,181">
<area shape="rect" href="$cmptblty_8h.html" title="src/clipsrules/core/cmptblty.h" alt="" coords="157,155,349,181">
<area shape="rect" href="$main_8c.html" title="src/clipsrules/core/main.c" alt="" coords="373,155,544,181">
<area shape="rect" href="$userfunctions_8c.html" title="src/clipsrules/core/userfunctions.c" alt="" coords="568,155,787,181">
