<area shape="rect" href="$md__device_8h.html" title="md_device.h" alt="" coords="1475,80,1571,107">
<area shape="rect" href="$Listener_8cpp.html" title="../server/Listener.cpp" alt="" coords="2253,80,2397,107">
<area shape="rect" href="$EventSender_8cpp.html" title="../server/EventSender.cpp" alt="" coords="2421,80,2592,107">
<area shape="rect" href="$telemetry_8h.html" title="telemetry.h" alt="" coords="3027,80,3112,107">
<area shape="rect" href="$Listener_8h.html" title="Listener.h" alt="" coords="2171,229,2248,256">
<area shape="rect" href="$EventSender_8h.html" title="EventSender.h" alt="" coords="2363,155,2469,181">
<area shape="rect" href="$PolymorphEvent_8h.html" title="PolymorphEvent.h" alt="" coords="1561,229,1689,256">
<area shape="rect" href="$TimeStampedEvent_8h.html" title="TimeStampedEvent.h" alt="" coords="1293,155,1440,181">
<area shape="rect" href="$mdcommon_8h.html" title="mdcommon.h" alt="" coords="1688,155,1787,181">
<area shape="rect" href="$EventFWD_8h.html" title="EventFWD.h" alt="" coords="2323,229,2419,256">
<area shape="rect" href="$IllegalSendError_8h.html" title="IllegalSendError.h" alt="" coords="2555,229,2677,256">
