<area shape="rect" href="$setup_8h.html" title="setup.h" alt="" coords="1295,80,1359,107">
<area shape="rect" href="$envrnmnt_8h.html" title="envrnmnt.h" alt="" coords="1397,155,1483,181">
<area shape="rect" href="$memalloc_8h.html" title="memalloc.h" alt="" coords="5,80,93,107">
<area shape="rect" href="$router_8h.html" title="router.h" alt="" coords="1140,229,1204,256">
<area shape="rect" href="$cstrcpsr_8h.html" title="cstrcpsr.h" alt="" coords="143,752,220,779">
<area shape="rect" href="$factrhs_8h.html" title="factrhs.h" alt="" coords="929,80,1001,107">
<area shape="rect" href="$bload_8h.html" title="bload.h" alt="" coords="1428,752,1492,779">
<area shape="rect" href="$dffctdef_8h.html" title="dffctdef.h" alt="" coords="1064,528,1139,555">
<area shape="rect" href="$dffctbsc_8h.html" title="dffctbsc.h" alt="" coords="67,379,144,405">
<area shape="rect" href="$dffctpsr_8h.html" title="dffctpsr.h" alt="" coords="1433,80,1508,107">
<area shape="rect" href="$usrsetup_8h.html" title="usrsetup.h" alt="" coords="1291,155,1373,181">
<area shape="rect" href="$symbol_8h.html" title="symbol.h" alt="" coords="1124,1200,1199,1227">
<area shape="rect" href="$prntutil_8h.html" title="prntutil.h" alt="" coords="1140,453,1212,480">
<area shape="rect" href="$moduldef_8h.html" title="moduldef.h" alt="" coords="1131,677,1216,704">
<area shape="rect" href="$conscomp_8h.html" title="conscomp.h" alt="" coords="883,752,973,779">
<area shape="rect" href="$modulpsr_8h.html" title="modulpsr.h" alt="" coords="1155,752,1237,779">
<area shape="rect" href="$clipsrules_2core_2utility_8h.html" title="utility.h" alt="" coords="1296,827,1357,853">
<area shape="rect" href="$constrct_8h.html" title="constrct.h" alt="" coords="824,827,904,853">
<area shape="rect" href="$extnfunc_8h.html" title="extnfunc.h" alt="" coords="869,1125,952,1152">
<area shape="rect" href="$symblcmp_8h.html" title="symblcmp.h" alt="" coords="1029,827,1120,853">
<area shape="rect" href="$userdata_8h.html" title="userdata.h" alt="" coords="609,1200,692,1227">
<area shape="rect" href="$evaluatn_8h.html" title="evaluatn.h" alt="" coords="428,901,508,928">
<area shape="rect" href="$constant_8h.html" title="constant.h" alt="" coords="505,976,588,1003">
<area shape="rect" href="$expressn_8h.html" title="expressn.h" alt="" coords="769,976,855,1003">
<area shape="rect" href="$exprnops_8h.html" title="exprnops.h" alt="" coords="868,1051,953,1077">
<area shape="rect" href="$exprnpsr_8h.html" title="exprnpsr.h" alt="" coords="713,1051,793,1077">
<area shape="rect" href="$scanner_8h.html" title="scanner.h" alt="" coords="739,1125,816,1152">
<area shape="rect" href="$pprint_8h.html" title="pprint.h" alt="" coords="745,1200,809,1227">
<area shape="rect" href="$factmngr_8h.html" title="factmngr.h" alt="" coords="391,155,473,181">
<area shape="rect" href="$facthsh_8h.html" title="facthsh.h" alt="" coords="281,229,356,256">
<area shape="rect" href="$multifld_8h.html" title="multifld.h" alt="" coords="219,304,293,331">
<area shape="rect" href="$tmpltdef_8h.html" title="tmpltdef.h" alt="" coords="431,229,511,256">
<area shape="rect" href="$pattern_8h.html" title="pattern.h" alt="" coords="413,379,485,405">
<area shape="rect" href="$factbld_8h.html" title="factbld.h" alt="" coords="459,304,531,331">
<area shape="rect" href="$constrnt_8h.html" title="constrnt.h" alt="" coords="269,603,349,629">
<area shape="rect" href="$reorder_8h.html" title="reorder.h" alt="" coords="600,453,672,480">
<area shape="rect" href="$match_8h.html" title="match.h" alt="" coords="503,677,569,704">
<area shape="rect" href="$ruledef_8h.html" title="ruledef.h" alt="" coords="600,528,672,555">
<area shape="rect" href="$cstrccom_8h.html" title="cstrccom.h" alt="" coords="1003,603,1088,629">
<area shape="rect" href="$network_8h.html" title="network.h" alt="" coords="597,603,675,629">
<area shape="rect" href="$agenda_8h.html" title="agenda.h" alt="" coords="499,603,573,629">
<area shape="rect" href="$exprnbin_8h.html" title="exprnbin.h" alt="" coords="1381,827,1461,853">
<area shape="rect" href="$sysdep_8h.html" title="sysdep.h" alt="" coords="1643,827,1717,853">
<area shape="rect" href="$symblbin_8h.html" title="symblbin.h" alt="" coords="1536,827,1619,853">
