<area shape="rect" href="$setup_8h.html" title="setup.h" alt="" coords="869,80,933,107">
<area shape="rect" href="$envrnmnt_8h.html" title="envrnmnt.h" alt="" coords="967,155,1052,181">
<area shape="rect" href="$memalloc_8h.html" title="memalloc.h" alt="" coords="152,80,240,107">
<area shape="rect" href="$dffctdef_8h.html" title="dffctdef.h" alt="" coords="633,80,708,107">
<area shape="rect" href="$moduldef_8h.html" title="moduldef.h" alt="" coords="628,304,713,331">
<area shape="rect" href="$bload_8h.html" title="bload.h" alt="" coords="369,304,433,331">
<area shape="rect" href="$bsave_8h.html" title="bsave.h" alt="" coords="117,379,184,405">
<area shape="rect" href="$dffctbin_8h.html" title="dffctbin.h" alt="" coords="451,80,525,107">
<area shape="rect" href="$usrsetup_8h.html" title="usrsetup.h" alt="" coords="860,155,943,181">
<area shape="rect" href="$symbol_8h.html" title="symbol.h" alt="" coords="556,752,631,779">
<area shape="rect" href="$conscomp_8h.html" title="conscomp.h" alt="" coords="745,155,836,181">
<area shape="rect" href="$cstrccom_8h.html" title="cstrccom.h" alt="" coords="628,229,713,256">
<area shape="rect" href="$constrct_8h.html" title="constrct.h" alt="" coords="788,229,868,256">
<area shape="rect" href="$extnfunc_8h.html" title="extnfunc.h" alt="" coords="448,677,531,704">
<area shape="rect" href="$symblcmp_8h.html" title="symblcmp.h" alt="" coords="864,379,955,405">
<area shape="rect" href="$userdata_8h.html" title="userdata.h" alt="" coords="785,752,868,779">
<area shape="rect" href="$evaluatn_8h.html" title="evaluatn.h" alt="" coords="657,453,737,480">
<area shape="rect" href="$modulpsr_8h.html" title="modulpsr.h" alt="" coords="656,379,739,405">
<area shape="rect" href="$clipsrules_2core_2utility_8h.html" title="utility.h" alt="" coords="520,379,581,405">
<area shape="rect" href="$constant_8h.html" title="constant.h" alt="" coords="656,528,739,555">
<area shape="rect" href="$expressn_8h.html" title="expressn.h" alt="" coords="347,528,432,555">
<area shape="rect" href="$exprnops_8h.html" title="exprnops.h" alt="" coords="240,603,325,629">
<area shape="rect" href="$exprnpsr_8h.html" title="exprnpsr.h" alt="" coords="349,603,429,629">
<area shape="rect" href="$scanner_8h.html" title="scanner.h" alt="" coords="88,677,165,704">
<area shape="rect" href="$pprint_8h.html" title="pprint.h" alt="" coords="95,752,159,779">
<area shape="rect" href="$exprnbin_8h.html" title="exprnbin.h" alt="" coords="365,379,445,405">
<area shape="rect" href="$sysdep_8h.html" title="sysdep.h" alt="" coords="19,379,93,405">
<area shape="rect" href="$symblbin_8h.html" title="symblbin.h" alt="" coords="208,379,291,405">
<area shape="rect" href="$modulbin_8h.html" title="modulbin.h" alt="" coords="448,229,531,256">
<area shape="rect" href="$cstrcbin_8h.html" title="cstrcbin.h" alt="" coords="476,155,553,181">
