<area shape="rect" href="$modulbin_8h.html" title="modulbin.h" alt="" coords="185,80,268,107">
<area shape="rect" href="$cstrcbin_8h.html" title="cstrcbin.h" alt="" coords="5,155,83,181">
<area shape="rect" href="$moduldef_8h.html" title="moduldef.h" alt="" coords="203,155,288,181">
<area shape="rect" href="$conscomp_8h.html" title="conscomp.h" alt="" coords="200,229,291,256">
<area shape="rect" href="$modulpsr_8h.html" title="modulpsr.h" alt="" coords="299,304,381,331">
<area shape="rect" href="$clipsrules_2core_2utility_8h.html" title="utility.h" alt="" coords="64,229,125,256">
<area shape="rect" href="$constrct_8h.html" title="constrct.h" alt="" coords="39,304,119,331">
<area shape="rect" href="$extnfunc_8h.html" title="extnfunc.h" alt="" coords="157,603,240,629">
<area shape="rect" href="$symblcmp_8h.html" title="symblcmp.h" alt="" coords="564,304,655,331">
<area shape="rect" href="$userdata_8h.html" title="userdata.h" alt="" coords="67,677,149,704">
<area shape="rect" href="$evaluatn_8h.html" title="evaluatn.h" alt="" coords="273,379,353,405">
<area shape="rect" href="$symbol_8h.html" title="symbol.h" alt="" coords="487,677,561,704">
<area shape="rect" href="$constant_8h.html" title="constant.h" alt="" coords="353,453,436,480">
<area shape="rect" href="$expressn_8h.html" title="expressn.h" alt="" coords="244,453,329,480">
<area shape="rect" href="$exprnops_8h.html" title="exprnops.h" alt="" coords="351,528,436,555">
<area shape="rect" href="$exprnpsr_8h.html" title="exprnpsr.h" alt="" coords="247,528,327,555">
<area shape="rect" href="$scanner_8h.html" title="scanner.h" alt="" coords="264,603,341,629">
<area shape="rect" href="$pprint_8h.html" title="pprint.h" alt="" coords="271,677,335,704">
