<area shape="rect" href="$xclips_8c.html" title="src/client/x/xclips.c" alt="" coords="5,80,139,107">
<area shape="rect" href="$xmenu__wind_8c.html" title="src/client/x/xmenu_wind.c" alt="" coords="163,80,333,107">
<area shape="rect" href="$clips_8h.html" title="src/clipsrules/core/clips.h" alt="" coords="357,80,525,107">
<area shape="rect" href="$dffctbin_8c.html" title="src/clipsrules/core/dffctbin.c" alt="" coords="549,80,733,107">
<area shape="rect" href="$dffctbsc_8c.html" title="src/clipsrules/core/dffctbsc.c" alt="" coords="757,80,944,107">
<area shape="rect" href="$dffctcmp_8c.html" title="src/clipsrules/core/dffctcmp.c" alt="" coords="968,80,1160,107">
<area shape="rect" href="$dffctdef_8c.html" title="src/clipsrules/core/dffctdef.c" alt="" coords="1184,80,1368,107">
<area shape="rect" href="$dffctpsr_8c.html" title="src/clipsrules/core/dffctpsr.c" alt="" coords="1392,80,1576,107">
<area shape="rect" href="$exprnbin_8c.html" title="src/clipsrules/core/exprnbin.c" alt="" coords="1600,80,1792,107">
<area shape="rect" href="$sysdep_8c.html" title="src/clipsrules/core/sysdep.c" alt="" coords="1816,80,2000,107">
<area shape="rect" href="$xedit_8c.html" title="src/client/x/xedit.c" alt="" coords="91,155,219,181">
<area shape="rect" href="$cmptblty_8h.html" title="src/clipsrules/core/cmptblty.h" alt="" coords="243,155,435,181">
<area shape="rect" href="$main_8c.html" title="src/clipsrules/core/main.c" alt="" coords="459,155,629,181">
<area shape="rect" href="$userfunctions_8c.html" title="src/clipsrules/core/userfunctions.c" alt="" coords="653,155,872,181">
