<area shape="rect" href="$cstrccom_8h.html" title="cstrccom.h" alt="" coords="367,80,452,107">
<area shape="rect" href="$conscomp_8h.html" title="conscomp.h" alt="" coords="248,229,339,256">
<area shape="rect" href="$moduldef_8h.html" title="moduldef.h" alt="" coords="401,155,487,181">
<area shape="rect" href="$modulpsr_8h.html" title="modulpsr.h" alt="" coords="445,304,528,331">
<area shape="rect" href="$clipsrules_2core_2utility_8h.html" title="utility.h" alt="" coords="413,229,475,256">
<area shape="rect" href="$constrct_8h.html" title="constrct.h" alt="" coords="336,304,416,331">
<area shape="rect" href="$extnfunc_8h.html" title="extnfunc.h" alt="" coords="275,603,357,629">
<area shape="rect" href="$symblcmp_8h.html" title="symblcmp.h" alt="" coords="552,304,643,331">
<area shape="rect" href="$userdata_8h.html" title="userdata.h" alt="" coords="5,677,88,704">
<area shape="rect" href="$evaluatn_8h.html" title="evaluatn.h" alt="" coords="356,379,436,405">
<area shape="rect" href="$symbol_8h.html" title="symbol.h" alt="" coords="459,677,533,704">
<area shape="rect" href="$constant_8h.html" title="constant.h" alt="" coords="325,453,408,480">
<area shape="rect" href="$expressn_8h.html" title="expressn.h" alt="" coords="165,453,251,480">
<area shape="rect" href="$exprnops_8h.html" title="exprnops.h" alt="" coords="193,528,279,555">
<area shape="rect" href="$exprnpsr_8h.html" title="exprnpsr.h" alt="" coords="89,528,169,555">
<area shape="rect" href="$scanner_8h.html" title="scanner.h" alt="" coords="100,603,177,629">
<area shape="rect" href="$pprint_8h.html" title="pprint.h" alt="" coords="112,677,176,704">
