<area shape="rect" href="$setup_8h.html" title="setup.h" alt="" coords="548,80,612,107">
<area shape="rect" href="$envrnmnt_8h.html" title="envrnmnt.h" alt="" coords="645,155,731,181">
<area shape="rect" href="$conscomp_8h.html" title="conscomp.h" alt="" coords="349,229,440,256">
<area shape="rect" href="$dffnxcmp_8h.html" title="dffnxcmp.h" alt="" coords="436,80,521,107">
<area shape="rect" href="$usrsetup_8h.html" title="usrsetup.h" alt="" coords="539,155,621,181">
<area shape="rect" href="$symbol_8h.html" title="symbol.h" alt="" coords="409,827,484,853">
<area shape="rect" href="$constrct_8h.html" title="constrct.h" alt="" coords="275,304,355,331">
<area shape="rect" href="$extnfunc_8h.html" title="extnfunc.h" alt="" coords="93,752,176,779">
<area shape="rect" href="$symblcmp_8h.html" title="symblcmp.h" alt="" coords="528,379,619,405">
<area shape="rect" href="$userdata_8h.html" title="userdata.h" alt="" coords="15,827,97,853">
<area shape="rect" href="$moduldef_8h.html" title="moduldef.h" alt="" coords="352,379,437,405">
<area shape="rect" href="$evaluatn_8h.html" title="evaluatn.h" alt="" coords="224,528,304,555">
<area shape="rect" href="$modulpsr_8h.html" title="modulpsr.h" alt="" coords="352,453,435,480">
<area shape="rect" href="$clipsrules_2core_2utility_8h.html" title="utility.h" alt="" coords="459,453,520,480">
<area shape="rect" href="$constant_8h.html" title="constant.h" alt="" coords="301,603,384,629">
<area shape="rect" href="$expressn_8h.html" title="expressn.h" alt="" coords="141,603,227,629">
<area shape="rect" href="$exprnops_8h.html" title="exprnops.h" alt="" coords="248,677,333,704">
<area shape="rect" href="$exprnpsr_8h.html" title="exprnpsr.h" alt="" coords="144,677,224,704">
<area shape="rect" href="$scanner_8h.html" title="scanner.h" alt="" coords="200,752,277,779">
<area shape="rect" href="$pprint_8h.html" title="pprint.h" alt="" coords="207,827,271,853">
<area shape="rect" href="$dffnxfun_8h.html" title="dffnxfun.h" alt="" coords="437,155,515,181">
<area shape="rect" href="$cstrccom_8h.html" title="cstrccom.h" alt="" coords="481,304,567,331">
