<area shape="rect" href="$setup_8h.html" title="setup.h" alt="" coords="699,80,763,107">
<area shape="rect" href="$envrnmnt_8h.html" title="envrnmnt.h" alt="" coords="796,155,881,181">
<area shape="rect" href="$bload_8h.html" title="bload.h" alt="" coords="216,379,280,405">
<area shape="rect" href="$bsave_8h.html" title="bsave.h" alt="" coords="451,453,517,480">
<area shape="rect" href="$memalloc_8h.html" title="memalloc.h" alt="" coords="943,80,1031,107">
<area shape="rect" href="$cstrcbin_8h.html" title="cstrcbin.h" alt="" coords="839,80,916,107">
<area shape="rect" href="$modulbin_8h.html" title="modulbin.h" alt="" coords="509,229,592,256">
<area shape="rect" href="$dffnxbin_8h.html" title="dffnxbin.h" alt="" coords="592,80,669,107">
<area shape="rect" href="$usrsetup_8h.html" title="usrsetup.h" alt="" coords="689,155,772,181">
<area shape="rect" href="$symbol_8h.html" title="symbol.h" alt="" coords="656,752,731,779">
<area shape="rect" href="$exprnbin_8h.html" title="exprnbin.h" alt="" coords="261,453,341,480">
<area shape="rect" href="$extnfunc_8h.html" title="extnfunc.h" alt="" coords="548,677,631,704">
<area shape="rect" href="$sysdep_8h.html" title="sysdep.h" alt="" coords="5,453,80,480">
<area shape="rect" href="$symblbin_8h.html" title="symblbin.h" alt="" coords="155,453,237,480">
<area shape="rect" href="$clipsrules_2core_2utility_8h.html" title="utility.h" alt="" coords="365,453,427,480">
<area shape="rect" href="$expressn_8h.html" title="expressn.h" alt="" coords="441,528,527,555">
<area shape="rect" href="$exprnops_8h.html" title="exprnops.h" alt="" coords="340,603,425,629">
<area shape="rect" href="$exprnpsr_8h.html" title="exprnpsr.h" alt="" coords="449,603,529,629">
<area shape="rect" href="$scanner_8h.html" title="scanner.h" alt="" coords="447,677,524,704">
<area shape="rect" href="$userdata_8h.html" title="userdata.h" alt="" coords="987,752,1069,779">
<area shape="rect" href="$pprint_8h.html" title="pprint.h" alt="" coords="453,752,517,779">
<area shape="rect" href="$constrct_8h.html" title="constrct.h" alt="" coords="881,229,961,256">
<area shape="rect" href="$moduldef_8h.html" title="moduldef.h" alt="" coords="585,304,671,331">
<area shape="rect" href="$evaluatn_8h.html" title="evaluatn.h" alt="" coords="859,453,939,480">
<area shape="rect" href="$conscomp_8h.html" title="conscomp.h" alt="" coords="693,379,784,405">
<area shape="rect" href="$modulpsr_8h.html" title="modulpsr.h" alt="" coords="587,379,669,405">
<area shape="rect" href="$symblcmp_8h.html" title="symblcmp.h" alt="" coords="693,453,784,480">
<area shape="rect" href="$constant_8h.html" title="constant.h" alt="" coords="857,528,940,555">
<area shape="rect" href="$dffnxfun_8h.html" title="dffnxfun.h" alt="" coords="588,155,665,181">
<area shape="rect" href="$cstrccom_8h.html" title="cstrccom.h" alt="" coords="616,229,701,256">
