<area shape="rect" href="$setup_8h.html" title="setup.h" alt="" coords="312,80,376,107">
<area shape="rect" href="$envrnmnt_8h.html" title="envrnmnt.h" alt="" coords="193,155,279,181">
<area shape="rect" href="$constrct_8h.html" title="constrct.h" alt="" coords="289,229,369,256">
<area shape="rect" href="$clipsrules_2core_2utility_8h.html" title="utility.h" alt="" coords="632,379,693,405">
<area shape="rect" href="$prcdrfun_8h.html" title="prcdrfun.h" alt="" coords="751,304,831,331">
<area shape="rect" href="$prccode_8h.html" title="prccode.h" alt="" coords="708,229,785,256">
<area shape="rect" href="$proflfun_8h.html" title="proflfun.h" alt="" coords="709,80,784,107">
<area shape="rect" href="$router_8h.html" title="router.h" alt="" coords="565,155,629,181">
<area shape="rect" href="$watch_8h.html" title="watch.h" alt="" coords="956,304,1023,331">
<area shape="rect" href="$dffnxexe_8h.html" title="dffnxexe.h" alt="" coords="468,80,548,107">
<area shape="rect" href="$usrsetup_8h.html" title="usrsetup.h" alt="" coords="303,155,385,181">
<area shape="rect" href="$symbol_8h.html" title="symbol.h" alt="" coords="277,528,352,555">
<area shape="rect" href="$userdata_8h.html" title="userdata.h" alt="" coords="471,528,553,555">
<area shape="rect" href="$moduldef_8h.html" title="moduldef.h" alt="" coords="524,304,609,331">
<area shape="rect" href="$evaluatn_8h.html" title="evaluatn.h" alt="" coords="561,453,641,480">
<area shape="rect" href="$conscomp_8h.html" title="conscomp.h" alt="" coords="360,379,451,405">
<area shape="rect" href="$modulpsr_8h.html" title="modulpsr.h" alt="" coords="525,379,608,405">
<area shape="rect" href="$symblcmp_8h.html" title="symblcmp.h" alt="" coords="43,453,133,480">
<area shape="rect" href="$extnfunc_8h.html" title="extnfunc.h" alt="" coords="411,453,493,480">
<area shape="rect" href="$expressn_8h.html" title="expressn.h" alt="" coords="684,528,769,555">
<area shape="rect" href="$exprnops_8h.html" title="exprnops.h" alt="" coords="684,603,769,629">
<area shape="rect" href="$exprnpsr_8h.html" title="exprnpsr.h" alt="" coords="487,603,567,629">
<area shape="rect" href="$scanner_8h.html" title="scanner.h" alt="" coords="488,677,565,704">
<area shape="rect" href="$pprint_8h.html" title="pprint.h" alt="" coords="495,752,559,779">
<area shape="rect" href="$constant_8h.html" title="constant.h" alt="" coords="577,528,660,555">
<area shape="rect" href="$prntutil_8h.html" title="prntutil.h" alt="" coords="561,229,633,256">
<area shape="rect" href="$dffnxfun_8h.html" title="dffnxfun.h" alt="" coords="460,155,537,181">
<area shape="rect" href="$cstrccom_8h.html" title="cstrccom.h" alt="" coords="452,229,537,256">
