<area shape="rect" href="$xclips_8c.html" title="src/client/x/xclips.c" alt="" coords="255,80,388,107">
<area shape="rect" href="$xmenu__wind_8c.html" title="src/client/x/xmenu_wind.c" alt="" coords="412,80,583,107">
<area shape="rect" href="$clips_8h.html" title="src/clipsrules/core/clips.h" alt="" coords="607,80,775,107">
<area shape="rect" href="$dffnxcmp_8h.html" title="src/clipsrules/core/dffnxcmp.h" alt="" coords="1012,80,1207,107">
<area shape="rect" href="$dffnxfun_8c.html" title="src/clipsrules/core/dffnxfun.c" alt="" coords="1256,155,1443,181">
<area shape="rect" href="$dffnxbin_8h.html" title="src/clipsrules/core/dffnxbin.h" alt="" coords="1281,80,1468,107">
<area shape="rect" href="$dffnxexe_8h.html" title="src/clipsrules/core/dffnxexe.h" alt="" coords="1492,80,1684,107">
<area shape="rect" href="$dffnxpsr_8c.html" title="src/clipsrules/core/dffnxpsr.c" alt="" coords="1708,80,1895,107">
<area shape="rect" href="$evaluatn_8c.html" title="src/clipsrules/core/evaluatn.c" alt="" coords="1919,80,2111,107">
<area shape="rect" href="$exprnpsr_8c.html" title="src/clipsrules/core/exprnpsr.c" alt="" coords="2135,80,2327,107">
<area shape="rect" href="$genrcpsr_8c.html" title="src/clipsrules/core/genrcpsr.c" alt="" coords="2351,80,2543,107">
<area shape="rect" href="$miscfun_8c.html" title="src/clipsrules/core/miscfun.c" alt="" coords="2567,80,2753,107">
<area shape="rect" href="$proflfun_8c.html" title="src/clipsrules/core/proflfun.c" alt="" coords="2777,80,2961,107">
<area shape="rect" href="$sortfun_8c.html" title="src/clipsrules/core/sortfun.c" alt="" coords="2985,80,3167,107">
<area shape="rect" href="$sysdep_8c.html" title="src/clipsrules/core/sysdep.c" alt="" coords="3191,80,3375,107">
<area shape="rect" href="$xedit_8c.html" title="src/client/x/xedit.c" alt="" coords="443,155,571,181">
<area shape="rect" href="$cmptblty_8h.html" title="src/clipsrules/core/cmptblty.h" alt="" coords="595,155,787,181">
<area shape="rect" href="$main_8c.html" title="src/clipsrules/core/main.c" alt="" coords="5,155,176,181">
<area shape="rect" href="$userfunctions_8c.html" title="src/clipsrules/core/userfunctions.c" alt="" coords="200,155,419,181">
<area shape="rect" href="$conscomp_8c.html" title="src/clipsrules/core/conscomp.c" alt="" coords="811,155,1013,181">
<area shape="rect" href="$dffnxcmp_8c.html" title="src/clipsrules/core/dffnxcmp.c" alt="" coords="1037,155,1232,181">
<area shape="rect" href="$dffnxbin_8c.html" title="src/clipsrules/core/dffnxbin.c" alt="" coords="1467,155,1653,181">
<area shape="rect" href="$exprnbin_8c.html" title="src/clipsrules/core/exprnbin.c" alt="" coords="1677,155,1869,181">
<area shape="rect" href="$dffnxexe_8c.html" title="src/clipsrules/core/dffnxexe.c" alt="" coords="1893,155,2085,181">
