<area shape="rect" href="$setup_8h.html" title="setup.h" alt="" coords="124,80,188,107">
<area shape="rect" href="$envrnmnt_8h.html" title="envrnmnt.h" alt="" coords="5,155,91,181">
<area shape="rect" href="$conscomp_8h.html" title="conscomp.h" alt="" coords="200,528,291,555">
<area shape="rect" href="$defins_8h.html" title="defins.h" alt="" coords="272,80,339,107">
<area shape="rect" href="$dfinscmp_8h.html" title="dfinscmp.h" alt="" coords="363,80,448,107">
<area shape="rect" href="$usrsetup_8h.html" title="usrsetup.h" alt="" coords="115,155,197,181">
<area shape="rect" href="$symbol_8h.html" title="symbol.h" alt="" coords="235,1125,309,1152">
<area shape="rect" href="$constrct_8h.html" title="constrct.h" alt="" coords="504,603,584,629">
<area shape="rect" href="$extnfunc_8h.html" title="extnfunc.h" alt="" coords="441,1051,524,1077">
<area shape="rect" href="$symblcmp_8h.html" title="symblcmp.h" alt="" coords="89,677,180,704">
<area shape="rect" href="$userdata_8h.html" title="userdata.h" alt="" coords="683,1125,765,1152">
<area shape="rect" href="$moduldef_8h.html" title="moduldef.h" alt="" coords="365,677,451,704">
<area shape="rect" href="$evaluatn_8h.html" title="evaluatn.h" alt="" coords="752,827,832,853">
<area shape="rect" href="$modulpsr_8h.html" title="modulpsr.h" alt="" coords="333,752,416,779">
<area shape="rect" href="$clipsrules_2core_2utility_8h.html" title="utility.h" alt="" coords="440,752,501,779">
<area shape="rect" href="$constant_8h.html" title="constant.h" alt="" coords="751,901,833,928">
<area shape="rect" href="$expressn_8h.html" title="expressn.h" alt="" coords="503,901,588,928">
<area shape="rect" href="$exprnops_8h.html" title="exprnops.h" alt="" coords="385,976,471,1003">
<area shape="rect" href="$exprnpsr_8h.html" title="exprnpsr.h" alt="" coords="545,976,625,1003">
<area shape="rect" href="$scanner_8h.html" title="scanner.h" alt="" coords="599,1051,676,1077">
<area shape="rect" href="$pprint_8h.html" title="pprint.h" alt="" coords="595,1125,659,1152">
<area shape="rect" href="$cstrccom_8h.html" title="cstrccom.h" alt="" coords="365,528,451,555">
<area shape="rect" href="$clipsrules_2core_2object_8h.html" title="object.h" alt="" coords="683,155,749,181">
<area shape="rect" href="$multifld_8h.html" title="multifld.h" alt="" coords="968,304,1043,331">
<area shape="rect" href="$match_8h.html" title="match.h" alt="" coords="683,229,749,256">
<area shape="rect" href="$constrnt_8h.html" title="constrnt.h" alt="" coords="525,528,605,555">
<area shape="rect" href="$pattern_8h.html" title="pattern.h" alt="" coords="551,304,623,331">
<area shape="rect" href="$network_8h.html" title="network.h" alt="" coords="728,528,805,555">
<area shape="rect" href="$reorder_8h.html" title="reorder.h" alt="" coords="551,379,623,405">
<area shape="rect" href="$ruledef_8h.html" title="ruledef.h" alt="" coords="551,453,623,480">
<area shape="rect" href="$agenda_8h.html" title="agenda.h" alt="" coords="629,528,704,555">
