<area shape="rect" href="$clips_8h.html" title="src/clipsrules/core/clips.h" alt="" coords="272,80,440,107">
<area shape="rect" href="$drive_8c.html" title="src/clipsrules/core/drive.c" alt="" coords="464,80,635,107">
<area shape="rect" href="$factmch_8c.html" title="src/clipsrules/core/factmch.c" alt="" coords="659,80,848,107">
<area shape="rect" href="$factmngr_8c.html" title="src/clipsrules/core/factmngr.c" alt="" coords="872,80,1064,107">
<area shape="rect" href="$factrete_8c.html" title="src/clipsrules/core/factrete.c" alt="" coords="1088,80,1275,107">
<area shape="rect" href="$incrrset_8c.html" title="src/clipsrules/core/incrrset.c" alt="" coords="1299,80,1483,107">
<area shape="rect" href="$insfun_8c.html" title="src/clipsrules/core/insfun.c" alt="" coords="1507,80,1683,107">
<area shape="rect" href="$insmngr_8c.html" title="src/clipsrules/core/insmngr.c" alt="" coords="1707,80,1893,107">
<area shape="rect" href="$objrtbld_8c.html" title="src/clipsrules/core/objrtbld.c" alt="" coords="1917,80,2101,107">
<area shape="rect" href="$objrtfnx_8c.html" title="src/clipsrules/core/objrtfnx.c" alt="" coords="2125,80,2309,107">
<area shape="rect" href="$objrtmch_8c.html" title="src/clipsrules/core/objrtmch.c" alt="" coords="2333,80,2525,107">
<area shape="rect" href="$reteutil_8c.html" title="src/clipsrules/core/reteutil.c" alt="" coords="2549,80,2731,107">
<area shape="rect" href="$retract_8c.html" title="src/clipsrules/core/retract.c" alt="" coords="2755,80,2933,107">
<area shape="rect" href="$rulebld_8c.html" title="src/clipsrules/core/rulebld.c" alt="" coords="2957,80,3136,107">
<area shape="rect" href="$rulebsc_8c.html" title="src/clipsrules/core/rulebsc.c" alt="" coords="3160,80,3344,107">
<area shape="rect" href="$ruledef_8c.html" title="src/clipsrules/core/ruledef.c" alt="" coords="3368,80,3549,107">
<area shape="rect" href="$ruledlt_8c.html" title="src/clipsrules/core/ruledlt.c" alt="" coords="3573,80,3749,107">
<area shape="rect" href="$strngfun_8c.html" title="src/clipsrules/core/strngfun.c" alt="" coords="3773,80,3963,107">
<area shape="rect" href="$xedit_8c.html" title="src/client/x/xedit.c" alt="" coords="5,155,133,181">
<area shape="rect" href="$cmptblty_8h.html" title="src/clipsrules/core/cmptblty.h" alt="" coords="157,155,349,181">
<area shape="rect" href="$main_8c.html" title="src/clipsrules/core/main.c" alt="" coords="373,155,544,181">
<area shape="rect" href="$userfunctions_8c.html" title="src/clipsrules/core/userfunctions.c" alt="" coords="568,155,787,181">
