<area shape="rect" href="$setup_8h.html" title="setup.h" alt="" coords="931,80,995,107">
<area shape="rect" href="$envrnmnt_8h.html" title="envrnmnt.h" alt="" coords="1028,155,1113,181">
<area shape="rect" href="$agenda_8h.html" title="agenda.h" alt="" coords="361,80,436,107">
<area shape="rect" href="$constant_8h.html" title="constant.h" alt="" coords="73,603,156,629">
<area shape="rect" href="$engine_8h.html" title="engine.h" alt="" coords="217,80,287,107">
<area shape="rect" href="$lgcldpnd_8h.html" title="lgcldpnd.h" alt="" coords="239,155,319,181">
<area shape="rect" href="$retract_8h.html" title="retract.h" alt="" coords="145,155,215,181">
<area shape="rect" href="$memalloc_8h.html" title="memalloc.h" alt="" coords="609,80,697,107">
<area shape="rect" href="$prntutil_8h.html" title="prntutil.h" alt="" coords="764,155,836,181">
<area shape="rect" href="$reteutil_8h.html" title="reteutil.h" alt="" coords="93,229,165,256">
<area shape="rect" href="$router_8h.html" title="router.h" alt="" coords="772,80,836,107">
<area shape="rect" href="$incrrset_8h.html" title="incrrset.h" alt="" coords="460,80,535,107">
<area shape="rect" href="$drive_8h.html" title="drive.h" alt="" coords="544,229,603,256">
<area shape="rect" href="$usrsetup_8h.html" title="usrsetup.h" alt="" coords="921,155,1004,181">
<area shape="rect" href="$symbol_8h.html" title="symbol.h" alt="" coords="652,827,727,853">
<area shape="rect" href="$ruledef_8h.html" title="ruledef.h" alt="" coords="420,155,492,181">
<area shape="rect" href="$match_8h.html" title="match.h" alt="" coords="251,304,317,331">
<area shape="rect" href="$constrnt_8h.html" title="constrnt.h" alt="" coords="341,304,421,331">
<area shape="rect" href="$cstrccom_8h.html" title="cstrccom.h" alt="" coords="677,229,763,256">
<area shape="rect" href="$conscomp_8h.html" title="conscomp.h" alt="" coords="597,379,688,405">
<area shape="rect" href="$network_8h.html" title="network.h" alt="" coords="341,229,419,256">
<area shape="rect" href="$evaluatn_8h.html" title="evaluatn.h" alt="" coords="268,528,348,555">
<area shape="rect" href="$userdata_8h.html" title="userdata.h" alt="" coords="417,827,500,853">
<area shape="rect" href="$expressn_8h.html" title="expressn.h" alt="" coords="364,603,449,629">
<area shape="rect" href="$exprnops_8h.html" title="exprnops.h" alt="" coords="364,677,449,704">
<area shape="rect" href="$exprnpsr_8h.html" title="exprnpsr.h" alt="" coords="260,677,340,704">
<area shape="rect" href="$extnfunc_8h.html" title="extnfunc.h" alt="" coords="417,752,500,779">
<area shape="rect" href="$scanner_8h.html" title="scanner.h" alt="" coords="261,752,339,779">
<area shape="rect" href="$pprint_8h.html" title="pprint.h" alt="" coords="268,827,332,853">
<area shape="rect" href="$moduldef_8h.html" title="moduldef.h" alt="" coords="695,304,780,331">
<area shape="rect" href="$modulpsr_8h.html" title="modulpsr.h" alt="" coords="676,453,759,480">
<area shape="rect" href="$clipsrules_2core_2utility_8h.html" title="utility.h" alt="" coords="787,379,848,405">
<area shape="rect" href="$constrct_8h.html" title="constrct.h" alt="" coords="521,453,601,480">
<area shape="rect" href="$symblcmp_8h.html" title="symblcmp.h" alt="" coords="783,453,873,480">
<area shape="rect" href="$pattern_8h.html" title="pattern.h" alt="" coords="324,379,396,405">
<area shape="rect" href="$reorder_8h.html" title="reorder.h" alt="" coords="375,453,447,480">
