<area shape="rect" href="$xclips_8c.html" title="src/client/x/xclips.c" alt="" coords="5,80,139,107">
<area shape="rect" href="$xmenu__opt_8c.html" title="src/client/x/xmenu_opt.c" alt="" coords="163,80,325,107">
<area shape="rect" href="$xmenu__wind_8c.html" title="src/client/x/xmenu_wind.c" alt="" coords="349,80,520,107">
<area shape="rect" href="$agenda_8c.html" title="src/clipsrules/core/agenda.c" alt="" coords="544,80,728,107">
<area shape="rect" href="$clips_8h.html" title="src/clipsrules/core/clips.h" alt="" coords="752,80,920,107">
<area shape="rect" href="$drive_8c.html" title="src/clipsrules/core/drive.c" alt="" coords="944,80,1115,107">
<area shape="rect" href="$engine_8c.html" title="src/clipsrules/core/engine.c" alt="" coords="1139,80,1317,107">
<area shape="rect" href="$envrnmnt_8c.html" title="src/clipsrules/core/envrnmnt.c" alt="" coords="1341,80,1536,107">
<area shape="rect" href="$factmch_8c.html" title="src/clipsrules/core/factmch.c" alt="" coords="1560,80,1749,107">
<area shape="rect" href="$factmngr_8c.html" title="src/clipsrules/core/factmngr.c" alt="" coords="1773,80,1965,107">
<area shape="rect" href="$factrete_8c.html" title="src/clipsrules/core/factrete.c" alt="" coords="1989,80,2176,107">
<area shape="rect" href="$incrrset_8c.html" title="src/clipsrules/core/incrrset.c" alt="" coords="2200,80,2384,107">
<area shape="rect" href="$insfun_8c.html" title="src/clipsrules/core/insfun.c" alt="" coords="2408,80,2584,107">
<area shape="rect" href="$insmngr_8c.html" title="src/clipsrules/core/insmngr.c" alt="" coords="2608,80,2795,107">
<area shape="rect" href="$lgcldpnd_8c.html" title="src/clipsrules/core/lgcldpnd.c" alt="" coords="2819,80,3008,107">
<area shape="rect" href="$objrtfnx_8c.html" title="src/clipsrules/core/objrtfnx.c" alt="" coords="3032,80,3216,107">
<area shape="rect" href="$objrtmch_8c.html" title="src/clipsrules/core/objrtmch.c" alt="" coords="3240,80,3432,107">
<area shape="rect" href="$reteutil_8c.html" title="src/clipsrules/core/reteutil.c" alt="" coords="3456,80,3637,107">
<area shape="rect" href="$retract_8c.html" title="src/clipsrules/core/retract.c" alt="" coords="3661,80,3840,107">
<area shape="rect" href="$rulebin_8c.html" title="src/clipsrules/core/rulebin.c" alt="" coords="3864,80,4043,107">
<area shape="rect" href="$rulebsc_8c.html" title="src/clipsrules/core/rulebsc.c" alt="" coords="4067,80,4251,107">
<area shape="rect" href="$rulecom_8c.html" title="src/clipsrules/core/rulecom.c" alt="" coords="4275,80,4461,107">
<area shape="rect" href="$ruledef_8c.html" title="src/clipsrules/core/ruledef.c" alt="" coords="4485,80,4667,107">
<area shape="rect" href="$ruledlt_8c.html" title="src/clipsrules/core/ruledlt.c" alt="" coords="4691,80,4867,107">
<area shape="rect" href="$rulepsr_8c.html" title="src/clipsrules/core/rulepsr.c" alt="" coords="4891,80,5069,107">
<area shape="rect" href="$strngfun_8c.html" title="src/clipsrules/core/strngfun.c" alt="" coords="5093,80,5283,107">
<area shape="rect" href="$xedit_8c.html" title="src/client/x/xedit.c" alt="" coords="485,155,613,181">
<area shape="rect" href="$cmptblty_8h.html" title="src/clipsrules/core/cmptblty.h" alt="" coords="637,155,829,181">
<area shape="rect" href="$main_8c.html" title="src/clipsrules/core/main.c" alt="" coords="853,155,1024,181">
<area shape="rect" href="$userfunctions_8c.html" title="src/clipsrules/core/userfunctions.c" alt="" coords="1048,155,1267,181">
