<area shape="rect" href="$xclipstext_8c.html" title="src/client/x/xclipstext.c" alt="" coords="5,80,160,107">
<area shape="rect" href="$argacces_8h.html" title="src/clipsrules/core/argacces.h" alt="" coords="2629,80,2824,107">
<area shape="rect" href="$defins_8c.html" title="src/clipsrules/core/defins.c" alt="" coords="619,229,795,256">
<area shape="rect" href="$ed_8h.html" title="src/clipsrules/core/ed.h" alt="" coords="1131,155,1285,181">
<area shape="rect" href="$evaluatn_8c.html" title="src/clipsrules/core/evaluatn.c" alt="" coords="2816,155,3008,181">
<area shape="rect" href="$incrrset_8c.html" title="src/clipsrules/core/incrrset.c" alt="" coords="2661,304,2845,331">
<area shape="rect" href="$inscom_8c.html" title="src/clipsrules/core/inscom.c" alt="" coords="1699,155,1883,181">
<area shape="rect" href="$lgcldpnd_8c.html" title="src/clipsrules/core/lgcldpnd.c" alt="" coords="2305,304,2495,331">
<area shape="rect" href="$prntutil_8c.html" title="src/clipsrules/core/prntutil.c" alt="" coords="3741,155,3923,181">
<area shape="rect" href="$rulecom_8c.html" title="src/clipsrules/core/rulecom.c" alt="" coords="1757,304,1944,331">
<area shape="rect" href="$sortfun_8c.html" title="src/clipsrules/core/sortfun.c" alt="" coords="3032,155,3213,181">
<area shape="rect" href="$modulpsr_8h.html" title="src/clipsrules/core/modulpsr.h" alt="" coords="285,155,480,181">
<area shape="rect" href="$globlpsr_8c.html" title="src/clipsrules/core/globlpsr.c" alt="" coords="819,229,1005,256">
<area shape="rect" href="$constrct_8h.html" title="src/clipsrules/core/constrct.h" alt="" coords="915,80,1104,107">
<area shape="rect" href="$classfun_8c.html" title="src/clipsrules/core/classfun.c" alt="" coords="1152,229,1344,256">
<area shape="rect" href="$cstrcpsr_8h.html" title="src/clipsrules/core/cstrcpsr.h" alt="" coords="768,155,955,181">
<area shape="rect" href="$bmathfun_8h.html" title="src/clipsrules/core/bmathfun.h" alt="" coords="3784,80,3979,107">
<area shape="rect" href="$classinf_8h.html" title="src/clipsrules/core/classinf.h" alt="" coords="1960,80,2147,107">
<area shape="rect" href="$inspsr_8c.html" title="src/clipsrules/core/inspsr.c" alt="" coords="1907,155,2083,181">
<area shape="rect" href="$constrnt_8h.html" title="src/clipsrules/core/constrnt.h" alt="" coords="4104,80,4293,107">
<area shape="rect" href="$cstrnbin_8h.html" title="src/clipsrules/core/cstrnbin.h" alt="" coords="3947,155,4133,181">
<area shape="rect" href="$cstrncmp_8h.html" title="src/clipsrules/core/cstrncmp.h" alt="" coords="4157,155,4352,181">
<area shape="rect" href="$cstrnops_8h.html" title="src/clipsrules/core/cstrnops.h" alt="" coords="4376,155,4568,181">
<area shape="rect" href="$pattern_8h.html" title="src/clipsrules/core/pattern.h" alt="" coords="2424,80,2605,107">
<area shape="rect" href="$match_8h.html" title="src/clipsrules/core/match.h" alt="" coords="2309,155,2488,181">
<area shape="rect" href="$reteutil_8h.html" title="src/clipsrules/core/reteutil.h" alt="" coords="2309,229,2491,256">
<area shape="rect" href="$dffctbsc_8h.html" title="src/clipsrules/core/dffctbsc.h" alt="" coords="4368,80,4555,107">
<area shape="rect" href="$expressn_8c.html" title="src/clipsrules/core/expressn.c" alt="" coords="4579,80,4773,107">
<area shape="rect" href="$extnfunc_8c.html" title="src/clipsrules/core/extnfunc.c" alt="" coords="4797,80,4989,107">
<area shape="rect" href="$factcom_8h.html" title="src/clipsrules/core/factcom.h" alt="" coords="5013,80,5203,107">
<area shape="rect" href="$factmch_8h.html" title="src/clipsrules/core/factmch.h" alt="" coords="5227,80,5416,107">
<area shape="rect" href="$factrete_8h.html" title="src/clipsrules/core/factrete.h" alt="" coords="5440,80,5627,107">
<area shape="rect" href="$multifld_8h.html" title="src/clipsrules/core/multifld.h" alt="" coords="3163,80,3347,107">
<area shape="rect" href="$multifld_8c.html" title="src/clipsrules/core/multifld.c" alt="" coords="3288,155,3472,181">
<area shape="rect" href="$utility_8c.html" title="src/clipsrules/core/utility.c" alt="" coords="3496,155,3667,181">
<area shape="rect" href="$globlbsc_8h.html" title="src/clipsrules/core/globlbsc.h" alt="" coords="504,155,693,181">
<area shape="rect" href="$insfun_8h.html" title="src/clipsrules/core/insfun.h" alt="" coords="1280,80,1456,107">
<area shape="rect" href="$insmoddp_8h.html" title="src/clipsrules/core/insmoddp.h" alt="" coords="1739,80,1936,107">
<area shape="rect" href="$insmult_8h.html" title="src/clipsrules/core/insmult.h" alt="" coords="1480,80,1664,107">
<area shape="rect" href="$modulbsc_8h.html" title="src/clipsrules/core/modulbsc.h" alt="" coords="5651,80,5848,107">
<area shape="rect" href="$multifun_8h.html" title="src/clipsrules/core/multifun.h" alt="" coords="3523,80,3709,107">
<area shape="rect" href="$parsefun_8h.html" title="src/clipsrules/core/parsefun.h" alt="" coords="5872,80,6064,107">
<area shape="rect" href="$prccode_8h.html" title="src/clipsrules/core/prccode.h" alt="" coords="6088,80,6275,107">
<area shape="rect" href="$prcdrfun_8h.html" title="src/clipsrules/core/prcdrfun.h" alt="" coords="2848,80,3037,107">
<area shape="rect" href="$rulebsc_8h.html" title="src/clipsrules/core/rulebsc.h" alt="" coords="6299,80,6483,107">
<area shape="rect" href="$rulecom_8h.html" title="src/clipsrules/core/rulecom.h" alt="" coords="1437,229,1624,256">
<area shape="rect" href="$strngfun_8h.html" title="src/clipsrules/core/strngfun.h" alt="" coords="6507,80,6696,107">
<area shape="rect" href="$tmpltbsc_8h.html" title="src/clipsrules/core/tmpltbsc.h" alt="" coords="6720,80,6912,107">
<area shape="rect" href="$tmpltutl_8h.html" title="src/clipsrules/core/tmpltutl.h" alt="" coords="6936,80,7120,107">
