<area shape="rect" href="$setup_8h.html" title="setup.h" alt="" coords="47,80,111,107">
<area shape="rect" href="$envrnmnt_8h.html" title="envrnmnt.h" alt="" coords="149,155,235,181">
<area shape="rect" href="$memalloc_8h.html" title="memalloc.h" alt="" coords="185,80,273,107">
<area shape="rect" href="$router_8h.html" title="router.h" alt="" coords="537,80,601,107">
<area shape="rect" href="$prntutil_8h.html" title="prntutil.h" alt="" coords="537,155,609,181">
<area shape="rect" href="$exprnops_8h.html" title="exprnops.h" alt="" coords="1065,603,1151,629">
<area shape="rect" href="$extnfunc_8h.html" title="extnfunc.h" alt="" coords="987,677,1069,704">
<area shape="rect" href="$cstrnchk_8h.html" title="cstrnchk.h" alt="" coords="981,80,1064,107">
<area shape="rect" href="$cstrnutl_8h.html" title="cstrnutl.h" alt="" coords="883,80,957,107">
<area shape="rect" href="$cstrnops_8h.html" title="cstrnops.h" alt="" coords="1088,80,1171,107">
<area shape="rect" href="$usrsetup_8h.html" title="usrsetup.h" alt="" coords="43,155,125,181">
<area shape="rect" href="$symbol_8h.html" title="symbol.h" alt="" coords="737,752,812,779">
<area shape="rect" href="$moduldef_8h.html" title="moduldef.h" alt="" coords="727,229,812,256">
<area shape="rect" href="$conscomp_8h.html" title="conscomp.h" alt="" coords="724,304,815,331">
<area shape="rect" href="$modulpsr_8h.html" title="modulpsr.h" alt="" coords="804,379,887,405">
<area shape="rect" href="$clipsrules_2core_2utility_8h.html" title="utility.h" alt="" coords="588,304,649,331">
<area shape="rect" href="$constrct_8h.html" title="constrct.h" alt="" coords="911,379,991,405">
<area shape="rect" href="$symblcmp_8h.html" title="symblcmp.h" alt="" coords="639,379,729,405">
<area shape="rect" href="$userdata_8h.html" title="userdata.h" alt="" coords="987,752,1069,779">
<area shape="rect" href="$evaluatn_8h.html" title="evaluatn.h" alt="" coords="1067,453,1147,480">
<area shape="rect" href="$constant_8h.html" title="constant.h" alt="" coords="1175,528,1257,555">
<area shape="rect" href="$expressn_8h.html" title="expressn.h" alt="" coords="1065,528,1151,555">
<area shape="rect" href="$exprnpsr_8h.html" title="exprnpsr.h" alt="" coords="1225,603,1305,629">
<area shape="rect" href="$scanner_8h.html" title="scanner.h" alt="" coords="1227,677,1304,704">
<area shape="rect" href="$pprint_8h.html" title="pprint.h" alt="" coords="1233,752,1297,779">
<area shape="rect" href="$constrnt_8h.html" title="constrnt.h" alt="" coords="997,155,1077,181">
