<area shape="rect" href="$setup_8h.html" title="setup.h" alt="" coords="161,80,225,107">
<area shape="rect" href="$envrnmnt_8h.html" title="envrnmnt.h" alt="" coords="43,155,128,181">
<area shape="rect" href="$bload_8h.html" title="bload.h" alt="" coords="463,304,527,331">
<area shape="rect" href="$expressn_8h.html" title="expressn.h" alt="" coords="977,528,1063,555">
<area shape="rect" href="$exprnops_8h.html" title="exprnops.h" alt="" coords="1025,603,1111,629">
<area shape="rect" href="$extnfunc_8h.html" title="extnfunc.h" alt="" coords="831,677,913,704">
<area shape="rect" href="$memalloc_8h.html" title="memalloc.h" alt="" coords="1279,80,1367,107">
<area shape="rect" href="$router_8h.html" title="router.h" alt="" coords="887,80,951,107">
<area shape="rect" href="$prntutil_8h.html" title="prntutil.h" alt="" coords="883,155,955,181">
<area shape="rect" href="$evaluatn_8h.html" title="evaluatn.h" alt="" coords="921,453,1001,480">
<area shape="rect" href="$usrsetup_8h.html" title="usrsetup.h" alt="" coords="152,155,235,181">
<area shape="rect" href="$symbol_8h.html" title="symbol.h" alt="" coords="543,752,617,779">
<area shape="rect" href="$exprnbin_8h.html" title="exprnbin.h" alt="" coords="316,379,396,405">
<area shape="rect" href="$sysdep_8h.html" title="sysdep.h" alt="" coords="420,379,495,405">
<area shape="rect" href="$symblbin_8h.html" title="symblbin.h" alt="" coords="108,379,191,405">
<area shape="rect" href="$clipsrules_2core_2utility_8h.html" title="utility.h" alt="" coords="569,379,631,405">
<area shape="rect" href="$exprnpsr_8h.html" title="exprnpsr.h" alt="" coords="921,603,1001,629">
<area shape="rect" href="$scanner_8h.html" title="scanner.h" alt="" coords="937,677,1015,704">
<area shape="rect" href="$userdata_8h.html" title="userdata.h" alt="" coords="1157,752,1240,779">
<area shape="rect" href="$pprint_8h.html" title="pprint.h" alt="" coords="944,752,1008,779">
<area shape="rect" href="$moduldef_8h.html" title="moduldef.h" alt="" coords="680,229,765,256">
<area shape="rect" href="$conscomp_8h.html" title="conscomp.h" alt="" coords="788,304,879,331">
<area shape="rect" href="$modulpsr_8h.html" title="modulpsr.h" alt="" coords="681,304,764,331">
<area shape="rect" href="$constrct_8h.html" title="constrct.h" alt="" coords="921,379,1001,405">
<area shape="rect" href="$symblcmp_8h.html" title="symblcmp.h" alt="" coords="705,379,796,405">
<area shape="rect" href="$constant_8h.html" title="constant.h" alt="" coords="871,528,953,555">
