<area shape="rect" href="$xclips_8c.html" title="src/client/x/xclips.c" alt="" coords="1691,80,1824,107">
<area shape="rect" href="$xmenu__opt_8c.html" title="src/client/x/xmenu_opt.c" alt="" coords="1848,80,2011,107">
<area shape="rect" href="$expressn_8h.html" title="src/clipsrules/core/expressn.h" alt="" coords="2904,80,3099,107">
<area shape="rect" href="$bload_8c.html" title="src/clipsrules/core/bload.c" alt="" coords="5,229,179,256">
<area shape="rect" href="$bmathfun_8c.html" title="src/clipsrules/core/bmathfun.c" alt="" coords="203,229,397,256">
<area shape="rect" href="$bsave_8c.html" title="src/clipsrules/core/bsave.c" alt="" coords="421,229,597,256">
<area shape="rect" href="$clips_8h.html" title="src/clipsrules/core/clips.h" alt="" coords="621,229,789,256">
<area shape="rect" href="$commline_8c.html" title="src/clipsrules/core/commline.c" alt="" coords="813,229,1011,256">
<area shape="rect" href="$conscomp_8c.html" title="src/clipsrules/core/conscomp.c" alt="" coords="1035,229,1237,256">
<area shape="rect" href="$constrct_8c.html" title="src/clipsrules/core/constrct.c" alt="" coords="1261,229,1451,256">
<area shape="rect" href="$evaluatn_8c.html" title="src/clipsrules/core/evaluatn.c" alt="" coords="1475,229,1667,256">
<area shape="rect" href="$exprnpsr_8c.html" title="src/clipsrules/core/exprnpsr.c" alt="" coords="1691,229,1883,256">
<area shape="rect" href="$factcom_8c.html" title="src/clipsrules/core/factcom.c" alt="" coords="1907,229,2096,256">
<area shape="rect" href="$factmngr_8c.html" title="src/clipsrules/core/factmngr.c" alt="" coords="2120,229,2312,256">
<area shape="rect" href="$factqury_8c.html" title="src/clipsrules/core/factqury.c" alt="" coords="2336,229,2523,256">
<area shape="rect" href="$generate_8c.html" title="src/clipsrules/core/generate.c" alt="" coords="2547,229,2739,256">
<area shape="rect" href="$inscom_8c.html" title="src/clipsrules/core/inscom.c" alt="" coords="2763,229,2947,256">
<area shape="rect" href="$insquery_8c.html" title="src/clipsrules/core/insquery.c" alt="" coords="2971,229,3160,256">
<area shape="rect" href="$miscfun_8c.html" title="src/clipsrules/core/miscfun.c" alt="" coords="3184,229,3371,256">
<area shape="rect" href="$msgpass_8c.html" title="src/clipsrules/core/msgpass.c" alt="" coords="3395,229,3589,256">
<area shape="rect" href="$multifun_8c.html" title="src/clipsrules/core/multifun.c" alt="" coords="3613,229,3800,256">
<area shape="rect" href="$parsefun_8c.html" title="src/clipsrules/core/parsefun.c" alt="" coords="3824,229,4016,256">
<area shape="rect" href="$prcdrfun_8c.html" title="src/clipsrules/core/prcdrfun.c" alt="" coords="4040,229,4229,256">
<area shape="rect" href="$prcdrpsr_8c.html" title="src/clipsrules/core/prcdrpsr.c" alt="" coords="4253,229,4440,256">
<area shape="rect" href="$prdctfun_8c.html" title="src/clipsrules/core/prdctfun.c" alt="" coords="4464,229,4653,256">
<area shape="rect" href="$rulelhs_8c.html" title="src/clipsrules/core/rulelhs.c" alt="" coords="4677,229,4856,256">
<area shape="rect" href="$strngfun_8c.html" title="src/clipsrules/core/strngfun.c" alt="" coords="4880,229,5069,256">
<area shape="rect" href="$symblbin_8c.html" title="src/clipsrules/core/symblbin.c" alt="" coords="5093,229,5288,256">
<area shape="rect" href="$symblcmp_8c.html" title="src/clipsrules/core/symblcmp.c" alt="" coords="5312,229,5515,256">
<area shape="rect" href="$tmpltfun_8c.html" title="src/clipsrules/core/tmpltfun.c" alt="" coords="5539,229,5728,256">
<area shape="rect" href="$dffnxpsr_8c.html" title="src/clipsrules/core/dffnxpsr.c" alt="" coords="2963,155,3149,181">
<area shape="rect" href="$analysis_8c.html" title="src/clipsrules/core/analysis.c" alt="" coords="3832,80,4021,107">
<area shape="rect" href="$cstrcpsr_8c.html" title="src/clipsrules/core/cstrcpsr.c" alt="" coords="4045,80,4232,107">
<area shape="rect" href="$default_8c.html" title="src/clipsrules/core/default.c" alt="" coords="4256,80,4437,107">
<area shape="rect" href="$factgen_8c.html" title="src/clipsrules/core/factgen.c" alt="" coords="4461,80,4645,107">
<area shape="rect" href="$factqpsr_8c.html" title="src/clipsrules/core/factqpsr.c" alt="" coords="4669,80,4856,107">
<area shape="rect" href="$factrhs_8c.html" title="src/clipsrules/core/factrhs.c" alt="" coords="4880,80,5061,107">
<area shape="rect" href="$genrcpsr_8c.html" title="src/clipsrules/core/genrcpsr.c" alt="" coords="5085,80,5277,107">
<area shape="rect" href="$globlpsr_8c.html" title="src/clipsrules/core/globlpsr.c" alt="" coords="5301,80,5488,107">
<area shape="rect" href="$inspsr_8c.html" title="src/clipsrules/core/inspsr.c" alt="" coords="5512,80,5688,107">
<area shape="rect" href="$insqypsr_8c.html" title="src/clipsrules/core/insqypsr.c" alt="" coords="5712,80,5901,107">
<area shape="rect" href="$msgpsr_8c.html" title="src/clipsrules/core/msgpsr.c" alt="" coords="5925,80,6109,107">
<area shape="rect" href="$objrtbld_8c.html" title="src/clipsrules/core/objrtbld.c" alt="" coords="6133,80,6317,107">
<area shape="rect" href="$pattern_8c.html" title="src/clipsrules/core/pattern.c" alt="" coords="6341,80,6523,107">
<area shape="rect" href="$prccode_8c.html" title="src/clipsrules/core/prccode.c" alt="" coords="6547,80,6733,107">
<area shape="rect" href="$rulepsr_8c.html" title="src/clipsrules/core/rulepsr.c" alt="" coords="6757,80,6936,107">
<area shape="rect" href="$tmpltlhs_8c.html" title="src/clipsrules/core/tmpltlhs.c" alt="" coords="6960,80,7147,107">
<area shape="rect" href="$tmpltpsr_8c.html" title="src/clipsrules/core/tmpltpsr.c" alt="" coords="7171,80,7357,107">
<area shape="rect" href="$argacces_8h.html" title="src/clipsrules/core/argacces.h" alt="" coords="2744,155,2939,181">
