<area shape="rect" href="$expressn_8h.html" title="src/clipsrules/core/expressn.h" alt="" coords="1240,80,1435,107">
<area shape="rect" href="$expressn_8c.html" title="src/clipsrules/core/expressn.c" alt="" coords="5744,304,5939,331">
<area shape="rect" href="$tmpltdef_8c.html" title="src/clipsrules/core/tmpltdef.c" alt="" coords="645,304,835,331">
<area shape="rect" href="$exprnops_8c.html" title="src/clipsrules/core/exprnops.c" alt="" coords="5963,304,6157,331">
<area shape="rect" href="$argacces_8h.html" title="src/clipsrules/core/argacces.h" alt="" coords="3001,229,3196,256">
<area shape="rect" href="$evaluatn_8h.html" title="src/clipsrules/core/evaluatn.h" alt="" coords="3081,155,3273,181">
<area shape="rect" href="$prccode_8h.html" title="src/clipsrules/core/prccode.h" alt="" coords="1532,229,1719,256">
<area shape="rect" href="$dffnxpsr_8c.html" title="src/clipsrules/core/dffnxpsr.c" alt="" coords="859,304,1045,331">
<area shape="rect" href="$tmpltutl_8h.html" title="src/clipsrules/core/tmpltutl.h" alt="" coords="1273,229,1457,256">
<area shape="rect" href="$extnfunc_8h.html" title="src/clipsrules/core/extnfunc.h" alt="" coords="4471,229,4663,256">
<area shape="rect" href="$analysis_8h.html" title="src/clipsrules/core/analysis.h" alt="" coords="377,229,567,256">
<area shape="rect" href="$bsave_8h.html" title="src/clipsrules/core/bsave.h" alt="" coords="177,229,353,256">
<area shape="rect" href="$drive_8h.html" title="src/clipsrules/core/drive.h" alt="" coords="5,155,176,181">
<area shape="rect" href="$exprnbin_8h.html" title="src/clipsrules/core/exprnbin.h" alt="" coords="956,155,1148,181">
<area shape="rect" href="$reorder_8h.html" title="src/clipsrules/core/reorder.h" alt="" coords="700,155,881,181">
<area shape="rect" href="$generate_8h.html" title="src/clipsrules/core/generate.h" alt="" coords="591,229,783,256">
<area shape="rect" href="$rulelhs_8h.html" title="src/clipsrules/core/rulelhs.h" alt="" coords="807,229,985,256">
<area shape="rect" href="$factrhs_8h.html" title="src/clipsrules/core/factrhs.h" alt="" coords="4555,155,4736,181">
<area shape="rect" href="$globlpsr_8h.html" title="src/clipsrules/core/globlpsr.h" alt="" coords="1375,155,1561,181">
<area shape="rect" href="$insfile_8h.html" title="src/clipsrules/core/insfile.h" alt="" coords="203,155,379,181">
<area shape="rect" href="$inspsr_8h.html" title="src/clipsrules/core/inspsr.h" alt="" coords="5076,155,5252,181">
<area shape="rect" href="$tmpltfun_8h.html" title="src/clipsrules/core/tmpltfun.h" alt="" coords="1009,229,1199,256">
<area shape="rect" href="$tmpltrhs_8h.html" title="src/clipsrules/core/tmpltrhs.h" alt="" coords="1636,155,1825,181">
<area shape="rect" href="$watch_8h.html" title="src/clipsrules/core/watch.h" alt="" coords="1743,229,1919,256">
<area shape="rect" href="$agenda_8c.html" title="src/clipsrules/core/agenda.c" alt="" coords="1485,304,1669,331">
<area shape="rect" href="$argacces_8c.html" title="src/clipsrules/core/argacces.c" alt="" coords="4469,304,4664,331">
<area shape="rect" href="$bload_8c.html" title="src/clipsrules/core/bload.c" alt="" coords="448,304,621,331">
<area shape="rect" href="$bmathfun_8c.html" title="src/clipsrules/core/bmathfun.c" alt="" coords="1904,304,2099,331">
<area shape="rect" href="$bsave_8c.html" title="src/clipsrules/core/bsave.c" alt="" coords="248,304,424,331">
<area shape="rect" href="$classcom_8c.html" title="src/clipsrules/core/classcom.c" alt="" coords="2123,304,2320,331">
<area shape="rect" href="$classexm_8c.html" title="src/clipsrules/core/classexm.c" alt="" coords="2344,304,2541,331">
<area shape="rect" href="$classinf_8c.html" title="src/clipsrules/core/classinf.c" alt="" coords="2565,304,2752,331">
<area shape="rect" href="$clips_8h.html" title="src/clipsrules/core/clips.h" alt="" coords="56,304,224,331">
<area shape="rect" href="$commline_8c.html" title="src/clipsrules/core/commline.c" alt="" coords="2776,304,2973,331">
<area shape="rect" href="$conscomp_8c.html" title="src/clipsrules/core/conscomp.c" alt="" coords="2997,304,3200,331">
<area shape="rect" href="$constrct_8c.html" title="src/clipsrules/core/constrct.c" alt="" coords="1272,304,1461,331">
<area shape="rect" href="$constrnt_8c.html" title="src/clipsrules/core/constrnt.c" alt="" coords="4688,304,4877,331">
<area shape="rect" href="$crstrtgy_8c.html" title="src/clipsrules/core/crstrtgy.c" alt="" coords="3224,304,3408,331">
<area shape="rect" href="$cstrccom_8c.html" title="src/clipsrules/core/cstrccom.c" alt="" coords="3432,304,3627,331">
<area shape="rect" href="$cstrnutl_8c.html" title="src/clipsrules/core/cstrnutl.c" alt="" coords="3829,304,4013,331">
<area shape="rect" href="$defins_8c.html" title="src/clipsrules/core/defins.c" alt="" coords="5544,304,5720,331">
<area shape="rect" href="$developr_8c.html" title="src/clipsrules/core/developr.c" alt="" coords="4037,304,4227,331">
<area shape="rect" href="$dffctbsc_8c.html" title="src/clipsrules/core/dffctbsc.c" alt="" coords="5333,304,5520,331">
<area shape="rect" href="$dffnxfun_8c.html" title="src/clipsrules/core/dffnxfun.c" alt="" coords="1693,304,1880,331">
<area shape="rect" href="$ed_8h.html" title="src/clipsrules/core/ed.h" alt="" coords="3651,304,3805,331">
<area shape="rect" href="$emathfun_8c.html" title="src/clipsrules/core/emathfun.c" alt="" coords="4251,304,4445,331">
<area shape="rect" href="$engine_8c.html" title="src/clipsrules/core/engine.c" alt="" coords="1069,304,1248,331">
<area shape="rect" href="$evaluatn_8c.html" title="src/clipsrules/core/evaluatn.c" alt="" coords="5117,304,5309,331">
<area shape="rect" href="$exprnpsr_8c.html" title="src/clipsrules/core/exprnpsr.c" alt="" coords="4901,304,5093,331">
