<area shape="rect" href="$setup_8h.html" title="setup.h" alt="" coords="1224,80,1288,107">
<area shape="rect" href="$envrnmnt_8h.html" title="envrnmnt.h" alt="" coords="1321,155,1407,181">
<area shape="rect" href="$memalloc_8h.html" title="memalloc.h" alt="" coords="1583,80,1671,107">
<area shape="rect" href="$dffctdef_8h.html" title="dffctdef.h" alt="" coords="743,155,817,181">
<area shape="rect" href="$constrct_8h.html" title="constrct.h" alt="" coords="236,304,316,331">
<area shape="rect" href="$moduldef_8h.html" title="moduldef.h" alt="" coords="625,379,711,405">
<area shape="rect" href="$extnfunc_8h.html" title="extnfunc.h" alt="" coords="691,752,773,779">
<area shape="rect" href="$bload_8h.html" title="bload.h" alt="" coords="1380,304,1444,331">
<area shape="rect" href="$exprnbin_8h.html" title="exprnbin.h" alt="" coords="1124,379,1204,405">
<area shape="rect" href="$bsave_8h.html" title="bsave.h" alt="" coords="983,379,1049,405">
<area shape="rect" href="$network_8h.html" title="network.h" alt="" coords="941,80,1019,107">
<area shape="rect" href="$genrcbin_8h.html" title="genrcbin.h" alt="" coords="397,80,477,107">
<area shape="rect" href="$dffnxbin_8h.html" title="dffnxbin.h" alt="" coords="840,80,917,107">
<area shape="rect" href="$tmpltbin_8h.html" title="tmpltbin.h" alt="" coords="520,80,597,107">
<area shape="rect" href="$globlbin_8h.html" title="globlbin.h" alt="" coords="623,80,697,107">
<area shape="rect" href="$objbin_8h.html" title="objbin.h" alt="" coords="236,80,303,107">
<area shape="rect" href="$insfun_8h.html" title="insfun.h" alt="" coords="31,155,97,181">
<area shape="rect" href="$inscom_8h.html" title="inscom.h" alt="" coords="101,80,176,107">
<area shape="rect" href="$usrsetup_8h.html" title="usrsetup.h" alt="" coords="1215,155,1297,181">
<area shape="rect" href="$symbol_8h.html" title="symbol.h" alt="" coords="655,827,729,853">
<area shape="rect" href="$conscomp_8h.html" title="conscomp.h" alt="" coords="583,229,673,256">
<area shape="rect" href="$cstrccom_8h.html" title="cstrccom.h" alt="" coords="748,229,833,256">
<area shape="rect" href="$symblcmp_8h.html" title="symblcmp.h" alt="" coords="511,379,601,405">
<area shape="rect" href="$userdata_8h.html" title="userdata.h" alt="" coords="261,827,344,853">
<area shape="rect" href="$evaluatn_8h.html" title="evaluatn.h" alt="" coords="452,528,532,555">
<area shape="rect" href="$modulpsr_8h.html" title="modulpsr.h" alt="" coords="627,453,709,480">
<area shape="rect" href="$clipsrules_2core_2utility_8h.html" title="utility.h" alt="" coords="785,453,847,480">
<area shape="rect" href="$constant_8h.html" title="constant.h" alt="" coords="419,603,501,629">
<area shape="rect" href="$expressn_8h.html" title="expressn.h" alt="" coords="847,603,932,629">
<area shape="rect" href="$exprnops_8h.html" title="exprnops.h" alt="" coords="847,677,932,704">
<area shape="rect" href="$exprnpsr_8h.html" title="exprnpsr.h" alt="" coords="692,677,772,704">
<area shape="rect" href="$sysdep_8h.html" title="sysdep.h" alt="" coords="1436,379,1511,405">
<area shape="rect" href="$symblbin_8h.html" title="symblbin.h" alt="" coords="1279,379,1361,405">
<area shape="rect" href="$match_8h.html" title="match.h" alt="" coords="839,304,905,331">
<area shape="rect" href="$ruledef_8h.html" title="ruledef.h" alt="" coords="943,155,1015,181">
<area shape="rect" href="$pattern_8h.html" title="pattern.h" alt="" coords="836,379,908,405">
<area shape="rect" href="$constrnt_8h.html" title="constrnt.h" alt="" coords="441,304,521,331">
<area shape="rect" href="$agenda_8h.html" title="agenda.h" alt="" coords="940,229,1015,256">
<area shape="rect" href="$genrcfun_8h.html" title="genrcfun.h" alt="" coords="223,155,305,181">
<area shape="rect" href="$clipsrules_2core_2object_8h.html" title="object.h" alt="" coords="264,229,331,256">
<area shape="rect" href="$dffnxfun_8h.html" title="dffnxfun.h" alt="" coords="841,155,919,181">
<area shape="rect" href="$cstrcbin_8h.html" title="cstrcbin.h" alt="" coords="329,155,407,181">
<area shape="rect" href="$modulbin_8h.html" title="modulbin.h" alt="" coords="535,155,617,181">
<area shape="rect" href="$tmpltdef_8h.html" title="tmpltdef.h" alt="" coords="431,155,511,181">
<area shape="rect" href="$globldef_8h.html" title="globldef.h" alt="" coords="641,155,719,181">
