<area shape="rect" href="$setup_8h.html" title="setup.h" alt="" coords="396,80,460,107">
<area shape="rect" href="$envrnmnt_8h.html" title="envrnmnt.h" alt="" coords="277,155,363,181">
<area shape="rect" href="$constant_8h.html" title="constant.h" alt="" coords="688,528,771,555">
<area shape="rect" href="$router_8h.html" title="router.h" alt="" coords="500,80,564,107">
<area shape="rect" href="$evaluatn_8h.html" title="evaluatn.h" alt="" coords="531,453,611,480">
<area shape="rect" href="$extnfunc_8h.html" title="extnfunc.h" alt="" coords="612,677,695,704">
<area shape="rect" href="$memalloc_8h.html" title="memalloc.h" alt="" coords="855,80,943,107">
<area shape="rect" href="$usrsetup_8h.html" title="usrsetup.h" alt="" coords="387,155,469,181">
<area shape="rect" href="$symbol_8h.html" title="symbol.h" alt="" coords="253,752,328,779">
<area shape="rect" href="$prntutil_8h.html" title="prntutil.h" alt="" coords="493,155,565,181">
<area shape="rect" href="$moduldef_8h.html" title="moduldef.h" alt="" coords="373,229,459,256">
<area shape="rect" href="$conscomp_8h.html" title="conscomp.h" alt="" coords="203,304,293,331">
<area shape="rect" href="$modulpsr_8h.html" title="modulpsr.h" alt="" coords="437,379,520,405">
<area shape="rect" href="$clipsrules_2core_2utility_8h.html" title="utility.h" alt="" coords="317,304,379,331">
<area shape="rect" href="$constrct_8h.html" title="constrct.h" alt="" coords="309,379,389,405">
<area shape="rect" href="$symblcmp_8h.html" title="symblcmp.h" alt="" coords="144,379,235,405">
<area shape="rect" href="$userdata_8h.html" title="userdata.h" alt="" coords="612,752,695,779">
<area shape="rect" href="$expressn_8h.html" title="expressn.h" alt="" coords="528,528,613,555">
<area shape="rect" href="$exprnops_8h.html" title="exprnops.h" alt="" coords="531,603,616,629">
<area shape="rect" href="$exprnpsr_8h.html" title="exprnpsr.h" alt="" coords="691,603,771,629">
<area shape="rect" href="$scanner_8h.html" title="scanner.h" alt="" coords="896,677,973,704">
<area shape="rect" href="$pprint_8h.html" title="pprint.h" alt="" coords="903,752,967,779">
