<area shape="rect" href="$setup_8h.html" title="setup.h" alt="" coords="124,80,188,107">
<area shape="rect" href="$envrnmnt_8h.html" title="envrnmnt.h" alt="" coords="5,155,91,181">
<area shape="rect" href="$factbld_8h.html" title="factbld.h" alt="" coords="591,155,663,181">
<area shape="rect" href="$conscomp_8h.html" title="conscomp.h" alt="" coords="316,603,407,629">
<area shape="rect" href="$factcmp_8h.html" title="factcmp.h" alt="" coords="632,80,712,107">
<area shape="rect" href="$tmpltdef_8h.html" title="tmpltdef.h" alt="" coords="387,80,467,107">
<area shape="rect" href="$usrsetup_8h.html" title="usrsetup.h" alt="" coords="115,155,197,181">
<area shape="rect" href="$symbol_8h.html" title="symbol.h" alt="" coords="364,1051,439,1077">
<area shape="rect" href="$pattern_8h.html" title="pattern.h" alt="" coords="700,229,772,256">
<area shape="rect" href="$reorder_8h.html" title="reorder.h" alt="" coords="700,304,772,331">
<area shape="rect" href="$evaluatn_8h.html" title="evaluatn.h" alt="" coords="775,752,855,779">
<area shape="rect" href="$match_8h.html" title="match.h" alt="" coords="921,528,988,555">
<area shape="rect" href="$ruledef_8h.html" title="ruledef.h" alt="" coords="836,379,908,405">
<area shape="rect" href="$expressn_8h.html" title="expressn.h" alt="" coords="613,827,699,853">
<area shape="rect" href="$constrnt_8h.html" title="constrnt.h" alt="" coords="757,453,837,480">
<area shape="rect" href="$cstrccom_8h.html" title="cstrccom.h" alt="" coords="547,453,632,480">
<area shape="rect" href="$network_8h.html" title="network.h" alt="" coords="861,453,939,480">
<area shape="rect" href="$agenda_8h.html" title="agenda.h" alt="" coords="963,453,1037,480">
<area shape="rect" href="$constant_8h.html" title="constant.h" alt="" coords="773,827,856,853">
<area shape="rect" href="$userdata_8h.html" title="userdata.h" alt="" coords="811,1051,893,1077">
<area shape="rect" href="$exprnops_8h.html" title="exprnops.h" alt="" coords="565,901,651,928">
<area shape="rect" href="$exprnpsr_8h.html" title="exprnpsr.h" alt="" coords="725,901,805,928">
<area shape="rect" href="$extnfunc_8h.html" title="extnfunc.h" alt="" coords="620,976,703,1003">
<area shape="rect" href="$scanner_8h.html" title="scanner.h" alt="" coords="727,976,804,1003">
<area shape="rect" href="$pprint_8h.html" title="pprint.h" alt="" coords="723,1051,787,1077">
<area shape="rect" href="$moduldef_8h.html" title="moduldef.h" alt="" coords="547,528,632,555">
<area shape="rect" href="$modulpsr_8h.html" title="modulpsr.h" alt="" coords="617,677,700,704">
<area shape="rect" href="$clipsrules_2core_2utility_8h.html" title="utility.h" alt="" coords="639,603,700,629">
<area shape="rect" href="$constrct_8h.html" title="constrct.h" alt="" coords="513,677,593,704">
<area shape="rect" href="$symblcmp_8h.html" title="symblcmp.h" alt="" coords="297,677,388,704">
<area shape="rect" href="$factmngr_8h.html" title="factmngr.h" alt="" coords="484,155,567,181">
<area shape="rect" href="$facthsh_8h.html" title="facthsh.h" alt="" coords="601,229,676,256">
<area shape="rect" href="$multifld_8h.html" title="multifld.h" alt="" coords="576,304,651,331">
