<area shape="rect" href="$setup_8h.html" title="setup.h" alt="" coords="232,80,296,107">
<area shape="rect" href="$envrnmnt_8h.html" title="envrnmnt.h" alt="" coords="113,155,199,181">
<area shape="rect" href="$constant_8h.html" title="constant.h" alt="" coords="1701,901,1784,928">
<area shape="rect" href="$extnfunc_8h.html" title="extnfunc.h" alt="" coords="1051,827,1133,853">
<area shape="rect" href="$exprnpsr_8h.html" title="exprnpsr.h" alt="" coords="1715,976,1795,1003">
<area shape="rect" href="$modulutl_8h.html" title="modulutl.h" alt="" coords="267,528,347,555">
<area shape="rect" href="$modulpsr_8h.html" title="modulpsr.h" alt="" coords="311,677,393,704">
<area shape="rect" href="$pattern_8h.html" title="pattern.h" alt="" coords="1131,304,1203,331">
<area shape="rect" href="$prntutil_8h.html" title="prntutil.h" alt="" coords="448,155,520,181">
<area shape="rect" href="$cstrcpsr_8h.html" title="cstrcpsr.h" alt="" coords="1156,677,1233,704">
<area shape="rect" href="$bload_8h.html" title="bload.h" alt="" coords="623,677,687,704">
<area shape="rect" href="$tmpltpsr_8h.html" title="tmpltpsr.h" alt="" coords="677,80,755,107">
<area shape="rect" href="$tmpltrhs_8h.html" title="tmpltrhs.h" alt="" coords="1637,80,1717,107">
<area shape="rect" href="$tmpltutl_8h.html" title="tmpltutl.h" alt="" coords="1081,155,1156,181">
<area shape="rect" href="$strngrtr_8h.html" title="strngrtr.h" alt="" coords="43,453,115,480">
<area shape="rect" href="$router_8h.html" title="router.h" alt="" coords="461,80,525,107">
<area shape="rect" href="$factrhs_8h.html" title="factrhs.h" alt="" coords="1180,155,1252,181">
<area shape="rect" href="$usrsetup_8h.html" title="usrsetup.h" alt="" coords="223,155,305,181">
<area shape="rect" href="$symbol_8h.html" title="symbol.h" alt="" coords="608,901,683,928">
<area shape="rect" href="$userdata_8h.html" title="userdata.h" alt="" coords="1180,901,1263,928">
<area shape="rect" href="$expressn_8h.html" title="expressn.h" alt="" coords="1559,901,1644,928">
<area shape="rect" href="$exprnops_8h.html" title="exprnops.h" alt="" coords="1559,976,1644,1003">
<area shape="rect" href="$scanner_8h.html" title="scanner.h" alt="" coords="1779,1051,1856,1077">
<area shape="rect" href="$pprint_8h.html" title="pprint.h" alt="" coords="1785,1125,1849,1152">
<area shape="rect" href="$moduldef_8h.html" title="moduldef.h" alt="" coords="443,603,528,629">
<area shape="rect" href="$conscomp_8h.html" title="conscomp.h" alt="" coords="899,677,989,704">
<area shape="rect" href="$clipsrules_2core_2utility_8h.html" title="utility.h" alt="" coords="493,752,555,779">
<area shape="rect" href="$constrct_8h.html" title="constrct.h" alt="" coords="1155,752,1235,779">
<area shape="rect" href="$symblcmp_8h.html" title="symblcmp.h" alt="" coords="784,752,875,779">
<area shape="rect" href="$evaluatn_8h.html" title="evaluatn.h" alt="" coords="1308,827,1388,853">
<area shape="rect" href="$reorder_8h.html" title="reorder.h" alt="" coords="1264,379,1336,405">
<area shape="rect" href="$match_8h.html" title="match.h" alt="" coords="1267,603,1333,629">
<area shape="rect" href="$ruledef_8h.html" title="ruledef.h" alt="" coords="1264,453,1336,480">
<area shape="rect" href="$constrnt_8h.html" title="constrnt.h" alt="" coords="981,528,1061,555">
<area shape="rect" href="$cstrccom_8h.html" title="cstrccom.h" alt="" coords="523,528,608,555">
<area shape="rect" href="$network_8h.html" title="network.h" alt="" coords="1261,528,1339,555">
<area shape="rect" href="$agenda_8h.html" title="agenda.h" alt="" coords="1363,528,1437,555">
<area shape="rect" href="$exprnbin_8h.html" title="exprnbin.h" alt="" coords="949,752,1029,779">
<area shape="rect" href="$sysdep_8h.html" title="sysdep.h" alt="" coords="685,752,760,779">
<area shape="rect" href="$symblbin_8h.html" title="symblbin.h" alt="" coords="579,752,661,779">
<area shape="rect" href="$tmpltdef_8h.html" title="tmpltdef.h" alt="" coords="977,155,1057,181">
<area shape="rect" href="$factbld_8h.html" title="factbld.h" alt="" coords="981,229,1053,256">
<area shape="rect" href="$factmngr_8h.html" title="factmngr.h" alt="" coords="1077,229,1160,256">
<area shape="rect" href="$facthsh_8h.html" title="facthsh.h" alt="" coords="981,304,1056,331">
<area shape="rect" href="$multifld_8h.html" title="multifld.h" alt="" coords="1400,379,1475,405">
