<area shape="rect" href="$clipsmm_2fact_8h.html" title="clipsmm/fact.h" alt="" coords="439,155,545,181">
<area shape="rect" href="$include_2clipsmm_2utility_8h.html" title="clipsmm/utility.h" alt="" coords="56,155,171,181">
<area shape="rect" href="$clipsmm_2environment_8h.html" title="clipsmm/environment.h" alt="" coords="687,80,841,107">
<area shape="rect" href="$clipsmm_2environmentobject_8h.html" title="clipsmm/environmentobject.h" alt="" coords="1044,304,1236,331">
<area shape="rect" href="$clipsmm_2template_8h.html" title="clipsmm/template.h" alt="" coords="544,229,680,256">
<area shape="rect" href="$clipsmm_2factory_8h.html" title="clipsmm/factory.h" alt="" coords="397,229,520,256">
<area shape="rect" href="$include_2clipsmm_2object_8h.html" title="clipsmm/object.h" alt="" coords="1131,379,1251,405">
<area shape="rect" href="$clipsmm_2pointer_8h.html" title="clipsmm/pointer.h" alt="" coords="1155,453,1277,480">
<area shape="rect" href="$clipsmm_2clipsmm-config_8h.html" title="clipsmm/clipsmm&#45;config.h" alt="" coords="1328,528,1501,555">
<area shape="rect" href="$clipsmm_2value_8h.html" title="clipsmm/value.h" alt="" coords="401,304,516,331">
<area shape="rect" href="$clipsmm_2enum_8h.html" title="clipsmm/enum.h" alt="" coords="1116,155,1233,181">
<area shape="rect" href="$clipsmm_2activation_8h.html" title="clipsmm/activation.h" alt="" coords="1381,229,1523,256">
<area shape="rect" href="$clipsmm_2defaultfacts_8h.html" title="clipsmm/defaultfacts.h" alt="" coords="899,229,1051,256">
<area shape="rect" href="$clipsmm_2function_8h.html" title="clipsmm/function.h" alt="" coords="1075,229,1205,256">
<area shape="rect" href="$clipsmm_2global_8h.html" title="clipsmm/global.h" alt="" coords="755,229,875,256">
<area shape="rect" href="$clipsmm_2module_8h.html" title="clipsmm/module.h" alt="" coords="1229,229,1357,256">
<area shape="rect" href="$clipsmm_2rule_8h.html" title="clipsmm/rule.h" alt="" coords="1399,155,1505,181">
<area shape="rect" href="$clipsmm_2any_8h.html" title="clipsmm/any.h" alt="" coords="1699,155,1803,181">
