<area shape="rect" href="$setup_8h.html" title="setup.h" alt="" coords="264,80,328,107">
<area shape="rect" href="$envrnmnt_8h.html" title="envrnmnt.h" alt="" coords="145,155,231,181">
<area shape="rect" href="$memalloc_8h.html" title="memalloc.h" alt="" coords="1333,80,1421,107">
<area shape="rect" href="$extnfunc_8h.html" title="extnfunc.h" alt="" coords="719,528,801,555">
<area shape="rect" href="$router_8h.html" title="router.h" alt="" coords="427,80,491,107">
<area shape="rect" href="$incrrset_8h.html" title="incrrset.h" alt="" coords="752,80,827,107">
<area shape="rect" href="$reteutil_8h.html" title="reteutil.h" alt="" coords="952,229,1024,256">
<area shape="rect" href="$drive_8h.html" title="drive.h" alt="" coords="1149,229,1208,256">
<area shape="rect" href="$engine_8h.html" title="engine.h" alt="" coords="659,155,728,181">
<area shape="rect" href="$factgen_8h.html" title="factgen.h" alt="" coords="1283,304,1357,331">
<area shape="rect" href="$factmch_8h.html" title="factmch.h" alt="" coords="457,155,537,181">
<area shape="rect" href="$factrete_8h.html" title="factrete.h" alt="" coords="999,379,1073,405">
<area shape="rect" href="$usrsetup_8h.html" title="usrsetup.h" alt="" coords="255,155,337,181">
<area shape="rect" href="$symbol_8h.html" title="symbol.h" alt="" coords="363,603,437,629">
<area shape="rect" href="$userdata_8h.html" title="userdata.h" alt="" coords="627,603,709,629">
<area shape="rect" href="$expressn_8h.html" title="expressn.h" alt="" coords="824,603,909,629">
<area shape="rect" href="$exprnops_8h.html" title="exprnops.h" alt="" coords="824,677,909,704">
<area shape="rect" href="$exprnpsr_8h.html" title="exprnpsr.h" alt="" coords="720,677,800,704">
<area shape="rect" href="$scanner_8h.html" title="scanner.h" alt="" coords="721,752,799,779">
<area shape="rect" href="$pprint_8h.html" title="pprint.h" alt="" coords="728,827,792,853">
<area shape="rect" href="$prntutil_8h.html" title="prntutil.h" alt="" coords="361,155,433,181">
<area shape="rect" href="$moduldef_8h.html" title="moduldef.h" alt="" coords="133,304,219,331">
<area shape="rect" href="$conscomp_8h.html" title="conscomp.h" alt="" coords="355,379,445,405">
<area shape="rect" href="$modulpsr_8h.html" title="modulpsr.h" alt="" coords="307,453,389,480">
<area shape="rect" href="$clipsrules_2core_2utility_8h.html" title="utility.h" alt="" coords="269,379,331,405">
<area shape="rect" href="$constrct_8h.html" title="constrct.h" alt="" coords="413,453,493,480">
<area shape="rect" href="$symblcmp_8h.html" title="symblcmp.h" alt="" coords="141,453,232,480">
<area shape="rect" href="$evaluatn_8h.html" title="evaluatn.h" alt="" coords="615,528,695,555">
<area shape="rect" href="$constant_8h.html" title="constant.h" alt="" coords="520,603,603,629">
<area shape="rect" href="$ruledef_8h.html" title="ruledef.h" alt="" coords="753,155,825,181">
<area shape="rect" href="$constrnt_8h.html" title="constrnt.h" alt="" coords="667,379,747,405">
<area shape="rect" href="$cstrccom_8h.html" title="cstrccom.h" alt="" coords="144,229,229,256">
<area shape="rect" href="$network_8h.html" title="network.h" alt="" coords="851,229,928,256">
<area shape="rect" href="$agenda_8h.html" title="agenda.h" alt="" coords="752,229,827,256">
<area shape="rect" href="$match_8h.html" title="match.h" alt="" coords="835,304,901,331">
<area shape="rect" href="$pattern_8h.html" title="pattern.h" alt="" coords="768,453,840,480">
<area shape="rect" href="$reorder_8h.html" title="reorder.h" alt="" coords="941,528,1013,555">
<area shape="rect" href="$lgcldpnd_8h.html" title="lgcldpnd.h" alt="" coords="504,229,584,256">
<area shape="rect" href="$retract_8h.html" title="retract.h" alt="" coords="659,229,728,256">
<area shape="rect" href="$factmngr_8h.html" title="factmngr.h" alt="" coords="347,229,429,256">
<area shape="rect" href="$facthsh_8h.html" title="facthsh.h" alt="" coords="351,304,425,331">
<area shape="rect" href="$multifld_8h.html" title="multifld.h" alt="" coords="517,453,592,480">
<area shape="rect" href="$tmpltdef_8h.html" title="tmpltdef.h" alt="" coords="500,304,580,331">
<area shape="rect" href="$factbld_8h.html" title="factbld.h" alt="" coords="520,379,592,405">
