<area shape="rect" href="$setup_8h.html" title="setup.h" alt="" coords="212,80,276,107">
<area shape="rect" href="$envrnmnt_8h.html" title="envrnmnt.h" alt="" coords="93,155,179,181">
<area shape="rect" href="$constant_8h.html" title="constant.h" alt="" coords="679,976,761,1003">
<area shape="rect" href="$memalloc_8h.html" title="memalloc.h" alt="" coords="411,80,499,107">
<area shape="rect" href="$router_8h.html" title="router.h" alt="" coords="453,229,517,256">
<area shape="rect" href="$sysdep_8h.html" title="sysdep.h" alt="" coords="124,827,199,853">
<area shape="rect" href="$lgcldpnd_8h.html" title="lgcldpnd.h" alt="" coords="571,229,651,256">
<area shape="rect" href="$facthsh_8h.html" title="facthsh.h" alt="" coords="1003,80,1077,107">
<area shape="rect" href="$usrsetup_8h.html" title="usrsetup.h" alt="" coords="203,155,285,181">
<area shape="rect" href="$symbol_8h.html" title="symbol.h" alt="" coords="563,1200,637,1227">
<area shape="rect" href="$prntutil_8h.html" title="prntutil.h" alt="" coords="411,453,483,480">
<area shape="rect" href="$moduldef_8h.html" title="moduldef.h" alt="" coords="669,677,755,704">
<area shape="rect" href="$conscomp_8h.html" title="conscomp.h" alt="" coords="923,752,1013,779">
<area shape="rect" href="$modulpsr_8h.html" title="modulpsr.h" alt="" coords="629,752,712,779">
<area shape="rect" href="$clipsrules_2core_2utility_8h.html" title="utility.h" alt="" coords="736,752,797,779">
<area shape="rect" href="$constrct_8h.html" title="constrct.h" alt="" coords="872,827,952,853">
<area shape="rect" href="$extnfunc_8h.html" title="extnfunc.h" alt="" coords="999,1125,1081,1152">
<area shape="rect" href="$symblcmp_8h.html" title="symblcmp.h" alt="" coords="605,827,696,853">
<area shape="rect" href="$userdata_8h.html" title="userdata.h" alt="" coords="1268,1200,1351,1227">
<area shape="rect" href="$evaluatn_8h.html" title="evaluatn.h" alt="" coords="795,901,875,928">
<area shape="rect" href="$expressn_8h.html" title="expressn.h" alt="" coords="1077,976,1163,1003">
<area shape="rect" href="$exprnops_8h.html" title="exprnops.h" alt="" coords="1077,1051,1163,1077">
<area shape="rect" href="$exprnpsr_8h.html" title="exprnpsr.h" alt="" coords="1187,1051,1267,1077">
<area shape="rect" href="$scanner_8h.html" title="scanner.h" alt="" coords="1179,1125,1256,1152">
<area shape="rect" href="$pprint_8h.html" title="pprint.h" alt="" coords="1180,1200,1244,1227">
<area shape="rect" href="$match_8h.html" title="match.h" alt="" coords="585,304,652,331">
<area shape="rect" href="$pattern_8h.html" title="pattern.h" alt="" coords="857,379,929,405">
<area shape="rect" href="$network_8h.html" title="network.h" alt="" coords="563,603,640,629">
<area shape="rect" href="$reorder_8h.html" title="reorder.h" alt="" coords="931,453,1003,480">
<area shape="rect" href="$ruledef_8h.html" title="ruledef.h" alt="" coords="769,528,841,555">
<area shape="rect" href="$constrnt_8h.html" title="constrnt.h" alt="" coords="973,603,1053,629">
<area shape="rect" href="$cstrccom_8h.html" title="cstrccom.h" alt="" coords="763,603,848,629">
<area shape="rect" href="$agenda_8h.html" title="agenda.h" alt="" coords="664,603,739,629">
<area shape="rect" href="$factmngr_8h.html" title="factmngr.h" alt="" coords="999,155,1081,181">
<area shape="rect" href="$multifld_8h.html" title="multifld.h" alt="" coords="1229,379,1304,405">
<area shape="rect" href="$tmpltdef_8h.html" title="tmpltdef.h" alt="" coords="1000,229,1080,256">
<area shape="rect" href="$factbld_8h.html" title="factbld.h" alt="" coords="931,304,1003,331">
