<area shape="rect" href="$clipsmm_2factory_8h.html" title="clipsmm/factory.h" alt="" coords="5,229,128,256">
<area shape="rect" href="$clipsmm_2environment_8h.html" title="clipsmm/environment.h" alt="" coords="977,80,1132,107">
<area shape="rect" href="$clipsmm_2value_8h.html" title="clipsmm/value.h" alt="" coords="315,304,429,331">
<area shape="rect" href="$clipsmm_2enum_8h.html" title="clipsmm/enum.h" alt="" coords="1339,155,1456,181">
<area shape="rect" href="$include_2clipsmm_2object_8h.html" title="clipsmm/object.h" alt="" coords="1177,379,1297,405">
<area shape="rect" href="$clipsmm_2activation_8h.html" title="clipsmm/activation.h" alt="" coords="1344,229,1485,256">
<area shape="rect" href="$clipsmm_2defaultfacts_8h.html" title="clipsmm/defaultfacts.h" alt="" coords="811,229,963,256">
<area shape="rect" href="$clipsmm_2fact_8h.html" title="clipsmm/fact.h" alt="" coords="285,155,392,181">
<area shape="rect" href="$clipsmm_2template_8h.html" title="clipsmm/template.h" alt="" coords="253,229,389,256">
<area shape="rect" href="$clipsmm_2function_8h.html" title="clipsmm/function.h" alt="" coords="1037,229,1168,256">
<area shape="rect" href="$clipsmm_2global_8h.html" title="clipsmm/global.h" alt="" coords="565,229,685,256">
<area shape="rect" href="$clipsmm_2module_8h.html" title="clipsmm/module.h" alt="" coords="1192,229,1320,256">
<area shape="rect" href="$clipsmm_2rule_8h.html" title="clipsmm/rule.h" alt="" coords="1581,155,1688,181">
<area shape="rect" href="$include_2clipsmm_2utility_8h.html" title="clipsmm/utility.h" alt="" coords="653,155,768,181">
<area shape="rect" href="$clipsmm_2any_8h.html" title="clipsmm/any.h" alt="" coords="1813,155,1917,181">
<area shape="rect" href="$clipsmm_2pointer_8h.html" title="clipsmm/pointer.h" alt="" coords="1235,453,1357,480">
<area shape="rect" href="$clipsmm_2clipsmm-config_8h.html" title="clipsmm/clipsmm&#45;config.h" alt="" coords="1629,528,1803,555">
<area shape="rect" href="$clipsmm_2environmentobject_8h.html" title="clipsmm/environmentobject.h" alt="" coords="1037,304,1229,331">
