<area shape="rect" href="$setup_8h.html" title="setup.h" alt="" coords="201,80,265,107">
<area shape="rect" href="$envrnmnt_8h.html" title="envrnmnt.h" alt="" coords="83,155,168,181">
<area shape="rect" href="$memalloc_8h.html" title="memalloc.h" alt="" coords="2051,80,2139,107">
<area shape="rect" href="$exprnpsr_8h.html" title="exprnpsr.h" alt="" coords="1821,80,1901,107">
<area shape="rect" href="$extnfunc_8h.html" title="extnfunc.h" alt="" coords="1097,453,1180,480">
<area shape="rect" href="$scanner_8h.html" title="scanner.h" alt="" coords="1899,155,1976,181">
<area shape="rect" href="$factmngr_8h.html" title="factmngr.h" alt="" coords="1119,155,1201,181">
<area shape="rect" href="$facthsh_8h.html" title="facthsh.h" alt="" coords="1059,229,1133,256">
<area shape="rect" href="$constant_8h.html" title="constant.h" alt="" coords="1848,677,1931,704">
<area shape="rect" href="$tmpltdef_8h.html" title="tmpltdef.h" alt="" coords="955,229,1035,256">
<area shape="rect" href="$match_8h.html" title="match.h" alt="" coords="603,528,669,555">
<area shape="rect" href="$argacces_8h.html" title="argacces.h" alt="" coords="1595,379,1680,405">
<area shape="rect" href="$router_8h.html" title="router.h" alt="" coords="765,155,829,181">
<area shape="rect" href="$factrhs_8h.html" title="factrhs.h" alt="" coords="1211,80,1283,107">
<area shape="rect" href="$factmch_8h.html" title="factmch.h" alt="" coords="1107,80,1187,107">
<area shape="rect" href="$tmpltpsr_8h.html" title="tmpltpsr.h" alt="" coords="664,155,741,181">
<area shape="rect" href="$tmpltutl_8h.html" title="tmpltutl.h" alt="" coords="1307,80,1381,107">
<area shape="rect" href="$modulutl_8h.html" title="modulutl.h" alt="" coords="451,379,531,405">
<area shape="rect" href="$strngrtr_8h.html" title="strngrtr.h" alt="" coords="415,304,487,331">
<area shape="rect" href="$tmpltfun_8h.html" title="tmpltfun.h" alt="" coords="1405,80,1485,107">
<area shape="rect" href="$sysdep_8h.html" title="sysdep.h" alt="" coords="144,453,219,480">
<area shape="rect" href="$bload_8h.html" title="bload.h" alt="" coords="656,379,720,405">
<area shape="rect" href="$factcom_8h.html" title="factcom.h" alt="" coords="1645,229,1725,256">
<area shape="rect" href="$usrsetup_8h.html" title="usrsetup.h" alt="" coords="192,155,275,181">
<area shape="rect" href="$symbol_8h.html" title="symbol.h" alt="" coords="459,677,533,704">
<area shape="rect" href="$userdata_8h.html" title="userdata.h" alt="" coords="1212,677,1295,704">
<area shape="rect" href="$expressn_8h.html" title="expressn.h" alt="" coords="1616,677,1701,704">
<area shape="rect" href="$exprnops_8h.html" title="exprnops.h" alt="" coords="1616,752,1701,779">
<area shape="rect" href="$pprint_8h.html" title="pprint.h" alt="" coords="1905,229,1969,256">
<area shape="rect" href="$multifld_8h.html" title="multifld.h" alt="" coords="1344,304,1419,331">
<area shape="rect" href="$pattern_8h.html" title="pattern.h" alt="" coords="771,453,843,480">
<area shape="rect" href="$conscomp_8h.html" title="conscomp.h" alt="" coords="1075,304,1165,331">
<area shape="rect" href="$evaluatn_8h.html" title="evaluatn.h" alt="" coords="1340,603,1420,629">
<area shape="rect" href="$factbld_8h.html" title="factbld.h" alt="" coords="877,304,949,331">
<area shape="rect" href="$constrnt_8h.html" title="constrnt.h" alt="" coords="1240,304,1320,331">
<area shape="rect" href="$reorder_8h.html" title="reorder.h" alt="" coords="992,603,1064,629">
<area shape="rect" href="$network_8h.html" title="network.h" alt="" coords="597,603,675,629">
<area shape="rect" href="$constrct_8h.html" title="constrct.h" alt="" coords="1176,379,1256,405">
<area shape="rect" href="$symblcmp_8h.html" title="symblcmp.h" alt="" coords="451,453,541,480">
<area shape="rect" href="$moduldef_8h.html" title="moduldef.h" alt="" coords="917,453,1003,480">
<area shape="rect" href="$modulpsr_8h.html" title="modulpsr.h" alt="" coords="880,528,963,555">
<area shape="rect" href="$clipsrules_2core_2utility_8h.html" title="utility.h" alt="" coords="795,528,856,555">
<area shape="rect" href="$prntutil_8h.html" title="prntutil.h" alt="" coords="707,229,779,256">
<area shape="rect" href="$exprnbin_8h.html" title="exprnbin.h" alt="" coords="667,453,747,480">
<area shape="rect" href="$symblbin_8h.html" title="symblbin.h" alt="" coords="243,453,325,480">
