<area shape="rect" href="$xclips_8c.html" title="src/client/x/xclips.c" alt="" coords="5657,155,5791,181">
<area shape="rect" href="$xmenu__exec_8c.html" title="src/client/x/xmenu_exec.c" alt="" coords="17,80,191,107">
<area shape="rect" href="$argacces_8c.html" title="src/clipsrules/core/argacces.c" alt="" coords="215,80,409,107">
<area shape="rect" href="$tmpltdef_8h.html" title="src/clipsrules/core/tmpltdef.h" alt="" coords="2295,80,2484,107">
<area shape="rect" href="$tmpltbin_8c.html" title="src/clipsrules/core/tmpltbin.c" alt="" coords="1451,229,1637,256">
<area shape="rect" href="$factbld_8c.html" title="src/clipsrules/core/factbld.c" alt="" coords="4121,155,4303,181">
<area shape="rect" href="$factcom_8c.html" title="src/clipsrules/core/factcom.c" alt="" coords="3765,229,3955,256">
<area shape="rect" href="$factgen_8c.html" title="src/clipsrules/core/factgen.c" alt="" coords="955,229,1139,256">
<area shape="rect" href="$tmpltpsr_8c.html" title="src/clipsrules/core/tmpltpsr.c" alt="" coords="455,229,641,256">
<area shape="rect" href="$factmngr_8c.html" title="src/clipsrules/core/factmngr.c" alt="" coords="4719,229,4911,256">
<area shape="rect" href="$tmpltfun_8c.html" title="src/clipsrules/core/tmpltfun.c" alt="" coords="3344,229,3533,256">
<area shape="rect" href="$default_8c.html" title="src/clipsrules/core/default.c" alt="" coords="3844,80,4025,107">
<area shape="rect" href="$factrhs_8h.html" title="src/clipsrules/core/factrhs.h" alt="" coords="3185,155,3367,181">
<area shape="rect" href="$engine_8c.html" title="src/clipsrules/core/engine.c" alt="" coords="4263,80,4441,107">
<area shape="rect" href="$evaluatn_8c.html" title="src/clipsrules/core/evaluatn.c" alt="" coords="4465,80,4657,107">
<area shape="rect" href="$factmch_8h.html" title="src/clipsrules/core/factmch.h" alt="" coords="4049,80,4239,107">
<area shape="rect" href="$tmpltutl_8h.html" title="src/clipsrules/core/tmpltutl.h" alt="" coords="2713,155,2897,181">
<area shape="rect" href="$factfun_8h.html" title="src/clipsrules/core/factfun.h" alt="" coords="5063,155,5244,181">
<area shape="rect" href="$facthsh_8h.html" title="src/clipsrules/core/facthsh.h" alt="" coords="4884,80,5068,107">
<area shape="rect" href="$factqury_8h.html" title="src/clipsrules/core/factqury.h" alt="" coords="4852,155,5039,181">
<area shape="rect" href="$insfile_8c.html" title="src/clipsrules/core/insfile.c" alt="" coords="5092,80,5268,107">
<area shape="rect" href="$lgcldpnd_8c.html" title="src/clipsrules/core/lgcldpnd.c" alt="" coords="5292,80,5481,107">
<area shape="rect" href="$prntutil_8c.html" title="src/clipsrules/core/prntutil.c" alt="" coords="5505,80,5687,107">
<area shape="rect" href="$tmpltfun_8h.html" title="src/clipsrules/core/tmpltfun.h" alt="" coords="3492,155,3681,181">
<area shape="rect" href="$xmenu__wind_8c.html" title="src/client/x/xmenu_wind.c" alt="" coords="1532,155,1703,181">
<area shape="rect" href="$clips_8h.html" title="src/clipsrules/core/clips.h" alt="" coords="5133,229,5301,256">
<area shape="rect" href="$developr_8c.html" title="src/clipsrules/core/developr.c" alt="" coords="4327,155,4516,181">
<area shape="rect" href="$dffctbsc_8c.html" title="src/clipsrules/core/dffctbsc.c" alt="" coords="2501,229,2688,256">
<area shape="rect" href="$tmpltbin_8h.html" title="src/clipsrules/core/tmpltbin.h" alt="" coords="1828,155,2015,181">
<area shape="rect" href="$tmpltbsc_8c.html" title="src/clipsrules/core/tmpltbsc.c" alt="" coords="1867,229,2059,256">
<area shape="rect" href="$tmpltdef_8c.html" title="src/clipsrules/core/tmpltdef.c" alt="" coords="2083,229,2272,256">
<area shape="rect" href="$factbin_8c.html" title="src/clipsrules/core/factbin.c" alt="" coords="687,155,868,181">
<area shape="rect" href="$factcmp_8c.html" title="src/clipsrules/core/factcmp.c" alt="" coords="892,155,1081,181">
<area shape="rect" href="$tmpltpsr_8h.html" title="src/clipsrules/core/tmpltpsr.h" alt="" coords="2089,155,2276,181">
<area shape="rect" href="$factlhs_8c.html" title="src/clipsrules/core/factlhs.c" alt="" coords="1661,229,1843,256">
<area shape="rect" href="$tmpltutl_8c.html" title="src/clipsrules/core/tmpltutl.c" alt="" coords="2923,229,3107,256">
<area shape="rect" href="$factmch_8c.html" title="src/clipsrules/core/factmch.c" alt="" coords="3756,155,3945,181">
<area shape="rect" href="$sysdep_8c.html" title="src/clipsrules/core/sysdep.c" alt="" coords="1105,155,1289,181">
<area shape="rect" href="$tmpltcmp_8c.html" title="src/clipsrules/core/tmpltcmp.c" alt="" coords="1313,155,1508,181">
<area shape="rect" href="$tmpltlhs_8c.html" title="src/clipsrules/core/tmpltlhs.c" alt="" coords="2712,229,2899,256">
<area shape="rect" href="$tmpltlhs_8h.html" title="src/clipsrules/core/tmpltlhs.h" alt="" coords="2452,155,2639,181">
<area shape="rect" href="$tmpltrhs_8c.html" title="src/clipsrules/core/tmpltrhs.c" alt="" coords="3131,229,3320,256">
<area shape="rect" href="$tmpltrhs_8h.html" title="src/clipsrules/core/tmpltrhs.h" alt="" coords="2972,155,3161,181">
<area shape="rect" href="$factrhs_8c.html" title="src/clipsrules/core/factrhs.c" alt="" coords="2296,229,2477,256">
<area shape="rect" href="$dffctpsr_8c.html" title="src/clipsrules/core/dffctpsr.c" alt="" coords="3557,229,3741,256">
<area shape="rect" href="$factrete_8c.html" title="src/clipsrules/core/factrete.c" alt="" coords="4540,155,4727,181">
<area shape="rect" href="$factfun_8c.html" title="src/clipsrules/core/factfun.c" alt="" coords="4432,229,4613,256">
<area shape="rect" href="$factqury_8c.html" title="src/clipsrules/core/factqury.c" alt="" coords="4060,229,4247,256">
<area shape="rect" href="$xmenu__opt_8c.html" title="src/client/x/xmenu_opt.c" alt="" coords="5420,155,5583,181">
