<area shape="rect" href="$setup_8h.html" title="setup.h" alt="" coords="124,80,188,107">
<area shape="rect" href="$envrnmnt_8h.html" title="envrnmnt.h" alt="" coords="5,155,91,181">
<area shape="rect" href="$extnfunc_8h.html" title="extnfunc.h" alt="" coords="657,901,740,928">
<area shape="rect" href="$argacces_8h.html" title="argacces.h" alt="" coords="1317,603,1403,629">
<area shape="rect" href="$prntutil_8h.html" title="prntutil.h" alt="" coords="401,155,473,181">
<area shape="rect" href="$tmpltutl_8h.html" title="tmpltutl.h" alt="" coords="519,80,593,107">
<area shape="rect" href="$router_8h.html" title="router.h" alt="" coords="373,80,437,107">
<area shape="rect" href="$sysdep_8h.html" title="sysdep.h" alt="" coords="176,827,251,853">
<area shape="rect" href="$factfun_8h.html" title="factfun.h" alt="" coords="664,80,736,107">
<area shape="rect" href="$usrsetup_8h.html" title="usrsetup.h" alt="" coords="115,155,197,181">
<area shape="rect" href="$symbol_8h.html" title="symbol.h" alt="" coords="532,976,607,1003">
<area shape="rect" href="$userdata_8h.html" title="userdata.h" alt="" coords="736,976,819,1003">
<area shape="rect" href="$expressn_8h.html" title="expressn.h" alt="" coords="1129,976,1215,1003">
<area shape="rect" href="$exprnops_8h.html" title="exprnops.h" alt="" coords="1129,1051,1215,1077">
<area shape="rect" href="$exprnpsr_8h.html" title="exprnpsr.h" alt="" coords="843,1051,923,1077">
<area shape="rect" href="$scanner_8h.html" title="scanner.h" alt="" coords="844,1125,921,1152">
<area shape="rect" href="$pprint_8h.html" title="pprint.h" alt="" coords="851,1200,915,1227">
<area shape="rect" href="$evaluatn_8h.html" title="evaluatn.h" alt="" coords="887,901,967,928">
<area shape="rect" href="$moduldef_8h.html" title="moduldef.h" alt="" coords="673,677,759,704">
<area shape="rect" href="$constant_8h.html" title="constant.h" alt="" coords="885,976,968,1003">
<area shape="rect" href="$conscomp_8h.html" title="conscomp.h" alt="" coords="448,752,539,779">
<area shape="rect" href="$modulpsr_8h.html" title="modulpsr.h" alt="" coords="671,752,753,779">
<area shape="rect" href="$clipsrules_2core_2utility_8h.html" title="utility.h" alt="" coords="777,752,839,779">
<area shape="rect" href="$constrct_8h.html" title="constrct.h" alt="" coords="708,827,788,853">
<area shape="rect" href="$symblcmp_8h.html" title="symblcmp.h" alt="" coords="391,827,481,853">
<area shape="rect" href="$factmngr_8h.html" title="factmngr.h" alt="" coords="681,155,764,181">
<area shape="rect" href="$facthsh_8h.html" title="facthsh.h" alt="" coords="787,229,861,256">
<area shape="rect" href="$multifld_8h.html" title="multifld.h" alt="" coords="1105,304,1180,331">
<area shape="rect" href="$tmpltdef_8h.html" title="tmpltdef.h" alt="" coords="683,229,763,256">
<area shape="rect" href="$pattern_8h.html" title="pattern.h" alt="" coords="880,379,952,405">
<area shape="rect" href="$factbld_8h.html" title="factbld.h" alt="" coords="788,304,860,331">
<area shape="rect" href="$constrnt_8h.html" title="constrnt.h" alt="" coords="787,603,867,629">
<area shape="rect" href="$reorder_8h.html" title="reorder.h" alt="" coords="1120,453,1192,480">
<area shape="rect" href="$match_8h.html" title="match.h" alt="" coords="965,677,1032,704">
<area shape="rect" href="$ruledef_8h.html" title="ruledef.h" alt="" coords="967,528,1039,555">
<area shape="rect" href="$cstrccom_8h.html" title="cstrccom.h" alt="" coords="677,603,763,629">
<area shape="rect" href="$network_8h.html" title="network.h" alt="" coords="1064,603,1141,629">
<area shape="rect" href="$agenda_8h.html" title="agenda.h" alt="" coords="965,603,1040,629">
