<area shape="rect" href="$xclipstext_8c.html" title="src/client/x/xclipstext.c" alt="" coords="93,80,248,107">
<area shape="rect" href="$clips_8h.html" title="src/clipsrules/core/clips.h" alt="" coords="272,80,440,107">
<area shape="rect" href="$filertr_8c.html" title="src/clipsrules/core/filertr.c" alt="" coords="464,80,635,107">
<area shape="rect" href="$iofun_8c.html" title="src/clipsrules/core/iofun.c" alt="" coords="659,80,829,107">
<area shape="rect" href="$router_8c.html" title="src/clipsrules/core/router.c" alt="" coords="853,80,1027,107">
<area shape="rect" href="$xedit_8c.html" title="src/client/x/xedit.c" alt="" coords="5,155,133,181">
<area shape="rect" href="$cmptblty_8h.html" title="src/clipsrules/core/cmptblty.h" alt="" coords="157,155,349,181">
<area shape="rect" href="$main_8c.html" title="src/clipsrules/core/main.c" alt="" coords="373,155,544,181">
<area shape="rect" href="$userfunctions_8c.html" title="src/clipsrules/core/userfunctions.c" alt="" coords="568,155,787,181">
