<area shape="rect" href="$xmenu__wind_8c.html" title="src/client/x/xmenu_wind.c" alt="" coords="77,155,248,181">
<area shape="rect" href="$genrccom_8h.html" title="src/clipsrules/core/genrccom.h" alt="" coords="1469,80,1669,107">
<area shape="rect" href="$clips_8h.html" title="src/clipsrules/core/clips.h" alt="" coords="272,155,440,181">
<area shape="rect" href="$genrcfun_8c.html" title="src/clipsrules/core/genrcfun.c" alt="" coords="1691,155,1883,181">
<area shape="rect" href="$proflfun_8c.html" title="src/clipsrules/core/proflfun.c" alt="" coords="1907,155,2091,181">
<area shape="rect" href="$genrccmp_8h.html" title="src/clipsrules/core/genrccmp.h" alt="" coords="2169,80,2369,107">
<area shape="rect" href="$genrcbin_8h.html" title="src/clipsrules/core/genrcbin.h" alt="" coords="2449,80,2641,107">
<area shape="rect" href="$genrcpsr_8h.html" title="src/clipsrules/core/genrcpsr.h" alt="" coords="2667,80,2859,107">
<area shape="rect" href="$genrcexe_8h.html" title="src/clipsrules/core/genrcexe.h" alt="" coords="1696,80,1891,107">
<area shape="rect" href="$immthpsr_8h.html" title="src/clipsrules/core/immthpsr.h" alt="" coords="3220,80,3415,107">
<area shape="rect" href="$xclips_8c.html" title="src/client/x/xclips.c" alt="" coords="1315,155,1448,181">
<area shape="rect" href="$dffnxpsr_8c.html" title="src/clipsrules/core/dffnxpsr.c" alt="" coords="464,155,651,181">
<area shape="rect" href="$evaluatn_8c.html" title="src/clipsrules/core/evaluatn.c" alt="" coords="675,155,867,181">
<area shape="rect" href="$exprnpsr_8c.html" title="src/clipsrules/core/exprnpsr.c" alt="" coords="891,155,1083,181">
<area shape="rect" href="$genrcbin_8c.html" title="src/clipsrules/core/genrcbin.c" alt="" coords="2339,155,2531,181">
<area shape="rect" href="$genrccmp_8c.html" title="src/clipsrules/core/genrccmp.c" alt="" coords="2115,155,2315,181">
<area shape="rect" href="$genrccom_8c.html" title="src/clipsrules/core/genrccom.c" alt="" coords="2555,155,2755,181">
<area shape="rect" href="$genrcexe_8c.html" title="src/clipsrules/core/genrcexe.c" alt="" coords="1472,155,1667,181">
<area shape="rect" href="$genrcpsr_8c.html" title="src/clipsrules/core/genrcpsr.c" alt="" coords="3221,155,3413,181">
<area shape="rect" href="$sysdep_8c.html" title="src/clipsrules/core/sysdep.c" alt="" coords="1107,155,1291,181">
<area shape="rect" href="$xedit_8c.html" title="src/client/x/xedit.c" alt="" coords="5,229,133,256">
<area shape="rect" href="$cmptblty_8h.html" title="src/clipsrules/core/cmptblty.h" alt="" coords="157,229,349,256">
<area shape="rect" href="$main_8c.html" title="src/clipsrules/core/main.c" alt="" coords="373,229,544,256">
<area shape="rect" href="$userfunctions_8c.html" title="src/clipsrules/core/userfunctions.c" alt="" coords="568,229,787,256">
<area shape="rect" href="$conscomp_8c.html" title="src/clipsrules/core/conscomp.c" alt="" coords="2779,155,2981,181">
<area shape="rect" href="$exprnbin_8c.html" title="src/clipsrules/core/exprnbin.c" alt="" coords="3005,155,3197,181">
<area shape="rect" href="$immthpsr_8c.html" title="src/clipsrules/core/immthpsr.c" alt="" coords="3437,155,3632,181">
