<area shape="rect" href="$setup_8h.html" title="setup.h" alt="" coords="385,80,449,107">
<area shape="rect" href="$envrnmnt_8h.html" title="envrnmnt.h" alt="" coords="267,155,352,181">
<area shape="rect" href="$bload_8h.html" title="bload.h" alt="" coords="304,304,368,331">
<area shape="rect" href="$exprnpsr_8h.html" title="exprnpsr.h" alt="" coords="1177,603,1257,629">
<area shape="rect" href="$scanner_8h.html" title="scanner.h" alt="" coords="1435,677,1512,704">
<area shape="rect" href="$dffnxfun_8h.html" title="dffnxfun.h" alt="" coords="696,80,773,107">
<area shape="rect" href="$classfun_8h.html" title="classfun.h" alt="" coords="1181,155,1261,181">
<area shape="rect" href="$classcom_8h.html" title="classcom.h" alt="" coords="1123,80,1211,107">
<area shape="rect" href="$memalloc_8h.html" title="memalloc.h" alt="" coords="1613,80,1701,107">
<area shape="rect" href="$cstrcpsr_8h.html" title="cstrcpsr.h" alt="" coords="1309,304,1387,331">
<area shape="rect" href="$genrccom_8h.html" title="genrccom.h" alt="" coords="797,80,885,107">
<area shape="rect" href="$immthpsr_8h.html" title="immthpsr.h" alt="" coords="1013,80,1099,107">
<area shape="rect" href="$modulutl_8h.html" title="modulutl.h" alt="" coords="533,155,613,181">
<area shape="rect" href="$prcdrpsr_8h.html" title="prcdrpsr.h" alt="" coords="1220,229,1297,256">
<area shape="rect" href="$prccode_8h.html" title="prccode.h" alt="" coords="1387,155,1464,181">
<area shape="rect" href="$router_8h.html" title="router.h" alt="" coords="608,80,672,107">
<area shape="rect" href="$genrcpsr_8h.html" title="genrcpsr.h" alt="" coords="909,80,989,107">
<area shape="rect" href="$usrsetup_8h.html" title="usrsetup.h" alt="" coords="376,155,459,181">
<area shape="rect" href="$symbol_8h.html" title="symbol.h" alt="" coords="579,752,653,779">
<area shape="rect" href="$exprnbin_8h.html" title="exprnbin.h" alt="" coords="349,379,429,405">
<area shape="rect" href="$extnfunc_8h.html" title="extnfunc.h" alt="" coords="807,677,889,704">
<area shape="rect" href="$sysdep_8h.html" title="sysdep.h" alt="" coords="93,379,168,405">
<area shape="rect" href="$symblbin_8h.html" title="symblbin.h" alt="" coords="243,379,325,405">
<area shape="rect" href="$clipsrules_2core_2utility_8h.html" title="utility.h" alt="" coords="453,379,515,405">
<area shape="rect" href="$expressn_8h.html" title="expressn.h" alt="" coords="1016,528,1101,555">
<area shape="rect" href="$exprnops_8h.html" title="exprnops.h" alt="" coords="1016,603,1101,629">
<area shape="rect" href="$userdata_8h.html" title="userdata.h" alt="" coords="937,752,1020,779">
<area shape="rect" href="$pprint_8h.html" title="pprint.h" alt="" coords="1441,752,1505,779">
<area shape="rect" href="$cstrccom_8h.html" title="cstrccom.h" alt="" coords="799,155,884,181">
<area shape="rect" href="$conscomp_8h.html" title="conscomp.h" alt="" coords="747,304,837,331">
<area shape="rect" href="$moduldef_8h.html" title="moduldef.h" alt="" coords="639,229,724,256">
<area shape="rect" href="$modulpsr_8h.html" title="modulpsr.h" alt="" coords="640,304,723,331">
<area shape="rect" href="$constrct_8h.html" title="constrct.h" alt="" coords="907,379,987,405">
<area shape="rect" href="$symblcmp_8h.html" title="symblcmp.h" alt="" coords="691,379,781,405">
<area shape="rect" href="$evaluatn_8h.html" title="evaluatn.h" alt="" coords="1180,453,1260,480">
<area shape="rect" href="$constant_8h.html" title="constant.h" alt="" coords="1176,528,1259,555">
<area shape="rect" href="$clipsrules_2core_2object_8h.html" title="object.h" alt="" coords="1111,229,1177,256">
<area shape="rect" href="$multifld_8h.html" title="multifld.h" alt="" coords="1107,304,1181,331">
<area shape="rect" href="$match_8h.html" title="match.h" alt="" coords="1016,304,1083,331">
<area shape="rect" href="$constrnt_8h.html" title="constrnt.h" alt="" coords="1205,304,1285,331">
<area shape="rect" href="$pattern_8h.html" title="pattern.h" alt="" coords="1112,379,1184,405">
<area shape="rect" href="$network_8h.html" title="network.h" alt="" coords="1011,379,1088,405">
<area shape="rect" href="$reorder_8h.html" title="reorder.h" alt="" coords="1053,453,1125,480">
<area shape="rect" href="$genrcfun_8h.html" title="genrcfun.h" alt="" coords="971,155,1053,181">
<area shape="rect" href="$prntutil_8h.html" title="prntutil.h" alt="" coords="643,155,715,181">
