<area shape="rect" href="$genrcfun_8h.html" title="genrcfun.h" alt="" coords="859,80,941,107">
<area shape="rect" href="$clipsrules_2core_2object_8h.html" title="object.h" alt="" coords="304,155,371,181">
<area shape="rect" href="$conscomp_8h.html" title="conscomp.h" alt="" coords="667,677,757,704">
<area shape="rect" href="$multifld_8h.html" title="multifld.h" alt="" coords="107,304,181,331">
<area shape="rect" href="$match_8h.html" title="match.h" alt="" coords="553,229,620,256">
<area shape="rect" href="$constrnt_8h.html" title="constrnt.h" alt="" coords="220,528,300,555">
<area shape="rect" href="$constrct_8h.html" title="constrct.h" alt="" coords="429,752,509,779">
<area shape="rect" href="$evaluatn_8h.html" title="evaluatn.h" alt="" coords="236,827,316,853">
<area shape="rect" href="$constant_8h.html" title="constant.h" alt="" coords="157,901,240,928">
<area shape="rect" href="$userdata_8h.html" title="userdata.h" alt="" coords="275,1125,357,1152">
<area shape="rect" href="$expressn_8h.html" title="expressn.h" alt="" coords="264,901,349,928">
<area shape="rect" href="$symbol_8h.html" title="symbol.h" alt="" coords="499,1125,573,1152">
<area shape="rect" href="$exprnops_8h.html" title="exprnops.h" alt="" coords="261,976,347,1003">
<area shape="rect" href="$exprnpsr_8h.html" title="exprnpsr.h" alt="" coords="157,976,237,1003">
<area shape="rect" href="$extnfunc_8h.html" title="extnfunc.h" alt="" coords="353,1051,436,1077">
<area shape="rect" href="$scanner_8h.html" title="scanner.h" alt="" coords="5,1051,83,1077">
<area shape="rect" href="$pprint_8h.html" title="pprint.h" alt="" coords="12,1125,76,1152">
<area shape="rect" href="$pattern_8h.html" title="pattern.h" alt="" coords="551,304,623,331">
<area shape="rect" href="$network_8h.html" title="network.h" alt="" coords="785,528,863,555">
<area shape="rect" href="$reorder_8h.html" title="reorder.h" alt="" coords="551,379,623,405">
<area shape="rect" href="$ruledef_8h.html" title="ruledef.h" alt="" coords="567,453,639,480">
<area shape="rect" href="$cstrccom_8h.html" title="cstrccom.h" alt="" coords="575,528,660,555">
<area shape="rect" href="$agenda_8h.html" title="agenda.h" alt="" coords="476,528,551,555">
<area shape="rect" href="$moduldef_8h.html" title="moduldef.h" alt="" coords="575,603,660,629">
<area shape="rect" href="$modulpsr_8h.html" title="modulpsr.h" alt="" coords="533,752,616,779">
<area shape="rect" href="$clipsrules_2core_2utility_8h.html" title="utility.h" alt="" coords="507,677,568,704">
<area shape="rect" href="$symblcmp_8h.html" title="symblcmp.h" alt="" coords="691,752,781,779">
