<area shape="rect" href="$setup_8h.html" title="setup.h" alt="" coords="448,80,512,107">
<area shape="rect" href="$envrnmnt_8h.html" title="envrnmnt.h" alt="" coords="545,155,631,181">
<area shape="rect" href="$extnfunc_8h.html" title="extnfunc.h" alt="" coords="100,453,183,480">
<area shape="rect" href="$argacces_8h.html" title="argacces.h" alt="" coords="72,155,157,181">
<area shape="rect" href="$prntutil_8h.html" title="prntutil.h" alt="" coords="343,155,415,181">
<area shape="rect" href="$router_8h.html" title="router.h" alt="" coords="309,80,373,107">
<area shape="rect" href="$globldef_8h.html" title="globldef.h" alt="" coords="208,80,285,107">
<area shape="rect" href="$globlcom_8h.html" title="globlcom.h" alt="" coords="587,80,669,107">
<area shape="rect" href="$usrsetup_8h.html" title="usrsetup.h" alt="" coords="439,155,521,181">
<area shape="rect" href="$symbol_8h.html" title="symbol.h" alt="" coords="392,528,467,555">
<area shape="rect" href="$userdata_8h.html" title="userdata.h" alt="" coords="179,528,261,555">
<area shape="rect" href="$expressn_8h.html" title="expressn.h" alt="" coords="19,528,104,555">
<area shape="rect" href="$exprnops_8h.html" title="exprnops.h" alt="" coords="5,603,91,629">
<area shape="rect" href="$exprnpsr_8h.html" title="exprnpsr.h" alt="" coords="115,603,195,629">
<area shape="rect" href="$scanner_8h.html" title="scanner.h" alt="" coords="116,677,193,704">
<area shape="rect" href="$pprint_8h.html" title="pprint.h" alt="" coords="123,752,187,779">
<area shape="rect" href="$evaluatn_8h.html" title="evaluatn.h" alt="" coords="257,453,337,480">
<area shape="rect" href="$moduldef_8h.html" title="moduldef.h" alt="" coords="304,229,389,256">
<area shape="rect" href="$constant_8h.html" title="constant.h" alt="" coords="285,528,368,555">
<area shape="rect" href="$conscomp_8h.html" title="conscomp.h" alt="" coords="151,304,241,331">
<area shape="rect" href="$modulpsr_8h.html" title="modulpsr.h" alt="" coords="324,379,407,405">
<area shape="rect" href="$clipsrules_2core_2utility_8h.html" title="utility.h" alt="" coords="316,304,377,331">
<area shape="rect" href="$constrct_8h.html" title="constrct.h" alt="" coords="220,379,300,405">
<area shape="rect" href="$symblcmp_8h.html" title="symblcmp.h" alt="" coords="431,379,521,405">
<area shape="rect" href="$cstrccom_8h.html" title="cstrccom.h" alt="" coords="233,155,319,181">
