<area shape="rect" href="$setup_8h.html" title="setup.h" alt="" coords="165,80,229,107">
<area shape="rect" href="$envrnmnt_8h.html" title="envrnmnt.h" alt="" coords="193,155,279,181">
<area shape="rect" href="$constrct_8h.html" title="constrct.h" alt="" coords="277,229,357,256">
<area shape="rect" href="$extnfunc_8h.html" title="extnfunc.h" alt="" coords="551,453,633,480">
<area shape="rect" href="$watch_8h.html" title="watch.h" alt="" coords="700,304,767,331">
<area shape="rect" href="$globlcom_8h.html" title="globlcom.h" alt="" coords="751,80,833,107">
<area shape="rect" href="$globldef_8h.html" title="globldef.h" alt="" coords="507,155,584,181">
<area shape="rect" href="$globlbin_8h.html" title="globlbin.h" alt="" coords="432,80,507,107">
<area shape="rect" href="$globlcmp_8h.html" title="globlcmp.h" alt="" coords="857,80,940,107">
<area shape="rect" href="$globlbsc_8h.html" title="globlbsc.h" alt="" coords="5,304,85,331">
<area shape="rect" href="$usrsetup_8h.html" title="usrsetup.h" alt="" coords="87,155,169,181">
<area shape="rect" href="$symbol_8h.html" title="symbol.h" alt="" coords="283,528,357,555">
<area shape="rect" href="$userdata_8h.html" title="userdata.h" alt="" coords="60,528,143,555">
<area shape="rect" href="$moduldef_8h.html" title="moduldef.h" alt="" coords="385,304,471,331">
<area shape="rect" href="$evaluatn_8h.html" title="evaluatn.h" alt="" coords="160,453,240,480">
<area shape="rect" href="$conscomp_8h.html" title="conscomp.h" alt="" coords="555,379,645,405">
<area shape="rect" href="$modulpsr_8h.html" title="modulpsr.h" alt="" coords="312,379,395,405">
<area shape="rect" href="$clipsrules_2core_2utility_8h.html" title="utility.h" alt="" coords="469,379,531,405">
<area shape="rect" href="$symblcmp_8h.html" title="symblcmp.h" alt="" coords="365,453,456,480">
<area shape="rect" href="$expressn_8h.html" title="expressn.h" alt="" coords="479,528,564,555">
<area shape="rect" href="$exprnops_8h.html" title="exprnops.h" alt="" coords="467,603,552,629">
<area shape="rect" href="$exprnpsr_8h.html" title="exprnpsr.h" alt="" coords="576,603,656,629">
<area shape="rect" href="$scanner_8h.html" title="scanner.h" alt="" coords="577,677,655,704">
<area shape="rect" href="$pprint_8h.html" title="pprint.h" alt="" coords="584,752,648,779">
<area shape="rect" href="$constant_8h.html" title="constant.h" alt="" coords="167,528,249,555">
<area shape="rect" href="$cstrccom_8h.html" title="cstrccom.h" alt="" coords="488,229,573,256">
<area shape="rect" href="$modulbin_8h.html" title="modulbin.h" alt="" coords="381,229,464,256">
<area shape="rect" href="$cstrcbin_8h.html" title="cstrcbin.h" alt="" coords="355,155,432,181">
