<area shape="rect" href="$modulbin_8h.html" title="modulbin.h" alt="" coords="105,155,188,181">
<area shape="rect" href="$cstrcbin_8h.html" title="cstrcbin.h" alt="" coords="396,229,473,256">
<area shape="rect" href="$globldef_8h.html" title="globldef.h" alt="" coords="255,80,332,107">
<area shape="rect" href="$moduldef_8h.html" title="moduldef.h" alt="" coords="108,229,193,256">
<area shape="rect" href="$conscomp_8h.html" title="conscomp.h" alt="" coords="271,304,361,331">
<area shape="rect" href="$modulpsr_8h.html" title="modulpsr.h" alt="" coords="173,379,256,405">
<area shape="rect" href="$clipsrules_2core_2utility_8h.html" title="utility.h" alt="" coords="185,304,247,331">
<area shape="rect" href="$constrct_8h.html" title="constrct.h" alt="" coords="365,379,445,405">
<area shape="rect" href="$extnfunc_8h.html" title="extnfunc.h" alt="" coords="436,677,519,704">
<area shape="rect" href="$symblcmp_8h.html" title="symblcmp.h" alt="" coords="59,379,149,405">
<area shape="rect" href="$userdata_8h.html" title="userdata.h" alt="" coords="627,752,709,779">
<area shape="rect" href="$evaluatn_8h.html" title="evaluatn.h" alt="" coords="377,453,457,480">
<area shape="rect" href="$symbol_8h.html" title="symbol.h" alt="" coords="205,752,280,779">
<area shape="rect" href="$constant_8h.html" title="constant.h" alt="" coords="381,528,464,555">
<area shape="rect" href="$expressn_8h.html" title="expressn.h" alt="" coords="488,528,573,555">
<area shape="rect" href="$exprnops_8h.html" title="exprnops.h" alt="" coords="381,603,467,629">
<area shape="rect" href="$exprnpsr_8h.html" title="exprnpsr.h" alt="" coords="541,603,621,629">
<area shape="rect" href="$scanner_8h.html" title="scanner.h" alt="" coords="543,677,620,704">
<area shape="rect" href="$pprint_8h.html" title="pprint.h" alt="" coords="539,752,603,779">
<area shape="rect" href="$cstrccom_8h.html" title="cstrccom.h" alt="" coords="212,155,297,181">
