<area shape="rect" href="$setup_8h.html" title="setup.h" alt="" coords="1315,80,1379,107">
<area shape="rect" href="$envrnmnt_8h.html" title="envrnmnt.h" alt="" coords="1412,155,1497,181">
<area shape="rect" href="$memalloc_8h.html" title="memalloc.h" alt="" coords="5,80,93,107">
<area shape="rect" href="$modulpsr_8h.html" title="modulpsr.h" alt="" coords="632,229,715,256">
<area shape="rect" href="$clipsrules_2core_2utility_8h.html" title="utility.h" alt="" coords="893,453,955,480">
<area shape="rect" href="$multifld_8h.html" title="multifld.h" alt="" coords="69,304,144,331">
<area shape="rect" href="$router_8h.html" title="router.h" alt="" coords="581,155,645,181">
<area shape="rect" href="$strngrtr_8h.html" title="strngrtr.h" alt="" coords="1224,379,1296,405">
<area shape="rect" href="$modulutl_8h.html" title="modulutl.h" alt="" coords="739,229,819,256">
<area shape="rect" href="$globlbsc_8h.html" title="globlbsc.h" alt="" coords="180,379,260,405">
<area shape="rect" href="$globlpsr_8h.html" title="globlpsr.h" alt="" coords="793,304,868,331">
<area shape="rect" href="$globlcom_8h.html" title="globlcom.h" alt="" coords="1045,80,1128,107">
<area shape="rect" href="$commline_8h.html" title="commline.h" alt="" coords="1152,80,1240,107">
<area shape="rect" href="$bload_8h.html" title="bload.h" alt="" coords="965,379,1029,405">
<area shape="rect" href="$globlbin_8h.html" title="globlbin.h" alt="" coords="392,80,467,107">
<area shape="rect" href="$globldef_8h.html" title="globldef.h" alt="" coords="411,155,488,181">
<area shape="rect" href="$globlcmp_8h.html" title="globlcmp.h" alt="" coords="1453,80,1536,107">
<area shape="rect" href="$usrsetup_8h.html" title="usrsetup.h" alt="" coords="1305,155,1388,181">
<area shape="rect" href="$symbol_8h.html" title="symbol.h" alt="" coords="653,827,728,853">
<area shape="rect" href="$evaluatn_8h.html" title="evaluatn.h" alt="" coords="243,528,323,555">
<area shape="rect" href="$moduldef_8h.html" title="moduldef.h" alt="" coords="477,304,563,331">
<area shape="rect" href="$constant_8h.html" title="constant.h" alt="" coords="216,603,299,629">
<area shape="rect" href="$userdata_8h.html" title="userdata.h" alt="" coords="295,827,377,853">
<area shape="rect" href="$expressn_8h.html" title="expressn.h" alt="" coords="728,603,813,629">
<area shape="rect" href="$exprnops_8h.html" title="exprnops.h" alt="" coords="728,677,813,704">
<area shape="rect" href="$exprnpsr_8h.html" title="exprnpsr.h" alt="" coords="837,677,917,704">
<area shape="rect" href="$extnfunc_8h.html" title="extnfunc.h" alt="" coords="560,752,643,779">
<area shape="rect" href="$scanner_8h.html" title="scanner.h" alt="" coords="1124,752,1201,779">
<area shape="rect" href="$pprint_8h.html" title="pprint.h" alt="" coords="1131,827,1195,853">
<area shape="rect" href="$conscomp_8h.html" title="conscomp.h" alt="" coords="448,379,539,405">
<area shape="rect" href="$constrct_8h.html" title="constrct.h" alt="" coords="371,453,451,480">
<area shape="rect" href="$symblcmp_8h.html" title="symblcmp.h" alt="" coords="627,453,717,480">
<area shape="rect" href="$prntutil_8h.html" title="prntutil.h" alt="" coords="536,229,608,256">
<area shape="rect" href="$exprnbin_8h.html" title="exprnbin.h" alt="" coords="979,453,1059,480">
<area shape="rect" href="$sysdep_8h.html" title="sysdep.h" alt="" coords="1291,453,1365,480">
<area shape="rect" href="$symblbin_8h.html" title="symblbin.h" alt="" coords="1083,453,1165,480">
<area shape="rect" href="$modulbin_8h.html" title="modulbin.h" alt="" coords="269,229,352,256">
<area shape="rect" href="$cstrcbin_8h.html" title="cstrcbin.h" alt="" coords="237,304,315,331">
<area shape="rect" href="$cstrccom_8h.html" title="cstrccom.h" alt="" coords="427,229,512,256">
