<area shape="rect" href="$classPolymorphEvent.html" title="PolymorphEvent" alt="" coords="52,461,169,488">
<area shape="rect" href="$classcdHeartbeat.html" title="cdHeartbeat" alt="" coords="297,309,388,336">
<area shape="rect" href="$classcdIncoming.html" title="cdIncoming" alt="" coords="299,360,387,387">
<area shape="rect" href="$classcdInteractiveCommand.html" title="cdInteractiveCommand" alt="" coords="265,411,420,437">
<area shape="rect" href="$classcdResponse.html" title="cdResponse" alt="" coords="296,461,389,488">
<area shape="rect" href="$classcdShutdown.html" title="cdShutdown" alt="" coords="297,512,388,539">
<area shape="rect" href="$classcdTelemetryFrame.html" title="cdTelemetryFrame" alt="" coords="279,563,407,589">
<area shape="rect" href="$classdvHeartbeat.html" title="dvHeartbeat" alt="" coords="297,613,388,640">
<area shape="rect" href="$classdvIncoming.html" title="dvIncoming" alt="" coords="299,664,387,691">
<area shape="rect" href="$classdvQueryMD.html" title="dvQueryMD" alt="" coords="297,715,388,741">
<area shape="rect" href="$classdvResponse.html" title="dvResponse" alt="" coords="296,765,389,792">
<area shape="rect" href="$classdvShutdown.html" title="dvShutdown" alt="" coords="297,816,388,843">
<area shape="rect" href="$classdvTelemetryFrame.html" title="dvTelemetryFrame" alt="" coords="279,867,407,893">
<area shape="rect" href="$classmdAttention.html" title="mdAttention" alt="" coords="297,917,388,944">
<area shape="rect" href="$classmdCDPulse.html" title="mdCDPulse" alt="" coords="297,968,388,995">
<area shape="rect" href="$classmdClientBirth.html" title="mdClientBirth" alt="" coords="293,5,392,32">
<area shape="rect" href="$classmdClientDeath.html" title="mdClientDeath" alt="" coords="289,56,396,83">
<area shape="rect" href="$classmdDeviceCommand.html" title="mdDeviceCommand" alt="" coords="273,107,412,133">
<area shape="rect" href="$classmdIncoming.html" title="mdIncoming" alt="" coords="297,157,388,184">
<area shape="rect" href="$classmdResponse.html" title="mdResponse" alt="" coords="295,208,391,235">
<area shape="rect" href="$classmdTelemetryFrame.html" title="mdTelemetryFrame" alt="" coords="276,259,409,285">
<area shape="rect" href="$classTimeStampedEvent.html" title="TimeStampedEvent\&lt; Stamper \&gt;" alt="" coords="7,512,215,539">
