<area shape="rect" href="$setup_8h.html" title="setup.h" alt="" coords="124,80,188,107">
<area shape="rect" href="$envrnmnt_8h.html" title="envrnmnt.h" alt="" coords="5,155,91,181">
<area shape="rect" href="$argacces_8h.html" title="argacces.h" alt="" coords="732,603,817,629">
<area shape="rect" href="$extnfunc_8h.html" title="extnfunc.h" alt="" coords="769,1125,852,1152">
<area shape="rect" href="$classcom_8h.html" title="classcom.h" alt="" coords="679,155,767,181">
<area shape="rect" href="$clipsrules_2core_2object_8h.html" title="object.h" alt="" coords="505,229,572,256">
<area shape="rect" href="$classfun_8h.html" title="classfun.h" alt="" coords="473,155,553,181">
<area shape="rect" href="$memalloc_8h.html" title="memalloc.h" alt="" coords="1705,80,1793,107">
<area shape="rect" href="$inscom_8h.html" title="inscom.h" alt="" coords="400,80,475,107">
<area shape="rect" href="$insfun_8h.html" title="insfun.h" alt="" coords="329,155,396,181">
<area shape="rect" href="$insmngr_8h.html" title="insmngr.h" alt="" coords="551,80,628,107">
<area shape="rect" href="$inspsr_8h.html" title="inspsr.h" alt="" coords="1420,528,1487,555">
<area shape="rect" href="$router_8h.html" title="router.h" alt="" coords="477,379,541,405">
<area shape="rect" href="$strngrtr_8h.html" title="strngrtr.h" alt="" coords="1436,379,1508,405">
<area shape="rect" href="$symblbin_8h.html" title="symblbin.h" alt="" coords="1300,827,1383,853">
<area shape="rect" href="$sysdep_8h.html" title="sysdep.h" alt="" coords="1508,827,1583,853">
<area shape="rect" href="$factmngr_8h.html" title="factmngr.h" alt="" coords="959,155,1041,181">
<area shape="rect" href="$insfile_8h.html" title="insfile.h" alt="" coords="1359,677,1425,704">
<area shape="rect" href="$usrsetup_8h.html" title="usrsetup.h" alt="" coords="115,155,197,181">
<area shape="rect" href="$symbol_8h.html" title="symbol.h" alt="" coords="773,1200,848,1227">
<area shape="rect" href="$expressn_8h.html" title="expressn.h" alt="" coords="903,976,988,1003">
<area shape="rect" href="$evaluatn_8h.html" title="evaluatn.h" alt="" coords="517,901,597,928">
<area shape="rect" href="$moduldef_8h.html" title="moduldef.h" alt="" coords="521,677,607,704">
<area shape="rect" href="$exprnops_8h.html" title="exprnops.h" alt="" coords="924,1051,1009,1077">
<area shape="rect" href="$exprnpsr_8h.html" title="exprnpsr.h" alt="" coords="820,1051,900,1077">
<area shape="rect" href="$scanner_8h.html" title="scanner.h" alt="" coords="876,1125,953,1152">
<area shape="rect" href="$userdata_8h.html" title="userdata.h" alt="" coords="539,1200,621,1227">
<area shape="rect" href="$constant_8h.html" title="constant.h" alt="" coords="472,976,555,1003">
<area shape="rect" href="$conscomp_8h.html" title="conscomp.h" alt="" coords="1033,752,1124,779">
<area shape="rect" href="$modulpsr_8h.html" title="modulpsr.h" alt="" coords="481,752,564,779">
<area shape="rect" href="$clipsrules_2core_2utility_8h.html" title="utility.h" alt="" coords="588,752,649,779">
<area shape="rect" href="$constrct_8h.html" title="constrct.h" alt="" coords="344,827,424,853">
<area shape="rect" href="$symblcmp_8h.html" title="symblcmp.h" alt="" coords="1084,827,1175,853">
<area shape="rect" href="$cstrccom_8h.html" title="cstrccom.h" alt="" coords="623,603,708,629">
<area shape="rect" href="$multifld_8h.html" title="multifld.h" alt="" coords="427,304,501,331">
<area shape="rect" href="$match_8h.html" title="match.h" alt="" coords="576,304,643,331">
<area shape="rect" href="$constrnt_8h.html" title="constrnt.h" alt="" coords="892,603,972,629">
<area shape="rect" href="$pattern_8h.html" title="pattern.h" alt="" coords="951,379,1023,405">
<area shape="rect" href="$network_8h.html" title="network.h" alt="" coords="521,603,599,629">
<area shape="rect" href="$reorder_8h.html" title="reorder.h" alt="" coords="951,453,1023,480">
<area shape="rect" href="$ruledef_8h.html" title="ruledef.h" alt="" coords="695,528,767,555">
<area shape="rect" href="$prntutil_8h.html" title="prntutil.h" alt="" coords="472,453,544,480">
<area shape="rect" href="$facthsh_8h.html" title="facthsh.h" alt="" coords="892,229,967,256">
<area shape="rect" href="$tmpltdef_8h.html" title="tmpltdef.h" alt="" coords="991,229,1071,256">
<area shape="rect" href="$factbld_8h.html" title="factbld.h" alt="" coords="951,304,1023,331">
