<area shape="rect" href="$setup_8h.html" title="setup.h" alt="" coords="124,80,188,107">
<area shape="rect" href="$envrnmnt_8h.html" title="envrnmnt.h" alt="" coords="5,155,91,181">
<area shape="rect" href="$network_8h.html" title="network.h" alt="" coords="1272,80,1349,107">
<area shape="rect" href="$extnfunc_8h.html" title="extnfunc.h" alt="" coords="1103,752,1185,779">
<area shape="rect" href="$clipsrules_2core_2utility_8h.html" title="utility.h" alt="" coords="528,379,589,405">
<area shape="rect" href="$drive_8h.html" title="drive.h" alt="" coords="1637,229,1696,256">
<area shape="rect" href="$objrtmch_8h.html" title="objrtmch.h" alt="" coords="1064,155,1147,181">
<area shape="rect" href="$lgcldpnd_8h.html" title="lgcldpnd.h" alt="" coords="1443,155,1523,181">
<area shape="rect" href="$classcom_8h.html" title="classcom.h" alt="" coords="603,155,691,181">
<area shape="rect" href="$classfun_8h.html" title="classfun.h" alt="" coords="1117,80,1197,107">
<area shape="rect" href="$engine_8h.html" title="engine.h" alt="" coords="1448,80,1517,107">
<area shape="rect" href="$memalloc_8h.html" title="memalloc.h" alt="" coords="955,80,1043,107">
<area shape="rect" href="$insfun_8h.html" title="insfun.h" alt="" coords="373,155,440,181">
<area shape="rect" href="$modulutl_8h.html" title="modulutl.h" alt="" coords="272,229,352,256">
<area shape="rect" href="$msgcom_8h.html" title="msgcom.h" alt="" coords="848,80,931,107">
<area shape="rect" href="$msgfun_8h.html" title="msgfun.h" alt="" coords="749,80,824,107">
<area shape="rect" href="$prccode_8h.html" title="prccode.h" alt="" coords="1067,229,1144,256">
<area shape="rect" href="$router_8h.html" title="router.h" alt="" coords="515,155,579,181">
<area shape="rect" href="$sysdep_8h.html" title="sysdep.h" alt="" coords="1403,379,1477,405">
<area shape="rect" href="$insmngr_8h.html" title="insmngr.h" alt="" coords="648,80,725,107">
<area shape="rect" href="$inscom_8h.html" title="inscom.h" alt="" coords="444,80,519,107">
<area shape="rect" href="$watch_8h.html" title="watch.h" alt="" coords="1696,528,1763,555">
<area shape="rect" href="$usrsetup_8h.html" title="usrsetup.h" alt="" coords="115,155,197,181">
<area shape="rect" href="$symbol_8h.html" title="symbol.h" alt="" coords="669,827,744,853">
<area shape="rect" href="$match_8h.html" title="match.h" alt="" coords="1333,304,1400,331">
<area shape="rect" href="$ruledef_8h.html" title="ruledef.h" alt="" coords="1272,155,1344,181">
<area shape="rect" href="$pattern_8h.html" title="pattern.h" alt="" coords="1231,379,1303,405">
<area shape="rect" href="$evaluatn_8h.html" title="evaluatn.h" alt="" coords="867,528,947,555">
<area shape="rect" href="$constant_8h.html" title="constant.h" alt="" coords="845,603,928,629">
<area shape="rect" href="$userdata_8h.html" title="userdata.h" alt="" coords="924,827,1007,853">
<area shape="rect" href="$expressn_8h.html" title="expressn.h" alt="" coords="1208,603,1293,629">
<area shape="rect" href="$exprnops_8h.html" title="exprnops.h" alt="" coords="1208,677,1293,704">
<area shape="rect" href="$exprnpsr_8h.html" title="exprnpsr.h" alt="" coords="1104,677,1184,704">
<area shape="rect" href="$constrnt_8h.html" title="constrnt.h" alt="" coords="988,304,1068,331">
<area shape="rect" href="$cstrccom_8h.html" title="cstrccom.h" alt="" coords="895,229,980,256">
<area shape="rect" href="$conscomp_8h.html" title="conscomp.h" alt="" coords="927,379,1017,405">
<area shape="rect" href="$agenda_8h.html" title="agenda.h" alt="" coords="1269,229,1344,256">
<area shape="rect" href="$moduldef_8h.html" title="moduldef.h" alt="" coords="613,304,699,331">
<area shape="rect" href="$modulpsr_8h.html" title="modulpsr.h" alt="" coords="615,453,697,480">
<area shape="rect" href="$constrct_8h.html" title="constrct.h" alt="" coords="721,453,801,480">
<area shape="rect" href="$clipsrules_2core_2object_8h.html" title="object.h" alt="" coords="804,229,871,256">
<area shape="rect" href="$multifld_8h.html" title="multifld.h" alt="" coords="777,304,852,331">
<area shape="rect" href="$retract_8h.html" title="retract.h" alt="" coords="1493,229,1563,256">
<area shape="rect" href="$msgpass_8h.html" title="msgpass.h" alt="" coords="816,155,901,181">
<area shape="rect" href="$prntutil_8h.html" title="prntutil.h" alt="" coords="615,229,687,256">
