<area shape="rect" href="$network_8h.html" title="src/clipsrules/core/network.h" alt="" coords="2265,80,2452,107">
<area shape="rect" href="$agenda_8h.html" title="src/clipsrules/core/agenda.h" alt="" coords="1780,229,1964,256">
<area shape="rect" href="$retract_8c.html" title="src/clipsrules/core/retract.c" alt="" coords="2560,304,2739,331">
<area shape="rect" href="$clipsrules_2core_2object_8h.html" title="src/clipsrules/core/object.h" alt="" coords="3953,80,4129,107">
<area shape="rect" href="$pattern_8h.html" title="src/clipsrules/core/pattern.h" alt="" coords="668,229,849,256">
<area shape="rect" href="$pattern_8c.html" title="src/clipsrules/core/pattern.c" alt="" coords="5,304,187,331">
<area shape="rect" href="$reteutil_8c.html" title="src/clipsrules/core/reteutil.c" alt="" coords="469,304,651,331">
<area shape="rect" href="$drive_8h.html" title="src/clipsrules/core/drive.h" alt="" coords="1535,229,1705,256">
<area shape="rect" href="$factmngr_8c.html" title="src/clipsrules/core/factmngr.c" alt="" coords="1643,304,1835,331">
<area shape="rect" href="$lgcldpnd_8h.html" title="src/clipsrules/core/lgcldpnd.h" alt="" coords="1988,229,2177,256">
<area shape="rect" href="$reteutil_8h.html" title="src/clipsrules/core/reteutil.h" alt="" coords="1076,229,1257,256">
<area shape="rect" href="$factcom_8c.html" title="src/clipsrules/core/factcom.c" alt="" coords="4153,80,4343,107">
<area shape="rect" href="$retract_8h.html" title="src/clipsrules/core/retract.h" alt="" coords="1332,229,1511,256">
<area shape="rect" href="$ruledef_8h.html" title="src/clipsrules/core/ruledef.h" alt="" coords="1951,155,2132,181">
<area shape="rect" href="$objrtbld_8c.html" title="src/clipsrules/core/objrtbld.c" alt="" coords="3072,304,3256,331">
<area shape="rect" href="$conscomp_8c.html" title="src/clipsrules/core/conscomp.c" alt="" coords="2257,155,2460,181">
<area shape="rect" href="$dffnxpsr_8c.html" title="src/clipsrules/core/dffnxpsr.c" alt="" coords="2484,155,2671,181">
<area shape="rect" href="$exprnbin_8c.html" title="src/clipsrules/core/exprnbin.c" alt="" coords="4820,304,5012,331">
<area shape="rect" href="$exprnpsr_8c.html" title="src/clipsrules/core/exprnpsr.c" alt="" coords="2695,155,2887,181">
<area shape="rect" href="$factgen_8c.html" title="src/clipsrules/core/factgen.c" alt="" coords="211,304,395,331">
<area shape="rect" href="$genrccmp_8c.html" title="src/clipsrules/core/genrccmp.c" alt="" coords="2911,155,3111,181">
<area shape="rect" href="$genrccom_8c.html" title="src/clipsrules/core/genrccom.c" alt="" coords="4093,304,4293,331">
<area shape="rect" href="$insmngr_8c.html" title="src/clipsrules/core/insmngr.c" alt="" coords="3313,304,3500,331">
<area shape="rect" href="$insmoddp_8c.html" title="src/clipsrules/core/insmoddp.c" alt="" coords="3589,304,3787,331">
<area shape="rect" href="$rulebin_8h.html" title="src/clipsrules/core/rulebin.h" alt="" coords="873,229,1052,256">
<area shape="rect" href="$tmpltdef_8c.html" title="src/clipsrules/core/tmpltdef.c" alt="" coords="3135,155,3324,181">
<area shape="rect" href="$xmenu__wind_8c.html" title="src/client/x/xmenu_wind.c" alt="" coords="4368,304,4539,331">
<area shape="rect" href="$agenda_8c.html" title="src/clipsrules/core/agenda.c" alt="" coords="2431,379,2615,405">
<area shape="rect" href="$ruledef_8c.html" title="src/clipsrules/core/ruledef.c" alt="" coords="979,304,1160,331">
<area shape="rect" href="$rulelhs_8c.html" title="src/clipsrules/core/rulelhs.c" alt="" coords="2053,304,2232,331">
<area shape="rect" href="$xclips_8c.html" title="src/client/x/xclips.c" alt="" coords="4027,379,4160,405">
<area shape="rect" href="$crstrtgy_8h.html" title="src/clipsrules/core/crstrtgy.h" alt="" coords="2763,304,2947,331">
<area shape="rect" href="$crstrtgy_8c.html" title="src/clipsrules/core/crstrtgy.c" alt="" coords="1511,379,1695,405">
<area shape="rect" href="$drive_8c.html" title="src/clipsrules/core/drive.c" alt="" coords="1859,304,2029,331">
<area shape="rect" href="$engine_8c.html" title="src/clipsrules/core/engine.c" alt="" coords="2256,304,2435,331">
<area shape="rect" href="$incrrset_8c.html" title="src/clipsrules/core/incrrset.c" alt="" coords="1435,304,1619,331">
<area shape="rect" href="$rulebin_8c.html" title="src/clipsrules/core/rulebin.c" alt="" coords="675,304,853,331">
<area shape="rect" href="$ruledlt_8c.html" title="src/clipsrules/core/ruledlt.c" alt="" coords="1184,304,1360,331">
<area shape="rect" href="$insfun_8h.html" title="src/clipsrules/core/insfun.h" alt="" coords="4079,155,4255,181">
<area shape="rect" href="$inscom_8h.html" title="src/clipsrules/core/inscom.h" alt="" coords="3785,229,3969,256">
<area shape="rect" href="$insfile_8c.html" title="src/clipsrules/core/insfile.c" alt="" coords="3893,304,4069,331">
<area shape="rect" href="$classfun_8h.html" title="src/clipsrules/core/classfun.h" alt="" coords="3417,229,3609,256">
<area shape="rect" href="$classcom_8h.html" title="src/clipsrules/core/classcom.h" alt="" coords="4095,229,4292,256">
<area shape="rect" href="$classini_8h.html" title="src/clipsrules/core/classini.h" alt="" coords="3601,155,3788,181">
<area shape="rect" href="$genrcfun_8h.html" title="src/clipsrules/core/genrcfun.h" alt="" coords="4431,155,4623,181">
<area shape="rect" href="$defins_8h.html" title="src/clipsrules/core/defins.h" alt="" coords="4569,229,4745,256">
<area shape="rect" href="$evaluatn_8c.html" title="src/clipsrules/core/evaluatn.c" alt="" coords="3812,155,4004,181">
<area shape="rect" href="$objbin_8h.html" title="src/clipsrules/core/objbin.h" alt="" coords="4823,155,4999,181">
<area shape="rect" href="$objrtmch_8h.html" title="src/clipsrules/core/objrtmch.h" alt="" coords="3201,229,3393,256">
