<area shape="rect" href="$md__device_8h.html" title="md_device.h" alt="" coords="1388,80,1484,107">
<area shape="rect" href="$mdBehavior_8h.html" title="mdBehavior.h" alt="" coords="2276,80,2375,107">
<area shape="rect" href="$Listener_8cpp.html" title="../server/Listener.cpp" alt="" coords="2399,80,2543,107">
<area shape="rect" href="$EventSender_8cpp.html" title="../server/EventSender.cpp" alt="" coords="2567,80,2737,107">
<area shape="rect" href="$Listener_8h.html" title="Listener.h" alt="" coords="2276,229,2353,256">
<area shape="rect" href="$EventSender_8h.html" title="EventSender.h" alt="" coords="2464,155,2571,181">
<area shape="rect" href="$PolymorphEvent_8h.html" title="PolymorphEvent.h" alt="" coords="2124,229,2252,256">
<area shape="rect" href="$TimeStampedEvent_8h.html" title="TimeStampedEvent.h" alt="" coords="1867,155,2013,181">
<area shape="rect" href="$mdcommon_8h.html" title="mdcommon.h" alt="" coords="5,155,104,181">
<area shape="rect" href="$EventFWD_8h.html" title="EventFWD.h" alt="" coords="2428,229,2524,256">
<area shape="rect" href="$IllegalSendError_8h.html" title="IllegalSendError.h" alt="" coords="2548,229,2671,256">
