<area shape="rect" href="$setup_8h.html" title="setup.h" alt="" coords="617,80,681,107">
<area shape="rect" href="$envrnmnt_8h.html" title="envrnmnt.h" alt="" coords="705,155,791,181">
<area shape="rect" href="$conscomp_8h.html" title="conscomp.h" alt="" coords="268,80,359,107">
<area shape="rect" href="$moduldef_8h.html" title="moduldef.h" alt="" coords="404,229,489,256">
<area shape="rect" href="$sysdep_8h.html" title="sysdep.h" alt="" coords="835,229,909,256">
<area shape="rect" href="$modulcmp_8h.html" title="modulcmp.h" alt="" coords="484,155,575,181">
<area shape="rect" href="$usrsetup_8h.html" title="usrsetup.h" alt="" coords="599,155,681,181">
<area shape="rect" href="$symbol_8h.html" title="symbol.h" alt="" coords="485,677,560,704">
<area shape="rect" href="$constrct_8h.html" title="constrct.h" alt="" coords="228,155,308,181">
<area shape="rect" href="$extnfunc_8h.html" title="extnfunc.h" alt="" coords="105,603,188,629">
<area shape="rect" href="$symblcmp_8h.html" title="symblcmp.h" alt="" coords="551,229,641,256">
<area shape="rect" href="$userdata_8h.html" title="userdata.h" alt="" coords="15,677,97,704">
<area shape="rect" href="$evaluatn_8h.html" title="evaluatn.h" alt="" coords="259,379,339,405">
<area shape="rect" href="$modulpsr_8h.html" title="modulpsr.h" alt="" coords="404,304,487,331">
<area shape="rect" href="$clipsrules_2core_2utility_8h.html" title="utility.h" alt="" coords="511,304,572,331">
<area shape="rect" href="$constant_8h.html" title="constant.h" alt="" coords="301,453,384,480">
<area shape="rect" href="$expressn_8h.html" title="expressn.h" alt="" coords="192,453,277,480">
<area shape="rect" href="$exprnops_8h.html" title="exprnops.h" alt="" coords="299,528,384,555">
<area shape="rect" href="$exprnpsr_8h.html" title="exprnpsr.h" alt="" coords="195,528,275,555">
<area shape="rect" href="$scanner_8h.html" title="scanner.h" alt="" coords="212,603,289,629">
<area shape="rect" href="$pprint_8h.html" title="pprint.h" alt="" coords="219,677,283,704">
