<area shape="rect" href="$moduldef_8h.html" title="moduldef.h" alt="" coords="237,80,323,107">
<area shape="rect" href="$conscomp_8h.html" title="conscomp.h" alt="" coords="428,155,519,181">
<area shape="rect" href="$modulpsr_8h.html" title="modulpsr.h" alt="" coords="239,229,321,256">
<area shape="rect" href="$clipsrules_2core_2utility_8h.html" title="utility.h" alt="" coords="329,155,391,181">
<area shape="rect" href="$constrct_8h.html" title="constrct.h" alt="" coords="557,229,637,256">
<area shape="rect" href="$extnfunc_8h.html" title="extnfunc.h" alt="" coords="437,528,520,555">
<area shape="rect" href="$symblcmp_8h.html" title="symblcmp.h" alt="" coords="123,229,213,256">
<area shape="rect" href="$userdata_8h.html" title="userdata.h" alt="" coords="527,603,609,629">
<area shape="rect" href="$evaluatn_8h.html" title="evaluatn.h" alt="" coords="295,304,375,331">
<area shape="rect" href="$symbol_8h.html" title="symbol.h" alt="" coords="165,603,240,629">
<area shape="rect" href="$constant_8h.html" title="constant.h" alt="" coords="240,379,323,405">
<area shape="rect" href="$expressn_8h.html" title="expressn.h" alt="" coords="347,379,432,405">
<area shape="rect" href="$exprnops_8h.html" title="exprnops.h" alt="" coords="240,453,325,480">
<area shape="rect" href="$exprnpsr_8h.html" title="exprnpsr.h" alt="" coords="349,453,429,480">
<area shape="rect" href="$scanner_8h.html" title="scanner.h" alt="" coords="336,528,413,555">
<area shape="rect" href="$pprint_8h.html" title="pprint.h" alt="" coords="343,603,407,629">
