<area shape="rect" href="$moduldef_8h.html" title="src/clipsrules/core/moduldef.h" alt="" coords="2451,80,2645,107">
<area shape="rect" href="$defins_8c.html" title="src/clipsrules/core/defins.c" alt="" coords="3600,229,3776,256">
<area shape="rect" href="$dffnxfun_8c.html" title="src/clipsrules/core/dffnxfun.c" alt="" coords="4024,229,4211,256">
<area shape="rect" href="$genrccom_8c.html" title="src/clipsrules/core/genrccom.c" alt="" coords="3800,229,4000,256">
<area shape="rect" href="$moduldef_8c.html" title="src/clipsrules/core/moduldef.c" alt="" coords="2104,229,2299,256">
<area shape="rect" href="$modulpsr_8c.html" title="src/clipsrules/core/modulpsr.c" alt="" coords="4659,229,4853,256">
<area shape="rect" href="$cstrcpsr_8c.html" title="src/clipsrules/core/cstrcpsr.c" alt="" coords="5728,229,5915,256">
<area shape="rect" href="$globlpsr_8c.html" title="src/clipsrules/core/globlpsr.c" alt="" coords="5517,229,5704,256">
<area shape="rect" href="$factrhs_8c.html" title="src/clipsrules/core/factrhs.c" alt="" coords="4453,229,4635,256">
<area shape="rect" href="$classini_8c.html" title="src/clipsrules/core/classini.c" alt="" coords="5307,229,5493,256">
<area shape="rect" href="$tmpltdef_8c.html" title="src/clipsrules/core/tmpltdef.c" alt="" coords="5939,229,6128,256">
<area shape="rect" href="$classpsr_8c.html" title="src/clipsrules/core/classpsr.c" alt="" coords="6152,229,6341,256">
<area shape="rect" href="$factlhs_8c.html" title="src/clipsrules/core/factlhs.c" alt="" coords="6365,229,6547,256">
<area shape="rect" href="$globldef_8c.html" title="src/clipsrules/core/globldef.c" alt="" coords="6571,229,6757,256">
<area shape="rect" href="$modulutl_8c.html" title="src/clipsrules/core/modulutl.c" alt="" coords="6781,229,6973,256">
<area shape="rect" href="$xmenu__wind_8c.html" title="src/client/x/xmenu_wind.c" alt="" coords="5,229,176,256">
<area shape="rect" href="$argacces_8h.html" title="src/clipsrules/core/argacces.h" alt="" coords="2817,155,3012,181">
<area shape="rect" href="$agenda_8c.html" title="src/clipsrules/core/agenda.c" alt="" coords="4877,229,5061,256">
<area shape="rect" href="$bsave_8c.html" title="src/clipsrules/core/bsave.c" alt="" coords="1685,229,1861,256">
<area shape="rect" href="$constrct_8c.html" title="src/clipsrules/core/constrct.c" alt="" coords="3387,229,3576,256">
<area shape="rect" href="$cstrccom_8c.html" title="src/clipsrules/core/cstrccom.c" alt="" coords="4235,229,4429,256">
<area shape="rect" href="$symblbin_8c.html" title="src/clipsrules/core/symblbin.c" alt="" coords="2531,229,2725,256">
<area shape="rect" href="$sysdep_8c.html" title="src/clipsrules/core/sysdep.c" alt="" coords="2323,229,2507,256">
<area shape="rect" href="$constrct_8h.html" title="src/clipsrules/core/constrct.h" alt="" coords="3036,155,3225,181">
<area shape="rect" href="$exprnbin_8c.html" title="src/clipsrules/core/exprnbin.c" alt="" coords="427,229,619,256">
<area shape="rect" href="$modulbin_8c.html" title="src/clipsrules/core/modulbin.c" alt="" coords="1885,229,2080,256">
<area shape="rect" href="$prntutil_8h.html" title="src/clipsrules/core/prntutil.h" alt="" coords="1420,155,1601,181">
<area shape="rect" href="$inspsr_8c.html" title="src/clipsrules/core/inspsr.c" alt="" coords="1485,229,1661,256">
<area shape="rect" href="$cstrccom_8h.html" title="src/clipsrules/core/cstrccom.h" alt="" coords="4212,155,4407,181">
<area shape="rect" href="$cstrcbin_8c.html" title="src/clipsrules/core/cstrcbin.c" alt="" coords="3249,155,3436,181">
<area shape="rect" href="$dffctbin_8c.html" title="src/clipsrules/core/dffctbin.c" alt="" coords="3460,155,3644,181">
<area shape="rect" href="$modulbin_8h.html" title="src/clipsrules/core/modulbin.h" alt="" coords="2185,155,2380,181">
<area shape="rect" href="$factbin_8c.html" title="src/clipsrules/core/factbin.c" alt="" coords="3668,155,3849,181">
<area shape="rect" href="$modulutl_8h.html" title="src/clipsrules/core/modulutl.h" alt="" coords="5323,155,5515,181">
<area shape="rect" href="$globlbin_8c.html" title="src/clipsrules/core/globlbin.c" alt="" coords="983,155,1169,181">
<area shape="rect" href="$insfun_8h.html" title="src/clipsrules/core/insfun.h" alt="" coords="783,155,959,181">
<area shape="rect" href="$modulcmp_8c.html" title="src/clipsrules/core/modulcmp.c" alt="" coords="200,229,403,256">
<area shape="rect" href="$modulcmp_8h.html" title="src/clipsrules/core/modulcmp.h" alt="" coords="1193,155,1396,181">
<area shape="rect" href="$prccode_8h.html" title="src/clipsrules/core/prccode.h" alt="" coords="2455,155,2641,181">
<area shape="rect" href="$reteutil_8c.html" title="src/clipsrules/core/reteutil.c" alt="" coords="1727,155,1908,181">
<area shape="rect" href="$rulebin_8c.html" title="src/clipsrules/core/rulebin.c" alt="" coords="1932,155,2111,181">
<area shape="rect" href="$argacces_8c.html" title="src/clipsrules/core/argacces.c" alt="" coords="1267,229,1461,256">
<area shape="rect" href="$bload_8c.html" title="src/clipsrules/core/bload.c" alt="" coords="3189,229,3363,256">
<area shape="rect" href="$bmathfun_8c.html" title="src/clipsrules/core/bmathfun.c" alt="" coords="2749,229,2944,256">
<area shape="rect" href="$classcom_8c.html" title="src/clipsrules/core/classcom.c" alt="" coords="5085,229,5283,256">
<area shape="rect" href="$classexm_8c.html" title="src/clipsrules/core/classexm.c" alt="" coords="643,229,840,256">
<area shape="rect" href="$classinf_8c.html" title="src/clipsrules/core/classinf.c" alt="" coords="1056,229,1243,256">
<area shape="rect" href="$clips_8h.html" title="src/clipsrules/core/clips.h" alt="" coords="864,229,1032,256">
<area shape="rect" href="$commline_8c.html" title="src/clipsrules/core/commline.c" alt="" coords="2968,229,3165,256">
