<area shape="rect" href="$setup_8h.html" title="setup.h" alt="" coords="1231,80,1295,107">
<area shape="rect" href="$envrnmnt_8h.html" title="envrnmnt.h" alt="" coords="1328,155,1413,181">
<area shape="rect" href="$memalloc_8h.html" title="memalloc.h" alt="" coords="171,80,259,107">
<area shape="rect" href="$constant_8h.html" title="constant.h" alt="" coords="5,528,88,555">
<area shape="rect" href="$router_8h.html" title="router.h" alt="" coords="485,80,549,107">
<area shape="rect" href="$moduldef_8h.html" title="moduldef.h" alt="" coords="621,229,707,256">
<area shape="rect" href="$constrct_8h.html" title="constrct.h" alt="" coords="424,379,504,405">
<area shape="rect" href="$extnfunc_8h.html" title="extnfunc.h" alt="" coords="500,677,583,704">
<area shape="rect" href="$modulpsr_8h.html" title="modulpsr.h" alt="" coords="661,304,744,331">
<area shape="rect" href="$clipsrules_2core_2utility_8h.html" title="utility.h" alt="" coords="1307,379,1368,405">
<area shape="rect" href="$argacces_8h.html" title="argacces.h" alt="" coords="275,155,360,181">
<area shape="rect" href="$modulcmp_8h.html" title="modulcmp.h" alt="" coords="781,155,872,181">
<area shape="rect" href="$modulbsc_8h.html" title="modulbsc.h" alt="" coords="117,229,205,256">
<area shape="rect" href="$bload_8h.html" title="bload.h" alt="" coords="1032,304,1096,331">
<area shape="rect" href="$modulbin_8h.html" title="modulbin.h" alt="" coords="573,80,656,107">
<area shape="rect" href="$usrsetup_8h.html" title="usrsetup.h" alt="" coords="1221,155,1304,181">
<area shape="rect" href="$symbol_8h.html" title="symbol.h" alt="" coords="732,752,807,779">
<area shape="rect" href="$prntutil_8h.html" title="prntutil.h" alt="" coords="509,155,581,181">
<area shape="rect" href="$conscomp_8h.html" title="conscomp.h" alt="" coords="547,304,637,331">
<area shape="rect" href="$symblcmp_8h.html" title="symblcmp.h" alt="" coords="629,379,720,405">
<area shape="rect" href="$userdata_8h.html" title="userdata.h" alt="" coords="399,752,481,779">
<area shape="rect" href="$evaluatn_8h.html" title="evaluatn.h" alt="" coords="149,453,229,480">
<area shape="rect" href="$expressn_8h.html" title="expressn.h" alt="" coords="317,528,403,555">
<area shape="rect" href="$exprnops_8h.html" title="exprnops.h" alt="" coords="317,603,403,629">
<area shape="rect" href="$exprnpsr_8h.html" title="exprnpsr.h" alt="" coords="213,603,293,629">
<area shape="rect" href="$scanner_8h.html" title="scanner.h" alt="" coords="163,677,240,704">
<area shape="rect" href="$pprint_8h.html" title="pprint.h" alt="" coords="169,752,233,779">
<area shape="rect" href="$exprnbin_8h.html" title="exprnbin.h" alt="" coords="947,379,1027,405">
<area shape="rect" href="$sysdep_8h.html" title="sysdep.h" alt="" coords="1101,379,1176,405">
<area shape="rect" href="$symblbin_8h.html" title="symblbin.h" alt="" coords="1200,379,1283,405">
