<area shape="rect" href="$setup_8h.html" title="setup.h" alt="" coords="625,80,689,107">
<area shape="rect" href="$envrnmnt_8h.html" title="envrnmnt.h" alt="" coords="713,155,799,181">
<area shape="rect" href="$memalloc_8h.html" title="memalloc.h" alt="" coords="873,80,961,107">
<area shape="rect" href="$router_8h.html" title="router.h" alt="" coords="437,80,501,107">
<area shape="rect" href="$modulpsr_8h.html" title="modulpsr.h" alt="" coords="285,304,368,331">
<area shape="rect" href="$sysdep_8h.html" title="sysdep.h" alt="" coords="796,379,871,405">
<area shape="rect" href="$modulutl_8h.html" title="modulutl.h" alt="" coords="503,155,583,181">
<area shape="rect" href="$usrsetup_8h.html" title="usrsetup.h" alt="" coords="607,155,689,181">
<area shape="rect" href="$symbol_8h.html" title="symbol.h" alt="" coords="511,752,585,779">
<area shape="rect" href="$prntutil_8h.html" title="prntutil.h" alt="" coords="407,155,479,181">
<area shape="rect" href="$moduldef_8h.html" title="moduldef.h" alt="" coords="421,229,507,256">
<area shape="rect" href="$conscomp_8h.html" title="conscomp.h" alt="" coords="443,304,533,331">
<area shape="rect" href="$clipsrules_2core_2utility_8h.html" title="utility.h" alt="" coords="557,304,619,331">
<area shape="rect" href="$constrct_8h.html" title="constrct.h" alt="" coords="371,379,451,405">
<area shape="rect" href="$extnfunc_8h.html" title="extnfunc.h" alt="" coords="279,677,361,704">
<area shape="rect" href="$symblcmp_8h.html" title="symblcmp.h" alt="" coords="528,379,619,405">
<area shape="rect" href="$userdata_8h.html" title="userdata.h" alt="" coords="5,752,88,779">
<area shape="rect" href="$evaluatn_8h.html" title="evaluatn.h" alt="" coords="247,453,327,480">
<area shape="rect" href="$constant_8h.html" title="constant.h" alt="" coords="251,528,333,555">
<area shape="rect" href="$expressn_8h.html" title="expressn.h" alt="" coords="141,528,227,555">
<area shape="rect" href="$exprnops_8h.html" title="exprnops.h" alt="" coords="197,603,283,629">
<area shape="rect" href="$exprnpsr_8h.html" title="exprnpsr.h" alt="" coords="93,603,173,629">
<area shape="rect" href="$scanner_8h.html" title="scanner.h" alt="" coords="100,677,177,704">
<area shape="rect" href="$pprint_8h.html" title="pprint.h" alt="" coords="112,752,176,779">
