<area shape="rect" href="$symbol_8h.html" title="symbol.h" alt="" coords="549,603,624,629">
<area shape="rect" href="$evaluatn_8h.html" title="evaluatn.h" alt="" coords="291,304,371,331">
<area shape="rect" href="$moduldef_8h.html" title="moduldef.h" alt="" coords="495,80,580,107">
<area shape="rect" href="$constant_8h.html" title="constant.h" alt="" coords="173,379,256,405">
<area shape="rect" href="$userdata_8h.html" title="userdata.h" alt="" coords="300,603,383,629">
<area shape="rect" href="$expressn_8h.html" title="expressn.h" alt="" coords="280,379,365,405">
<area shape="rect" href="$exprnops_8h.html" title="exprnops.h" alt="" coords="157,453,243,480">
<area shape="rect" href="$exprnpsr_8h.html" title="exprnpsr.h" alt="" coords="267,453,347,480">
<area shape="rect" href="$extnfunc_8h.html" title="extnfunc.h" alt="" coords="379,528,461,555">
<area shape="rect" href="$scanner_8h.html" title="scanner.h" alt="" coords="5,528,83,555">
<area shape="rect" href="$pprint_8h.html" title="pprint.h" alt="" coords="12,603,76,629">
<area shape="rect" href="$conscomp_8h.html" title="conscomp.h" alt="" coords="533,155,624,181">
<area shape="rect" href="$clipsrules_2core_2utility_8h.html" title="utility.h" alt="" coords="397,155,459,181">
<area shape="rect" href="$constrct_8h.html" title="constrct.h" alt="" coords="456,229,536,256">
<area shape="rect" href="$symblcmp_8h.html" title="symblcmp.h" alt="" coords="613,229,704,256">
