<area shape="rect" href="$setup_8h.html" title="setup.h" alt="" coords="700,80,764,107">
<area shape="rect" href="$envrnmnt_8h.html" title="envrnmnt.h" alt="" coords="743,155,828,181">
<area shape="rect" href="$constrct_8h.html" title="constrct.h" alt="" coords="375,155,455,181">
<area shape="rect" href="$extnfunc_8h.html" title="extnfunc.h" alt="" coords="269,379,352,405">
<area shape="rect" href="$modulbin_8h.html" title="modulbin.h" alt="" coords="455,80,537,107">
<area shape="rect" href="$prntutil_8h.html" title="prntutil.h" alt="" coords="540,155,612,181">
<area shape="rect" href="$modulcmp_8h.html" title="modulcmp.h" alt="" coords="852,155,943,181">
<area shape="rect" href="$router_8h.html" title="router.h" alt="" coords="612,80,676,107">
<area shape="rect" href="$argacces_8h.html" title="argacces.h" alt="" coords="180,155,265,181">
<area shape="rect" href="$bload_8h.html" title="bload.h" alt="" coords="791,304,855,331">
<area shape="rect" href="$modulbsc_8h.html" title="modulbsc.h" alt="" coords="5,229,93,256">
<area shape="rect" href="$usrsetup_8h.html" title="usrsetup.h" alt="" coords="636,155,719,181">
<area shape="rect" href="$symbol_8h.html" title="symbol.h" alt="" coords="476,453,551,480">
<area shape="rect" href="$userdata_8h.html" title="userdata.h" alt="" coords="7,453,89,480">
<area shape="rect" href="$moduldef_8h.html" title="moduldef.h" alt="" coords="535,229,620,256">
<area shape="rect" href="$evaluatn_8h.html" title="evaluatn.h" alt="" coords="115,379,195,405">
<area shape="rect" href="$conscomp_8h.html" title="conscomp.h" alt="" coords="421,304,512,331">
<area shape="rect" href="$modulpsr_8h.html" title="modulpsr.h" alt="" coords="536,304,619,331">
<area shape="rect" href="$clipsrules_2core_2utility_8h.html" title="utility.h" alt="" coords="592,379,653,405">
<area shape="rect" href="$symblcmp_8h.html" title="symblcmp.h" alt="" coords="427,379,517,405">
<area shape="rect" href="$expressn_8h.html" title="expressn.h" alt="" coords="220,453,305,480">
<area shape="rect" href="$exprnops_8h.html" title="exprnops.h" alt="" coords="207,528,292,555">
<area shape="rect" href="$exprnpsr_8h.html" title="exprnpsr.h" alt="" coords="316,528,396,555">
<area shape="rect" href="$scanner_8h.html" title="scanner.h" alt="" coords="317,603,395,629">
<area shape="rect" href="$pprint_8h.html" title="pprint.h" alt="" coords="324,677,388,704">
<area shape="rect" href="$constant_8h.html" title="constant.h" alt="" coords="113,453,196,480">
<area shape="rect" href="$exprnbin_8h.html" title="exprnbin.h" alt="" coords="728,379,808,405">
<area shape="rect" href="$sysdep_8h.html" title="sysdep.h" alt="" coords="832,379,907,405">
<area shape="rect" href="$symblbin_8h.html" title="symblbin.h" alt="" coords="931,379,1013,405">
