<area shape="rect" href="$dffctbin_8h.html" title="src/clipsrules/core/dffctbin.h" alt="" coords="320,80,504,107">
<area shape="rect" href="$dffnxbin_8c.html" title="src/clipsrules/core/dffnxbin.c" alt="" coords="853,80,1040,107">
<area shape="rect" href="$dfinsbin_8c.html" title="src/clipsrules/core/dfinsbin.c" alt="" coords="1064,80,1251,107">
<area shape="rect" href="$tmpltbin_8h.html" title="src/clipsrules/core/tmpltbin.h" alt="" coords="1275,80,1461,107">
<area shape="rect" href="$globlbin_8h.html" title="src/clipsrules/core/globlbin.h" alt="" coords="1700,80,1887,107">
<area shape="rect" href="$rulebin_8h.html" title="src/clipsrules/core/rulebin.h" alt="" coords="2124,80,2303,107">
<area shape="rect" href="$genrcbin_8c.html" title="src/clipsrules/core/genrcbin.c" alt="" coords="2327,80,2519,107">
<area shape="rect" href="$modulbin_8c.html" title="src/clipsrules/core/modulbin.c" alt="" coords="2543,80,2737,107">
<area shape="rect" href="$modulbsc_8c.html" title="src/clipsrules/core/modulbsc.c" alt="" coords="2761,80,2959,107">
<area shape="rect" href="$moduldef_8c.html" title="src/clipsrules/core/moduldef.c" alt="" coords="2983,80,3177,107">
<area shape="rect" href="$objbin_8c.html" title="src/clipsrules/core/objbin.c" alt="" coords="3201,80,3377,107">
<area shape="rect" href="$dffctbin_8c.html" title="src/clipsrules/core/dffctbin.c" alt="" coords="5,155,189,181">
<area shape="rect" href="$dffctbsc_8c.html" title="src/clipsrules/core/dffctbsc.c" alt="" coords="213,155,400,181">
<area shape="rect" href="$dffctdef_8c.html" title="src/clipsrules/core/dffctdef.c" alt="" coords="424,155,608,181">
<area shape="rect" href="$exprnbin_8c.html" title="src/clipsrules/core/exprnbin.c" alt="" coords="1272,155,1464,181">
<area shape="rect" href="$tmpltbin_8c.html" title="src/clipsrules/core/tmpltbin.c" alt="" coords="632,155,819,181">
<area shape="rect" href="$tmpltbsc_8c.html" title="src/clipsrules/core/tmpltbsc.c" alt="" coords="843,155,1035,181">
<area shape="rect" href="$tmpltdef_8c.html" title="src/clipsrules/core/tmpltdef.c" alt="" coords="1059,155,1248,181">
<area shape="rect" href="$globlbin_8c.html" title="src/clipsrules/core/globlbin.c" alt="" coords="1488,155,1675,181">
<area shape="rect" href="$globlbsc_8c.html" title="src/clipsrules/core/globlbsc.c" alt="" coords="1699,155,1888,181">
<area shape="rect" href="$globldef_8c.html" title="src/clipsrules/core/globldef.c" alt="" coords="1912,155,2099,181">
<area shape="rect" href="$factbin_8c.html" title="src/clipsrules/core/factbin.c" alt="" coords="2123,155,2304,181">
<area shape="rect" href="$objrtbin_8c.html" title="src/clipsrules/core/objrtbin.c" alt="" coords="2328,155,2512,181">
<area shape="rect" href="$rulebin_8c.html" title="src/clipsrules/core/rulebin.c" alt="" coords="2536,155,2715,181">
<area shape="rect" href="$rulebsc_8c.html" title="src/clipsrules/core/rulebsc.c" alt="" coords="2739,155,2923,181">
<area shape="rect" href="$rulecom_8c.html" title="src/clipsrules/core/rulecom.c" alt="" coords="2947,155,3133,181">
<area shape="rect" href="$ruledef_8c.html" title="src/clipsrules/core/ruledef.c" alt="" coords="3157,155,3339,181">
