<area shape="rect" href="$setup_8h.html" title="setup.h" alt="" coords="123,80,187,107">
<area shape="rect" href="$envrnmnt_8h.html" title="envrnmnt.h" alt="" coords="112,155,197,181">
<area shape="rect" href="$memalloc_8h.html" title="memalloc.h" alt="" coords="1297,80,1385,107">
<area shape="rect" href="$constrct_8h.html" title="constrct.h" alt="" coords="403,80,483,107">
<area shape="rect" href="$moduldef_8h.html" title="moduldef.h" alt="" coords="548,155,633,181">
<area shape="rect" href="$bload_8h.html" title="bload.h" alt="" coords="773,229,837,256">
<area shape="rect" href="$bsave_8h.html" title="bsave.h" alt="" coords="1156,304,1223,331">
<area shape="rect" href="$modulbin_8h.html" title="modulbin.h" alt="" coords="549,80,632,107">
<area shape="rect" href="$usrsetup_8h.html" title="usrsetup.h" alt="" coords="5,155,88,181">
<area shape="rect" href="$symbol_8h.html" title="symbol.h" alt="" coords="415,379,489,405">
<area shape="rect" href="$userdata_8h.html" title="userdata.h" alt="" coords="295,379,377,405">
<area shape="rect" href="$evaluatn_8h.html" title="evaluatn.h" alt="" coords="284,304,364,331">
<area shape="rect" href="$conscomp_8h.html" title="conscomp.h" alt="" coords="545,229,636,256">
<area shape="rect" href="$modulpsr_8h.html" title="modulpsr.h" alt="" coords="439,229,521,256">
<area shape="rect" href="$clipsrules_2core_2utility_8h.html" title="utility.h" alt="" coords="711,304,772,331">
<area shape="rect" href="$symblcmp_8h.html" title="symblcmp.h" alt="" coords="596,304,687,331">
<area shape="rect" href="$extnfunc_8h.html" title="extnfunc.h" alt="" coords="489,304,572,331">
<area shape="rect" href="$expressn_8h.html" title="expressn.h" alt="" coords="607,379,692,405">
<area shape="rect" href="$exprnops_8h.html" title="exprnops.h" alt="" coords="607,453,692,480">
<area shape="rect" href="$exprnpsr_8h.html" title="exprnpsr.h" alt="" coords="503,453,583,480">
<area shape="rect" href="$scanner_8h.html" title="scanner.h" alt="" coords="504,528,581,555">
<area shape="rect" href="$pprint_8h.html" title="pprint.h" alt="" coords="511,603,575,629">
<area shape="rect" href="$constant_8h.html" title="constant.h" alt="" coords="188,379,271,405">
<area shape="rect" href="$exprnbin_8h.html" title="exprnbin.h" alt="" coords="1001,304,1081,331">
<area shape="rect" href="$sysdep_8h.html" title="sysdep.h" alt="" coords="796,304,871,331">
<area shape="rect" href="$symblbin_8h.html" title="symblbin.h" alt="" coords="895,304,977,331">
