<area shape="rect" href="$setup_8h.html" title="setup.h" alt="" coords="419,80,483,107">
<area shape="rect" href="$envrnmnt_8h.html" title="envrnmnt.h" alt="" coords="300,155,385,181">
<area shape="rect" href="$bload_8h.html" title="bload.h" alt="" coords="253,304,317,331">
<area shape="rect" href="$exprnpsr_8h.html" title="exprnpsr.h" alt="" coords="1463,603,1543,629">
<area shape="rect" href="$scanner_8h.html" title="scanner.h" alt="" coords="1588,677,1665,704">
<area shape="rect" href="$pprint_8h.html" title="pprint.h" alt="" coords="1632,752,1696,779">
<area shape="rect" href="$classcom_8h.html" title="classcom.h" alt="" coords="869,80,957,107">
<area shape="rect" href="$constrct_8h.html" title="constrct.h" alt="" coords="957,379,1037,405">
<area shape="rect" href="$classfun_8h.html" title="classfun.h" alt="" coords="1383,155,1463,181">
<area shape="rect" href="$memalloc_8h.html" title="memalloc.h" alt="" coords="1791,80,1879,107">
<area shape="rect" href="$cstrcpsr_8h.html" title="cstrcpsr.h" alt="" coords="1487,304,1564,331">
<area shape="rect" href="$cstrnchk_8h.html" title="cstrnchk.h" alt="" coords="1407,229,1489,256">
<area shape="rect" href="$insfun_8h.html" title="insfun.h" alt="" coords="1292,155,1359,181">
<area shape="rect" href="$msgcom_8h.html" title="msgcom.h" alt="" coords="1108,80,1191,107">
<area shape="rect" href="$msgfun_8h.html" title="msgfun.h" alt="" coords="1215,80,1289,107">
<area shape="rect" href="$prccode_8h.html" title="prccode.h" alt="" coords="673,155,751,181">
<area shape="rect" href="$router_8h.html" title="router.h" alt="" coords="780,80,844,107">
<area shape="rect" href="$strngrtr_8h.html" title="strngrtr.h" alt="" coords="567,229,639,256">
<area shape="rect" href="$msgpsr_8h.html" title="msgpsr.h" alt="" coords="1903,80,1977,107">
<area shape="rect" href="$usrsetup_8h.html" title="usrsetup.h" alt="" coords="409,155,492,181">
<area shape="rect" href="$symbol_8h.html" title="symbol.h" alt="" coords="625,752,700,779">
<area shape="rect" href="$exprnbin_8h.html" title="exprnbin.h" alt="" coords="299,379,379,405">
<area shape="rect" href="$extnfunc_8h.html" title="extnfunc.h" alt="" coords="779,677,861,704">
<area shape="rect" href="$sysdep_8h.html" title="sysdep.h" alt="" coords="43,379,117,405">
<area shape="rect" href="$symblbin_8h.html" title="symblbin.h" alt="" coords="192,379,275,405">
<area shape="rect" href="$clipsrules_2core_2utility_8h.html" title="utility.h" alt="" coords="403,379,464,405">
<area shape="rect" href="$expressn_8h.html" title="expressn.h" alt="" coords="883,528,968,555">
<area shape="rect" href="$exprnops_8h.html" title="exprnops.h" alt="" coords="883,603,968,629">
<area shape="rect" href="$userdata_8h.html" title="userdata.h" alt="" coords="1084,752,1167,779">
<area shape="rect" href="$cstrccom_8h.html" title="cstrccom.h" alt="" coords="871,155,956,181">
<area shape="rect" href="$clipsrules_2core_2object_8h.html" title="object.h" alt="" coords="1177,229,1244,256">
<area shape="rect" href="$moduldef_8h.html" title="moduldef.h" alt="" coords="816,229,901,256">
<area shape="rect" href="$conscomp_8h.html" title="conscomp.h" alt="" coords="764,304,855,331">
<area shape="rect" href="$modulpsr_8h.html" title="modulpsr.h" alt="" coords="879,304,961,331">
<area shape="rect" href="$symblcmp_8h.html" title="symblcmp.h" alt="" coords="589,379,680,405">
<area shape="rect" href="$evaluatn_8h.html" title="evaluatn.h" alt="" coords="1163,453,1243,480">
<area shape="rect" href="$constant_8h.html" title="constant.h" alt="" coords="1213,528,1296,555">
<area shape="rect" href="$multifld_8h.html" title="multifld.h" alt="" coords="1232,304,1307,331">
<area shape="rect" href="$match_8h.html" title="match.h" alt="" coords="1139,304,1205,331">
<area shape="rect" href="$constrnt_8h.html" title="constrnt.h" alt="" coords="1383,304,1463,331">
<area shape="rect" href="$pattern_8h.html" title="pattern.h" alt="" coords="1061,379,1133,405">
<area shape="rect" href="$network_8h.html" title="network.h" alt="" coords="1208,379,1285,405">
<area shape="rect" href="$reorder_8h.html" title="reorder.h" alt="" coords="1016,453,1088,480">
<area shape="rect" href="$msgpass_8h.html" title="msgpass.h" alt="" coords="1132,155,1217,181">
<area shape="rect" href="$prntutil_8h.html" title="prntutil.h" alt="" coords="775,155,847,181">
