<area shape="rect" href="$setup_8h.html" title="setup.h" alt="" coords="124,80,188,107">
<area shape="rect" href="$envrnmnt_8h.html" title="envrnmnt.h" alt="" coords="5,155,91,181">
<area shape="rect" href="$argacces_8h.html" title="argacces.h" alt="" coords="675,453,760,480">
<area shape="rect" href="$exprnpsr_8h.html" title="exprnpsr.h" alt="" coords="1115,901,1195,928">
<area shape="rect" href="$scanner_8h.html" title="scanner.h" alt="" coords="1345,976,1423,1003">
<area shape="rect" href="$clipsrules_2core_2utility_8h.html" title="utility.h" alt="" coords="1160,603,1221,629">
<area shape="rect" href="$memalloc_8h.html" title="memalloc.h" alt="" coords="1499,80,1587,107">
<area shape="rect" href="$multifld_8h.html" title="multifld.h" alt="" coords="376,155,451,181">
<area shape="rect" href="$multifun_8h.html" title="multifun.h" alt="" coords="171,379,248,405">
<area shape="rect" href="$prcdrpsr_8h.html" title="prcdrpsr.h" alt="" coords="323,229,400,256">
<area shape="rect" href="$prcdrfun_8h.html" title="prcdrfun.h" alt="" coords="255,528,335,555">
<area shape="rect" href="$router_8h.html" title="router.h" alt="" coords="736,229,800,256">
<area shape="rect" href="$clipsrules_2core_2object_8h.html" title="object.h" alt="" coords="505,80,572,107">
<area shape="rect" href="$usrsetup_8h.html" title="usrsetup.h" alt="" coords="115,155,197,181">
<area shape="rect" href="$symbol_8h.html" title="symbol.h" alt="" coords="703,1051,777,1077">
<area shape="rect" href="$expressn_8h.html" title="expressn.h" alt="" coords="904,827,989,853">
<area shape="rect" href="$evaluatn_8h.html" title="evaluatn.h" alt="" coords="545,752,625,779">
<area shape="rect" href="$moduldef_8h.html" title="moduldef.h" alt="" coords="933,528,1019,555">
<area shape="rect" href="$exprnops_8h.html" title="exprnops.h" alt="" coords="904,901,989,928">
<area shape="rect" href="$extnfunc_8h.html" title="extnfunc.h" alt="" coords="1011,976,1093,1003">
<area shape="rect" href="$userdata_8h.html" title="userdata.h" alt="" coords="1011,1051,1093,1077">
<area shape="rect" href="$pprint_8h.html" title="pprint.h" alt="" coords="1352,1051,1416,1077">
<area shape="rect" href="$constant_8h.html" title="constant.h" alt="" coords="544,827,627,853">
<area shape="rect" href="$conscomp_8h.html" title="conscomp.h" alt="" coords="941,603,1032,629">
<area shape="rect" href="$modulpsr_8h.html" title="modulpsr.h" alt="" coords="673,677,756,704">
<area shape="rect" href="$constrct_8h.html" title="constrct.h" alt="" coords="780,677,860,704">
<area shape="rect" href="$symblcmp_8h.html" title="symblcmp.h" alt="" coords="941,677,1032,704">
<area shape="rect" href="$constrnt_8h.html" title="constrnt.h" alt="" coords="419,453,499,480">
<area shape="rect" href="$prntutil_8h.html" title="prntutil.h" alt="" coords="752,304,824,331">
<area shape="rect" href="$match_8h.html" title="match.h" alt="" coords="981,155,1048,181">
<area shape="rect" href="$pattern_8h.html" title="pattern.h" alt="" coords="1064,229,1136,256">
<area shape="rect" href="$network_8h.html" title="network.h" alt="" coords="1093,453,1171,480">
<area shape="rect" href="$reorder_8h.html" title="reorder.h" alt="" coords="1064,304,1136,331">
<area shape="rect" href="$ruledef_8h.html" title="ruledef.h" alt="" coords="909,379,981,405">
<area shape="rect" href="$cstrccom_8h.html" title="cstrccom.h" alt="" coords="933,453,1019,480">
<area shape="rect" href="$agenda_8h.html" title="agenda.h" alt="" coords="835,453,909,480">
