<area shape="rect" href="$agenda_8c.html" title="src/clipsrules/core/agenda.c" alt="" coords="5,80,189,107">
<area shape="rect" href="$clipsrules_2core_2object_8h.html" title="src/clipsrules/core/object.h" alt="" coords="1877,80,2053,107">
<area shape="rect" href="$cstrnchk_8c.html" title="src/clipsrules/core/cstrnchk.c" alt="" coords="2587,304,2779,331">
<area shape="rect" href="$default_8c.html" title="src/clipsrules/core/default.c" alt="" coords="3659,304,3840,331">
<area shape="rect" href="$genrccom_8c.html" title="src/clipsrules/core/genrccom.c" alt="" coords="2363,304,2563,331">
<area shape="rect" href="$msgpass_8c.html" title="src/clipsrules/core/msgpass.c" alt="" coords="1771,304,1965,331">
<area shape="rect" href="$classinf_8c.html" title="src/clipsrules/core/classinf.c" alt="" coords="1511,304,1697,331">
<area shape="rect" href="$objrtfnx_8c.html" title="src/clipsrules/core/objrtfnx.c" alt="" coords="537,304,721,331">
<area shape="rect" href="$objrtmch_8c.html" title="src/clipsrules/core/objrtmch.c" alt="" coords="321,304,513,331">
<area shape="rect" href="$sysdep_8c.html" title="src/clipsrules/core/sysdep.c" alt="" coords="776,229,960,256">
<area shape="rect" href="$evaluatn_8c.html" title="src/clipsrules/core/evaluatn.c" alt="" coords="3419,155,3611,181">
<area shape="rect" href="$multifld_8c.html" title="src/clipsrules/core/multifld.c" alt="" coords="2688,155,2872,181">
<area shape="rect" href="$multifun_8c.html" title="src/clipsrules/core/multifun.c" alt="" coords="2896,155,3083,181">
<area shape="rect" href="$prccode_8c.html" title="src/clipsrules/core/prccode.c" alt="" coords="3107,155,3293,181">
<area shape="rect" href="$factmngr_8h.html" title="src/clipsrules/core/factmngr.h" alt="" coords="3469,80,3661,107">
<area shape="rect" href="$constrct_8c.html" title="src/clipsrules/core/constrct.c" alt="" coords="3736,80,3925,107">
<area shape="rect" href="$constrnt_8c.html" title="src/clipsrules/core/constrnt.c" alt="" coords="3949,80,4139,107">
<area shape="rect" href="$cstrccom_8c.html" title="src/clipsrules/core/cstrccom.c" alt="" coords="4163,80,4357,107">
<area shape="rect" href="$cstrnops_8c.html" title="src/clipsrules/core/cstrnops.c" alt="" coords="4381,80,4573,107">
<area shape="rect" href="$cstrnutl_8c.html" title="src/clipsrules/core/cstrnutl.c" alt="" coords="4597,80,4781,107">
<area shape="rect" href="$globlbin_8c.html" title="src/clipsrules/core/globlbin.c" alt="" coords="4805,80,4992,107">
<area shape="rect" href="$globldef_8c.html" title="src/clipsrules/core/globldef.c" alt="" coords="5016,80,5203,107">
<area shape="rect" href="$globlpsr_8c.html" title="src/clipsrules/core/globlpsr.c" alt="" coords="5227,80,5413,107">
<area shape="rect" href="$miscfun_8c.html" title="src/clipsrules/core/miscfun.c" alt="" coords="5437,80,5624,107">
<area shape="rect" href="$parsefun_8c.html" title="src/clipsrules/core/parsefun.c" alt="" coords="5648,80,5840,107">
<area shape="rect" href="$prcdrfun_8c.html" title="src/clipsrules/core/prcdrfun.c" alt="" coords="5864,80,6053,107">
<area shape="rect" href="$prcdrpsr_8c.html" title="src/clipsrules/core/prcdrpsr.c" alt="" coords="6077,80,6264,107">
<area shape="rect" href="$prdctfun_8c.html" title="src/clipsrules/core/prdctfun.c" alt="" coords="6288,80,6477,107">
<area shape="rect" href="$sortfun_8c.html" title="src/clipsrules/core/sortfun.c" alt="" coords="6501,80,6683,107">
<area shape="rect" href="$utility_8c.html" title="src/clipsrules/core/utility.c" alt="" coords="6707,80,6877,107">
<area shape="rect" href="$xmenu__wind_8c.html" title="src/client/x/xmenu_wind.c" alt="" coords="2803,304,2973,331">
<area shape="rect" href="$insfun_8h.html" title="src/clipsrules/core/insfun.h" alt="" coords="2285,155,2461,181">
<area shape="rect" href="$inscom_8h.html" title="src/clipsrules/core/inscom.h" alt="" coords="2461,229,2645,256">
<area shape="rect" href="$insfile_8c.html" title="src/clipsrules/core/insfile.c" alt="" coords="2163,304,2339,331">
<area shape="rect" href="$objrtbld_8c.html" title="src/clipsrules/core/objrtbld.c" alt="" coords="1092,304,1276,331">
<area shape="rect" href="$classfun_8h.html" title="src/clipsrules/core/classfun.h" alt="" coords="1195,229,1387,256">
<area shape="rect" href="$classcom_8h.html" title="src/clipsrules/core/classcom.h" alt="" coords="2189,229,2387,256">
<area shape="rect" href="$classini_8h.html" title="src/clipsrules/core/classini.h" alt="" coords="1144,155,1331,181">
<area shape="rect" href="$genrcfun_8h.html" title="src/clipsrules/core/genrcfun.h" alt="" coords="2923,229,3115,256">
<area shape="rect" href="$defins_8h.html" title="src/clipsrules/core/defins.h" alt="" coords="3363,229,3539,256">
<area shape="rect" href="$objbin_8h.html" title="src/clipsrules/core/objbin.h" alt="" coords="1877,155,2053,181">
<area shape="rect" href="$objrtmch_8h.html" title="src/clipsrules/core/objrtmch.h" alt="" coords="412,155,604,181">
<area shape="rect" href="$objrtfnx_8h.html" title="src/clipsrules/core/objrtfnx.h" alt="" coords="416,229,600,256">
<area shape="rect" href="$insmngr_8h.html" title="src/clipsrules/core/insmngr.h" alt="" coords="984,229,1171,256">
<area shape="rect" href="$msgcom_8h.html" title="src/clipsrules/core/msgcom.h" alt="" coords="1821,229,2013,256">
<area shape="rect" href="$msgfun_8h.html" title="src/clipsrules/core/msgfun.h" alt="" coords="1512,229,1696,256">
<area shape="rect" href="$msgpass_8h.html" title="src/clipsrules/core/msgpass.h" alt="" coords="1507,155,1701,181">
<area shape="rect" href="$objcmp_8h.html" title="src/clipsrules/core/objcmp.h" alt="" coords="2077,155,2261,181">
<area shape="rect" href="$xclips_8c.html" title="src/client/x/xclips.c" alt="" coords="2997,304,3131,331">
