<area shape="rect" href="$ruledef_8h.html" title="src/clipsrules/core/ruledef.h" alt="" coords="1404,80,1585,107">
<area shape="rect" href="$retract_8c.html" title="src/clipsrules/core/retract.c" alt="" coords="2867,453,3045,480">
<area shape="rect" href="$match_8h.html" title="src/clipsrules/core/match.h" alt="" coords="2273,304,2452,331">
<area shape="rect" href="$objrtbld_8c.html" title="src/clipsrules/core/objrtbld.c" alt="" coords="208,453,392,480">
<area shape="rect" href="$insmngr_8c.html" title="src/clipsrules/core/insmngr.c" alt="" coords="1736,453,1923,480">
<area shape="rect" href="$factgen_8c.html" title="src/clipsrules/core/factgen.c" alt="" coords="4456,453,4640,480">
<area shape="rect" href="$conscomp_8c.html" title="src/clipsrules/core/conscomp.c" alt="" coords="3515,80,3717,107">
<area shape="rect" href="$dffnxpsr_8c.html" title="src/clipsrules/core/dffnxpsr.c" alt="" coords="3741,80,3928,107">
<area shape="rect" href="$exprnbin_8c.html" title="src/clipsrules/core/exprnbin.c" alt="" coords="3952,80,4144,107">
<area shape="rect" href="$exprnpsr_8c.html" title="src/clipsrules/core/exprnpsr.c" alt="" coords="4168,80,4360,107">
<area shape="rect" href="$genrccmp_8c.html" title="src/clipsrules/core/genrccmp.c" alt="" coords="4384,80,4584,107">
<area shape="rect" href="$genrccom_8c.html" title="src/clipsrules/core/genrccom.c" alt="" coords="4608,80,4808,107">
<area shape="rect" href="$insmoddp_8c.html" title="src/clipsrules/core/insmoddp.c" alt="" coords="4832,80,5029,107">
<area shape="rect" href="$rulebin_8h.html" title="src/clipsrules/core/rulebin.h" alt="" coords="3325,379,3504,405">
<area shape="rect" href="$tmpltdef_8c.html" title="src/clipsrules/core/tmpltdef.c" alt="" coords="5104,80,5293,107">
<area shape="rect" href="$xmenu__wind_8c.html" title="src/client/x/xmenu_wind.c" alt="" coords="517,453,688,480">
<area shape="rect" href="$agenda_8h.html" title="src/clipsrules/core/agenda.h" alt="" coords="1615,379,1799,405">
<area shape="rect" href="$agenda_8c.html" title="src/clipsrules/core/agenda.c" alt="" coords="2535,528,2719,555">
<area shape="rect" href="$clips_8h.html" title="src/clipsrules/core/clips.h" alt="" coords="1945,528,2113,555">
<area shape="rect" href="$ruledef_8c.html" title="src/clipsrules/core/ruledef.c" alt="" coords="3069,453,3251,480">
<area shape="rect" href="$rulelhs_8c.html" title="src/clipsrules/core/rulelhs.c" alt="" coords="5,453,184,480">
<area shape="rect" href="$reorder_8h.html" title="src/clipsrules/core/reorder.h" alt="" coords="392,155,573,181">
<area shape="rect" href="$rulebsc_8c.html" title="src/clipsrules/core/rulebsc.c" alt="" coords="3579,453,3763,480">
<area shape="rect" href="$rulepsr_8c.html" title="src/clipsrules/core/rulepsr.c" alt="" coords="712,453,891,480">
<area shape="rect" href="$analysis_8c.html" title="src/clipsrules/core/analysis.c" alt="" coords="388,304,577,331">
<area shape="rect" href="$generate_8c.html" title="src/clipsrules/core/generate.c" alt="" coords="1465,304,1657,331">
<area shape="rect" href="$constrct_8c.html" title="src/clipsrules/core/constrct.c" alt="" coords="971,155,1160,181">
<area shape="rect" href="$incrrset_8h.html" title="src/clipsrules/core/incrrset.h" alt="" coords="1105,379,1289,405">
<area shape="rect" href="$sysdep_8c.html" title="src/clipsrules/core/sysdep.c" alt="" coords="1235,155,1419,181">
<area shape="rect" href="$xclips_8c.html" title="src/client/x/xclips.c" alt="" coords="963,528,1096,555">
<area shape="rect" href="$crstrtgy_8h.html" title="src/clipsrules/core/crstrtgy.h" alt="" coords="1376,453,1560,480">
<area shape="rect" href="$crstrtgy_8c.html" title="src/clipsrules/core/crstrtgy.c" alt="" coords="1221,528,1405,555">
<area shape="rect" href="$drive_8c.html" title="src/clipsrules/core/drive.c" alt="" coords="2152,453,2323,480">
<area shape="rect" href="$engine_8c.html" title="src/clipsrules/core/engine.c" alt="" coords="2664,453,2843,480">
<area shape="rect" href="$incrrset_8c.html" title="src/clipsrules/core/incrrset.c" alt="" coords="1067,453,1251,480">
<area shape="rect" href="$rulebin_8c.html" title="src/clipsrules/core/rulebin.c" alt="" coords="3325,453,3504,480">
<area shape="rect" href="$rulecom_8c.html" title="src/clipsrules/core/rulecom.c" alt="" coords="1479,528,1665,555">
<area shape="rect" href="$pattern_8h.html" title="src/clipsrules/core/pattern.h" alt="" coords="1261,229,1443,256">
<area shape="rect" href="$reteutil_8c.html" title="src/clipsrules/core/reteutil.c" alt="" coords="1947,453,2128,480">
<area shape="rect" href="$pattern_8c.html" title="src/clipsrules/core/pattern.c" alt="" coords="4251,453,4432,480">
<area shape="rect" href="$clipsrules_2core_2object_8h.html" title="src/clipsrules/core/object.h" alt="" coords="855,379,1031,405">
<area shape="rect" href="$drive_8h.html" title="src/clipsrules/core/drive.h" alt="" coords="2155,379,2325,405">
<area shape="rect" href="$factmngr_8c.html" title="src/clipsrules/core/factmngr.c" alt="" coords="2397,453,2589,480">
<area shape="rect" href="$lgcldpnd_8h.html" title="src/clipsrules/core/lgcldpnd.h" alt="" coords="1891,379,2080,405">
<area shape="rect" href="$reteutil_8h.html" title="src/clipsrules/core/reteutil.h" alt="" coords="2704,379,2885,405">
<area shape="rect" href="$factcom_8c.html" title="src/clipsrules/core/factcom.c" alt="" coords="2909,379,3099,405">
<area shape="rect" href="$retract_8h.html" title="src/clipsrules/core/retract.h" alt="" coords="2400,379,2579,405">
<area shape="rect" href="$factbin_8c.html" title="src/clipsrules/core/factbin.c" alt="" coords="3995,453,4176,480">
<area shape="rect" href="$objrtbin_8c.html" title="src/clipsrules/core/objrtbin.c" alt="" coords="3787,453,3971,480">
