<area shape="rect" href="$conscomp_8h.html" title="conscomp.h" alt="" coords="123,453,213,480">
<area shape="rect" href="$clipsrules_2core_2object_8h.html" title="object.h" alt="" coords="671,80,737,107">
<area shape="rect" href="$constrct_8h.html" title="constrct.h" alt="" coords="428,528,508,555">
<area shape="rect" href="$extnfunc_8h.html" title="extnfunc.h" alt="" coords="515,976,597,1003">
<area shape="rect" href="$symblcmp_8h.html" title="symblcmp.h" alt="" coords="93,603,184,629">
<area shape="rect" href="$userdata_8h.html" title="userdata.h" alt="" coords="515,1051,597,1077">
<area shape="rect" href="$moduldef_8h.html" title="moduldef.h" alt="" coords="304,603,389,629">
<area shape="rect" href="$symbol_8h.html" title="symbol.h" alt="" coords="339,1051,413,1077">
<area shape="rect" href="$evaluatn_8h.html" title="evaluatn.h" alt="" coords="641,752,721,779">
<area shape="rect" href="$modulpsr_8h.html" title="modulpsr.h" alt="" coords="307,677,389,704">
<area shape="rect" href="$clipsrules_2core_2utility_8h.html" title="utility.h" alt="" coords="221,677,283,704">
<area shape="rect" href="$constant_8h.html" title="constant.h" alt="" coords="829,827,912,853">
<area shape="rect" href="$expressn_8h.html" title="expressn.h" alt="" coords="565,827,651,853">
<area shape="rect" href="$exprnops_8h.html" title="exprnops.h" alt="" coords="565,901,651,928">
<area shape="rect" href="$exprnpsr_8h.html" title="exprnpsr.h" alt="" coords="675,901,755,928">
<area shape="rect" href="$scanner_8h.html" title="scanner.h" alt="" coords="829,976,907,1003">
<area shape="rect" href="$pprint_8h.html" title="pprint.h" alt="" coords="836,1051,900,1077">
<area shape="rect" href="$multifld_8h.html" title="multifld.h" alt="" coords="792,229,867,256">
<area shape="rect" href="$match_8h.html" title="match.h" alt="" coords="475,155,541,181">
<area shape="rect" href="$constrnt_8h.html" title="constrnt.h" alt="" coords="589,453,669,480">
<area shape="rect" href="$pattern_8h.html" title="pattern.h" alt="" coords="472,229,544,256">
<area shape="rect" href="$network_8h.html" title="network.h" alt="" coords="237,453,315,480">
<area shape="rect" href="$reorder_8h.html" title="reorder.h" alt="" coords="472,304,544,331">
<area shape="rect" href="$ruledef_8h.html" title="ruledef.h" alt="" coords="325,379,397,405">
<area shape="rect" href="$cstrccom_8h.html" title="cstrccom.h" alt="" coords="309,528,395,555">
<area shape="rect" href="$agenda_8h.html" title="agenda.h" alt="" coords="389,453,464,480">
