<area shape="rect" href="$setup_8h.html" title="setup.h" alt="" coords="969,80,1033,107">
<area shape="rect" href="$envrnmnt_8h.html" title="envrnmnt.h" alt="" coords="1067,155,1152,181">
<area shape="rect" href="$conscomp_8h.html" title="conscomp.h" alt="" coords="811,603,901,629">
<area shape="rect" href="$classcom_8h.html" title="classcom.h" alt="" coords="600,155,688,181">
<area shape="rect" href="$classfun_8h.html" title="classfun.h" alt="" coords="379,80,459,107">
<area shape="rect" href="$classini_8h.html" title="classini.h" alt="" coords="712,155,787,181">
<area shape="rect" href="$cstrncmp_8h.html" title="cstrncmp.h" alt="" coords="13,528,99,555">
<area shape="rect" href="$objrtfnx_8h.html" title="objrtfnx.h" alt="" coords="497,80,572,107">
<area shape="rect" href="$sysdep_8h.html" title="sysdep.h" alt="" coords="1127,752,1201,779">
<area shape="rect" href="$objcmp_8h.html" title="objcmp.h" alt="" coords="861,155,936,181">
<area shape="rect" href="$usrsetup_8h.html" title="usrsetup.h" alt="" coords="960,155,1043,181">
<area shape="rect" href="$symbol_8h.html" title="symbol.h" alt="" coords="800,1200,875,1227">
<area shape="rect" href="$constrct_8h.html" title="constrct.h" alt="" coords="525,677,605,704">
<area shape="rect" href="$extnfunc_8h.html" title="extnfunc.h" alt="" coords="539,1125,621,1152">
<area shape="rect" href="$symblcmp_8h.html" title="symblcmp.h" alt="" coords="835,752,925,779">
<area shape="rect" href="$userdata_8h.html" title="userdata.h" alt="" coords="460,1200,543,1227">
<area shape="rect" href="$moduldef_8h.html" title="moduldef.h" alt="" coords="675,752,760,779">
<area shape="rect" href="$evaluatn_8h.html" title="evaluatn.h" alt="" coords="171,901,251,928">
<area shape="rect" href="$modulpsr_8h.html" title="modulpsr.h" alt="" coords="688,827,771,853">
<area shape="rect" href="$clipsrules_2core_2utility_8h.html" title="utility.h" alt="" coords="603,827,664,853">
<area shape="rect" href="$constant_8h.html" title="constant.h" alt="" coords="29,976,112,1003">
<area shape="rect" href="$expressn_8h.html" title="expressn.h" alt="" coords="341,976,427,1003">
<area shape="rect" href="$exprnops_8h.html" title="exprnops.h" alt="" coords="341,1051,427,1077">
<area shape="rect" href="$exprnpsr_8h.html" title="exprnpsr.h" alt="" coords="237,1051,317,1077">
<area shape="rect" href="$scanner_8h.html" title="scanner.h" alt="" coords="187,1125,264,1152">
<area shape="rect" href="$pprint_8h.html" title="pprint.h" alt="" coords="193,1200,257,1227">
<area shape="rect" href="$cstrccom_8h.html" title="cstrccom.h" alt="" coords="651,603,736,629">
<area shape="rect" href="$clipsrules_2core_2object_8h.html" title="object.h" alt="" coords="423,229,489,256">
<area shape="rect" href="$multifld_8h.html" title="multifld.h" alt="" coords="173,379,248,405">
<area shape="rect" href="$match_8h.html" title="match.h" alt="" coords="423,304,489,331">
<area shape="rect" href="$constrnt_8h.html" title="constrnt.h" alt="" coords="93,603,173,629">
<area shape="rect" href="$pattern_8h.html" title="pattern.h" alt="" coords="448,379,520,405">
<area shape="rect" href="$network_8h.html" title="network.h" alt="" coords="451,603,528,629">
<area shape="rect" href="$reorder_8h.html" title="reorder.h" alt="" coords="475,453,547,480">
<area shape="rect" href="$ruledef_8h.html" title="ruledef.h" alt="" coords="525,528,597,555">
<area shape="rect" href="$agenda_8h.html" title="agenda.h" alt="" coords="552,603,627,629">
<area shape="rect" href="$objrtmch_8h.html" title="objrtmch.h" alt="" coords="493,155,576,181">
