<area shape="rect" href="$setup_8h.html" title="setup.h" alt="" coords="212,80,276,107">
<area shape="rect" href="$envrnmnt_8h.html" title="envrnmnt.h" alt="" coords="93,155,179,181">
<area shape="rect" href="$bload_8h.html" title="bload.h" alt="" coords="272,677,336,704">
<area shape="rect" href="$bsave_8h.html" title="bsave.h" alt="" coords="512,752,579,779">
<area shape="rect" href="$memalloc_8h.html" title="memalloc.h" alt="" coords="8,80,96,107">
<area shape="rect" href="$insfun_8h.html" title="insfun.h" alt="" coords="461,80,528,107">
<area shape="rect" href="$objrtmch_8h.html" title="objrtmch.h" alt="" coords="552,80,635,107">
<area shape="rect" href="$reteutil_8h.html" title="reteutil.h" alt="" coords="1477,155,1549,181">
<area shape="rect" href="$rulebin_8h.html" title="rulebin.h" alt="" coords="660,453,729,480">
<area shape="rect" href="$objrtbin_8h.html" title="objrtbin.h" alt="" coords="709,80,784,107">
<area shape="rect" href="$usrsetup_8h.html" title="usrsetup.h" alt="" coords="203,155,285,181">
<area shape="rect" href="$symbol_8h.html" title="symbol.h" alt="" coords="456,1125,531,1152">
<area shape="rect" href="$exprnbin_8h.html" title="exprnbin.h" alt="" coords="272,752,352,779">
<area shape="rect" href="$extnfunc_8h.html" title="extnfunc.h" alt="" coords="868,1051,951,1077">
<area shape="rect" href="$sysdep_8h.html" title="sysdep.h" alt="" coords="173,752,248,779">
<area shape="rect" href="$symblbin_8h.html" title="symblbin.h" alt="" coords="67,752,149,779">
<area shape="rect" href="$clipsrules_2core_2utility_8h.html" title="utility.h" alt="" coords="376,752,437,779">
<area shape="rect" href="$expressn_8h.html" title="expressn.h" alt="" coords="749,901,835,928">
<area shape="rect" href="$exprnops_8h.html" title="exprnops.h" alt="" coords="761,976,847,1003">
<area shape="rect" href="$exprnpsr_8h.html" title="exprnpsr.h" alt="" coords="657,976,737,1003">
<area shape="rect" href="$scanner_8h.html" title="scanner.h" alt="" coords="659,1051,736,1077">
<area shape="rect" href="$userdata_8h.html" title="userdata.h" alt="" coords="1044,1125,1127,1152">
<area shape="rect" href="$pprint_8h.html" title="pprint.h" alt="" coords="665,1125,729,1152">
<area shape="rect" href="$clipsrules_2core_2object_8h.html" title="object.h" alt="" coords="919,155,985,181">
<area shape="rect" href="$evaluatn_8h.html" title="evaluatn.h" alt="" coords="1179,827,1259,853">
<area shape="rect" href="$moduldef_8h.html" title="moduldef.h" alt="" coords="803,603,888,629">
<area shape="rect" href="$multifld_8h.html" title="multifld.h" alt="" coords="1032,304,1107,331">
<area shape="rect" href="$match_8h.html" title="match.h" alt="" coords="883,229,949,256">
<area shape="rect" href="$constrnt_8h.html" title="constrnt.h" alt="" coords="1232,528,1312,555">
<area shape="rect" href="$constrct_8h.html" title="constrct.h" alt="" coords="1045,752,1125,779">
<area shape="rect" href="$constant_8h.html" title="constant.h" alt="" coords="1123,901,1205,928">
<area shape="rect" href="$pattern_8h.html" title="pattern.h" alt="" coords="715,304,787,331">
<area shape="rect" href="$network_8h.html" title="network.h" alt="" coords="771,528,848,555">
<area shape="rect" href="$reorder_8h.html" title="reorder.h" alt="" coords="715,379,787,405">
<area shape="rect" href="$ruledef_8h.html" title="ruledef.h" alt="" coords="885,453,957,480">
<area shape="rect" href="$cstrccom_8h.html" title="cstrccom.h" alt="" coords="872,528,957,555">
<area shape="rect" href="$conscomp_8h.html" title="conscomp.h" alt="" coords="911,677,1001,704">
<area shape="rect" href="$agenda_8h.html" title="agenda.h" alt="" coords="1032,528,1107,555">
<area shape="rect" href="$modulpsr_8h.html" title="modulpsr.h" alt="" coords="804,677,887,704">
<area shape="rect" href="$symblcmp_8h.html" title="symblcmp.h" alt="" coords="653,752,744,779">
<area shape="rect" href="$modulbin_8h.html" title="modulbin.h" alt="" coords="613,528,696,555">
<area shape="rect" href="$cstrcbin_8h.html" title="cstrcbin.h" alt="" coords="1029,603,1107,629">
