<area shape="rect" href="$setup_8h.html" title="setup.h" alt="" coords="124,124,188,151">
<area shape="rect" href="$envrnmnt_8h.html" title="envrnmnt.h" alt="" coords="5,199,91,225">
<area shape="rect" href="$classcom_8h.html" title="classcom.h" alt="" coords="868,199,956,225">
<area shape="rect" href="$constant_8h.html" title="constant.h" alt="" coords="193,1020,276,1047">
<area shape="rect" href="$multifld_8h.html" title="multifld.h" alt="" coords="1365,348,1440,375">
<area shape="rect" href="$classfun_8h.html" title="classfun.h" alt="" coords="1105,124,1185,151">
<area shape="rect" href="$bload_8h.html" title="bload.h" alt="" coords="599,796,663,823">
<area shape="rect" href="$drive_8h.html" title="drive.h" alt="" coords="1423,273,1481,300">
<area shape="rect" href="$engine_8h.html" title="engine.h" alt="" coords="1188,199,1257,225">
<area shape="rect" href="$memalloc_8h.html" title="memalloc.h" alt="" coords="323,124,411,151">
<area shape="rect" href="$objrtmch_8h.html" title="objrtmch.h" alt="" coords="1031,199,1113,225">
<area shape="rect" href="$reteutil_8h.html" title="reteutil.h" alt="" coords="977,273,1049,300">
<area shape="rect" href="$router_8h.html" title="router.h" alt="" coords="751,348,815,375">
<area shape="rect" href="$objrtfnx_8h.html" title="objrtfnx.h" alt="" coords="956,124,1031,151">
<area shape="rect" href="$usrsetup_8h.html" title="usrsetup.h" alt="" coords="115,199,197,225">
<area shape="rect" href="$symbol_8h.html" title="symbol.h" alt="" coords="833,1244,908,1271">
<area shape="rect" href="$cstrccom_8h.html" title="cstrccom.h" alt="" coords="880,647,965,673">
<area shape="rect" href="$clipsrules_2core_2object_8h.html" title="object.h" alt="" coords="1077,273,1144,300">
<area shape="rect" href="$moduldef_8h.html" title="moduldef.h" alt="" coords="880,721,965,748">
<area shape="rect" href="$conscomp_8h.html" title="conscomp.h" alt="" coords="877,796,968,823">
<area shape="rect" href="$modulpsr_8h.html" title="modulpsr.h" alt="" coords="992,796,1075,823">
<area shape="rect" href="$clipsrules_2core_2utility_8h.html" title="utility.h" alt="" coords="683,871,744,897">
<area shape="rect" href="$constrct_8h.html" title="constrct.h" alt="" coords="1085,871,1165,897">
<area shape="rect" href="$extnfunc_8h.html" title="extnfunc.h" alt="" coords="1080,1169,1163,1196">
<area shape="rect" href="$symblcmp_8h.html" title="symblcmp.h" alt="" coords="819,871,909,897">
<area shape="rect" href="$userdata_8h.html" title="userdata.h" alt="" coords="1159,1244,1241,1271">
<area shape="rect" href="$evaluatn_8h.html" title="evaluatn.h" alt="" coords="1213,945,1293,972">
<area shape="rect" href="$expressn_8h.html" title="expressn.h" alt="" coords="1340,1020,1425,1047">
<area shape="rect" href="$exprnops_8h.html" title="exprnops.h" alt="" coords="1392,1095,1477,1121">
<area shape="rect" href="$exprnpsr_8h.html" title="exprnpsr.h" alt="" coords="1288,1095,1368,1121">
<area shape="rect" href="$scanner_8h.html" title="scanner.h" alt="" coords="1289,1169,1367,1196">
<area shape="rect" href="$pprint_8h.html" title="pprint.h" alt="" coords="1296,1244,1360,1271">
<area shape="rect" href="$match_8h.html" title="match.h" alt="" coords="1275,348,1341,375">
<area shape="rect" href="$constrnt_8h.html" title="constrnt.h" alt="" coords="1152,647,1232,673">
<area shape="rect" href="$pattern_8h.html" title="pattern.h" alt="" coords="1272,423,1344,449">
<area shape="rect" href="$network_8h.html" title="network.h" alt="" coords="1507,647,1584,673">
<area shape="rect" href="$reorder_8h.html" title="reorder.h" alt="" coords="1323,497,1395,524">
<area shape="rect" href="$ruledef_8h.html" title="ruledef.h" alt="" coords="1323,572,1395,599">
<area shape="rect" href="$agenda_8h.html" title="agenda.h" alt="" coords="1357,647,1432,673">
<area shape="rect" href="$exprnbin_8h.html" title="exprnbin.h" alt="" coords="579,871,659,897">
<area shape="rect" href="$sysdep_8h.html" title="sysdep.h" alt="" coords="272,871,347,897">
<area shape="rect" href="$symblbin_8h.html" title="symblbin.h" alt="" coords="421,871,504,897">
<area shape="rect" href="$lgcldpnd_8h.html" title="lgcldpnd.h" alt="" coords="1268,273,1348,300">
<area shape="rect" href="$retract_8h.html" title="retract.h" alt="" coords="1175,273,1244,300">
<area shape="rect" href="$prntutil_8h.html" title="prntutil.h" alt="" coords="765,423,837,449">
