<area shape="rect" href="$setup_8h.html" title="setup.h" alt="" coords="100,80,164,107">
<area shape="rect" href="$envrnmnt_8h.html" title="envrnmnt.h" alt="" coords="129,155,215,181">
<area shape="rect" href="$argacces_8h.html" title="argacces.h" alt="" coords="684,155,769,181">
<area shape="rect" href="$exprnpsr_8h.html" title="exprnpsr.h" alt="" coords="776,603,856,629">
<area shape="rect" href="$extnfunc_8h.html" title="extnfunc.h" alt="" coords="509,677,592,704">
<area shape="rect" href="$clipsrules_2core_2utility_8h.html" title="utility.h" alt="" coords="609,304,671,331">
<area shape="rect" href="$cstrcpsr_8h.html" title="cstrcpsr.h" alt="" coords="847,304,924,331">
<area shape="rect" href="$memalloc_8h.html" title="memalloc.h" alt="" coords="1153,80,1241,107">
<area shape="rect" href="$multifld_8h.html" title="multifld.h" alt="" coords="1067,229,1141,256">
<area shape="rect" href="$prcdrpsr_8h.html" title="prcdrpsr.h" alt="" coords="897,80,975,107">
<area shape="rect" href="$router_8h.html" title="router.h" alt="" coords="520,80,584,107">
<area shape="rect" href="$strngrtr_8h.html" title="strngrtr.h" alt="" coords="5,229,77,256">
<area shape="rect" href="$parsefun_8h.html" title="parsefun.h" alt="" coords="999,304,1081,331">
<area shape="rect" href="$usrsetup_8h.html" title="usrsetup.h" alt="" coords="23,155,105,181">
<area shape="rect" href="$symbol_8h.html" title="symbol.h" alt="" coords="380,752,455,779">
<area shape="rect" href="$expressn_8h.html" title="expressn.h" alt="" coords="667,528,752,555">
<area shape="rect" href="$evaluatn_8h.html" title="evaluatn.h" alt="" coords="871,453,951,480">
<area shape="rect" href="$moduldef_8h.html" title="moduldef.h" alt="" coords="467,229,552,256">
<area shape="rect" href="$exprnops_8h.html" title="exprnops.h" alt="" coords="667,603,752,629">
<area shape="rect" href="$scanner_8h.html" title="scanner.h" alt="" coords="981,677,1059,704">
<area shape="rect" href="$userdata_8h.html" title="userdata.h" alt="" coords="588,752,671,779">
<area shape="rect" href="$pprint_8h.html" title="pprint.h" alt="" coords="988,752,1052,779">
<area shape="rect" href="$constant_8h.html" title="constant.h" alt="" coords="981,528,1064,555">
<area shape="rect" href="$conscomp_8h.html" title="conscomp.h" alt="" coords="444,304,535,331">
<area shape="rect" href="$modulpsr_8h.html" title="modulpsr.h" alt="" coords="433,379,516,405">
<area shape="rect" href="$constrct_8h.html" title="constrct.h" alt="" coords="591,379,671,405">
<area shape="rect" href="$symblcmp_8h.html" title="symblcmp.h" alt="" coords="319,379,409,405">
<area shape="rect" href="$constrnt_8h.html" title="constrnt.h" alt="" coords="897,229,977,256">
<area shape="rect" href="$prntutil_8h.html" title="prntutil.h" alt="" coords="495,155,567,181">
