<area shape="rect" href="$setup_8h.html" title="setup.h" alt="" coords="161,80,225,107">
<area shape="rect" href="$envrnmnt_8h.html" title="envrnmnt.h" alt="" coords="43,155,128,181">
<area shape="rect" href="$constant_8h.html" title="constant.h" alt="" coords="1084,827,1167,853">
<area shape="rect" href="$constrnt_8h.html" title="constrnt.h" alt="" coords="985,453,1065,480">
<area shape="rect" href="$exprnpsr_8h.html" title="exprnpsr.h" alt="" coords="940,901,1020,928">
<area shape="rect" href="$cstrnchk_8h.html" title="cstrnchk.h" alt="" coords="932,229,1015,256">
<area shape="rect" href="$cstrnutl_8h.html" title="cstrnutl.h" alt="" coords="785,379,860,405">
<area shape="rect" href="$match_8h.html" title="match.h" alt="" coords="523,155,589,181">
<area shape="rect" href="$pattern_8h.html" title="pattern.h" alt="" coords="525,229,597,256">
<area shape="rect" href="$memalloc_8h.html" title="memalloc.h" alt="" coords="1191,80,1279,107">
<area shape="rect" href="$reteutil_8h.html" title="reteutil.h" alt="" coords="588,80,660,107">
<area shape="rect" href="$router_8h.html" title="router.h" alt="" coords="837,80,901,107">
<area shape="rect" href="$rulecmp_8h.html" title="rulecmp.h" alt="" coords="252,304,329,331">
<area shape="rect" href="$usrsetup_8h.html" title="usrsetup.h" alt="" coords="152,155,235,181">
<area shape="rect" href="$symbol_8h.html" title="symbol.h" alt="" coords="503,1051,577,1077">
<area shape="rect" href="$evaluatn_8h.html" title="evaluatn.h" alt="" coords="825,752,905,779">
<area shape="rect" href="$userdata_8h.html" title="userdata.h" alt="" coords="741,1051,824,1077">
<area shape="rect" href="$expressn_8h.html" title="expressn.h" alt="" coords="828,827,913,853">
<area shape="rect" href="$exprnops_8h.html" title="exprnops.h" alt="" coords="831,901,916,928">
<area shape="rect" href="$extnfunc_8h.html" title="extnfunc.h" alt="" coords="741,976,824,1003">
<area shape="rect" href="$scanner_8h.html" title="scanner.h" alt="" coords="941,976,1019,1003">
<area shape="rect" href="$pprint_8h.html" title="pprint.h" alt="" coords="948,1051,1012,1077">
<area shape="rect" href="$network_8h.html" title="network.h" alt="" coords="321,453,399,480">
<area shape="rect" href="$reorder_8h.html" title="reorder.h" alt="" coords="536,304,608,331">
<area shape="rect" href="$ruledef_8h.html" title="ruledef.h" alt="" coords="492,379,564,405">
<area shape="rect" href="$cstrccom_8h.html" title="cstrccom.h" alt="" coords="572,453,657,480">
<area shape="rect" href="$conscomp_8h.html" title="conscomp.h" alt="" coords="423,603,513,629">
<area shape="rect" href="$agenda_8h.html" title="agenda.h" alt="" coords="423,453,497,480">
<area shape="rect" href="$moduldef_8h.html" title="moduldef.h" alt="" coords="572,528,657,555">
<area shape="rect" href="$modulpsr_8h.html" title="modulpsr.h" alt="" coords="537,677,620,704">
<area shape="rect" href="$clipsrules_2core_2utility_8h.html" title="utility.h" alt="" coords="612,603,673,629">
<area shape="rect" href="$constrct_8h.html" title="constrct.h" alt="" coords="644,677,724,704">
<area shape="rect" href="$symblcmp_8h.html" title="symblcmp.h" alt="" coords="372,677,463,704">
<area shape="rect" href="$prntutil_8h.html" title="prntutil.h" alt="" coords="836,229,908,256">
