<area shape="rect" href="$match_8h.html" title="src/clipsrules/core/match.h" alt="" coords="1656,80,1835,107">
<area shape="rect" href="$factgen_8c.html" title="src/clipsrules/core/factgen.c" alt="" coords="3459,229,3643,256">
<area shape="rect" href="$objrtbld_8c.html" title="src/clipsrules/core/objrtbld.c" alt="" coords="221,229,405,256">
<area shape="rect" href="$crstrtgy_8c.html" title="src/clipsrules/core/crstrtgy.c" alt="" coords="2059,229,2243,256">
<area shape="rect" href="$incrrset_8c.html" title="src/clipsrules/core/incrrset.c" alt="" coords="1243,229,1427,256">
<area shape="rect" href="$rulebin_8c.html" title="src/clipsrules/core/rulebin.c" alt="" coords="1653,229,1832,256">
<area shape="rect" href="$ruledef_8c.html" title="src/clipsrules/core/ruledef.c" alt="" coords="837,229,1019,256">
<area shape="rect" href="$ruledlt_8c.html" title="src/clipsrules/core/ruledlt.c" alt="" coords="1043,229,1219,256">
<area shape="rect" href="$rulelhs_8c.html" title="src/clipsrules/core/rulelhs.c" alt="" coords="2267,229,2445,256">
<area shape="rect" href="$reteutil_8c.html" title="src/clipsrules/core/reteutil.c" alt="" coords="429,229,611,256">
<area shape="rect" href="$rulebld_8c.html" title="src/clipsrules/core/rulebld.c" alt="" coords="635,229,813,256">
<area shape="rect" href="$lgcldpnd_8c.html" title="src/clipsrules/core/lgcldpnd.c" alt="" coords="2885,229,3075,256">
<area shape="rect" href="$rulecom_8c.html" title="src/clipsrules/core/rulecom.c" alt="" coords="2675,229,2861,256">
<area shape="rect" href="$rulepsr_8c.html" title="src/clipsrules/core/rulepsr.c" alt="" coords="3099,229,3277,256">
<area shape="rect" href="$pattern_8c.html" title="src/clipsrules/core/pattern.c" alt="" coords="2469,229,2651,256">
<area shape="rect" href="$analysis_8c.html" title="src/clipsrules/core/analysis.c" alt="" coords="5635,80,5824,107">
<area shape="rect" href="$factmngr_8h.html" title="src/clipsrules/core/factmngr.h" alt="" coords="3708,80,3900,107">
<area shape="rect" href="$factlhs_8c.html" title="src/clipsrules/core/factlhs.c" alt="" coords="5299,229,5480,256">
<area shape="rect" href="$tmpltlhs_8c.html" title="src/clipsrules/core/tmpltlhs.c" alt="" coords="4883,229,5069,256">
<area shape="rect" href="$tmpltpsr_8c.html" title="src/clipsrules/core/tmpltpsr.c" alt="" coords="5504,229,5691,256">
<area shape="rect" href="$factrhs_8c.html" title="src/clipsrules/core/factrhs.c" alt="" coords="5093,229,5275,256">
<area shape="rect" href="$factbld_8h.html" title="src/clipsrules/core/factbld.h" alt="" coords="4513,80,4695,107">
<area shape="rect" href="$factcmp_8h.html" title="src/clipsrules/core/factcmp.h" alt="" coords="4491,155,4680,181">
<area shape="rect" href="$generate_8c.html" title="src/clipsrules/core/generate.c" alt="" coords="5848,80,6040,107">
<area shape="rect" href="$objrtcmp_8c.html" title="src/clipsrules/core/objrtcmp.c" alt="" coords="6064,80,6256,107">
<area shape="rect" href="$reorder_8c.html" title="src/clipsrules/core/reorder.c" alt="" coords="6280,80,6461,107">
<area shape="rect" href="$network_8h.html" title="src/clipsrules/core/network.h" alt="" coords="1189,155,1376,181">
<area shape="rect" href="$retract_8c.html" title="src/clipsrules/core/retract.c" alt="" coords="1451,229,1629,256">
<area shape="rect" href="$agenda_8h.html" title="src/clipsrules/core/agenda.h" alt="" coords="1653,155,1837,181">
<area shape="rect" href="$clipsrules_2core_2object_8h.html" title="src/clipsrules/core/object.h" alt="" coords="225,155,401,181">
<area shape="rect" href="$drive_8h.html" title="src/clipsrules/core/drive.h" alt="" coords="893,155,1064,181">
<area shape="rect" href="$factmngr_8c.html" title="src/clipsrules/core/factmngr.c" alt="" coords="3811,229,4003,256">
<area shape="rect" href="$lgcldpnd_8h.html" title="src/clipsrules/core/lgcldpnd.h" alt="" coords="2421,155,2611,181">
<area shape="rect" href="$reteutil_8h.html" title="src/clipsrules/core/reteutil.h" alt="" coords="1912,155,2093,181">
<area shape="rect" href="$factcom_8c.html" title="src/clipsrules/core/factcom.c" alt="" coords="4281,229,4471,256">
<area shape="rect" href="$retract_8h.html" title="src/clipsrules/core/retract.h" alt="" coords="1451,155,1629,181">
<area shape="rect" href="$xclips_8c.html" title="src/client/x/xclips.c" alt="" coords="3301,229,3435,256">
<area shape="rect" href="$engine_8c.html" title="src/clipsrules/core/engine.c" alt="" coords="1856,229,2035,256">
<area shape="rect" href="$evaluatn_8c.html" title="src/clipsrules/core/evaluatn.c" alt="" coords="5,229,197,256">
<area shape="rect" href="$factbld_8c.html" title="src/clipsrules/core/factbld.c" alt="" coords="4495,229,4676,256">
<area shape="rect" href="$xmenu__exec_8c.html" title="src/client/x/xmenu_exec.c" alt="" coords="3040,155,3213,181">
<area shape="rect" href="$argacces_8c.html" title="src/clipsrules/core/argacces.c" alt="" coords="3237,155,3432,181">
<area shape="rect" href="$tmpltdef_8h.html" title="src/clipsrules/core/tmpltdef.h" alt="" coords="4909,155,5099,181">
<area shape="rect" href="$default_8c.html" title="src/clipsrules/core/default.c" alt="" coords="3456,155,3637,181">
<area shape="rect" href="$factrhs_8h.html" title="src/clipsrules/core/factrhs.h" alt="" coords="4704,155,4885,181">
<area shape="rect" href="$factmch_8h.html" title="src/clipsrules/core/factmch.h" alt="" coords="4125,155,4315,181">
<area shape="rect" href="$tmpltutl_8h.html" title="src/clipsrules/core/tmpltutl.h" alt="" coords="5123,155,5307,181">
<area shape="rect" href="$factfun_8h.html" title="src/clipsrules/core/factfun.h" alt="" coords="3920,155,4101,181">
<area shape="rect" href="$facthsh_8h.html" title="src/clipsrules/core/facthsh.h" alt="" coords="3712,155,3896,181">
