<area shape="rect" href="$dffnxexe_8c.html" title="src/clipsrules/core/dffnxexe.c" alt="" coords="5,80,197,107">
<area shape="rect" href="$dffnxpsr_8c.html" title="src/clipsrules/core/dffnxpsr.c" alt="" coords="221,80,408,107">
<area shape="rect" href="$engine_8c.html" title="src/clipsrules/core/engine.c" alt="" coords="432,80,611,107">
<area shape="rect" href="$genrcexe_8c.html" title="src/clipsrules/core/genrcexe.c" alt="" coords="635,80,829,107">
<area shape="rect" href="$genrcfun_8c.html" title="src/clipsrules/core/genrcfun.c" alt="" coords="853,80,1045,107">
<area shape="rect" href="$genrcpsr_8c.html" title="src/clipsrules/core/genrcpsr.c" alt="" coords="1069,80,1261,107">
<area shape="rect" href="$immthpsr_8c.html" title="src/clipsrules/core/immthpsr.c" alt="" coords="1285,80,1480,107">
<area shape="rect" href="$insfun_8c.html" title="src/clipsrules/core/insfun.c" alt="" coords="1504,80,1680,107">
<area shape="rect" href="$insmngr_8c.html" title="src/clipsrules/core/insmngr.c" alt="" coords="1704,80,1891,107">
<area shape="rect" href="$insmoddp_8c.html" title="src/clipsrules/core/insmoddp.c" alt="" coords="1915,80,2112,107">
<area shape="rect" href="$msgcom_8c.html" title="src/clipsrules/core/msgcom.c" alt="" coords="2136,80,2328,107">
<area shape="rect" href="$msgfun_8c.html" title="src/clipsrules/core/msgfun.c" alt="" coords="2352,80,2536,107">
<area shape="rect" href="$msgpass_8c.html" title="src/clipsrules/core/msgpass.c" alt="" coords="2560,80,2755,107">
<area shape="rect" href="$msgpsr_8c.html" title="src/clipsrules/core/msgpsr.c" alt="" coords="2779,80,2963,107">
<area shape="rect" href="$prccode_8c.html" title="src/clipsrules/core/prccode.c" alt="" coords="2987,80,3173,107">
<area shape="rect" href="$rulepsr_8c.html" title="src/clipsrules/core/rulepsr.c" alt="" coords="3197,80,3376,107">
<area shape="rect" href="$sysdep_8c.html" title="src/clipsrules/core/sysdep.c" alt="" coords="3400,80,3584,107">
