<area shape="rect" href="$expressn_8h.html" title="expressn.h" alt="" coords="136,379,221,405">
<area shape="rect" href="$evaluatn_8h.html" title="evaluatn.h" alt="" coords="332,304,412,331">
<area shape="rect" href="$moduldef_8h.html" title="moduldef.h" alt="" coords="517,80,603,107">
<area shape="rect" href="$exprnops_8h.html" title="exprnops.h" alt="" coords="5,453,91,480">
<area shape="rect" href="$exprnpsr_8h.html" title="exprnpsr.h" alt="" coords="115,453,195,480">
<area shape="rect" href="$extnfunc_8h.html" title="extnfunc.h" alt="" coords="320,528,403,555">
<area shape="rect" href="$scanner_8h.html" title="scanner.h" alt="" coords="116,528,193,555">
<area shape="rect" href="$userdata_8h.html" title="userdata.h" alt="" coords="320,603,403,629">
<area shape="rect" href="$symbol_8h.html" title="symbol.h" alt="" coords="504,603,579,629">
<area shape="rect" href="$pprint_8h.html" title="pprint.h" alt="" coords="123,603,187,629">
<area shape="rect" href="$constant_8h.html" title="constant.h" alt="" coords="320,379,403,405">
<area shape="rect" href="$conscomp_8h.html" title="conscomp.h" alt="" coords="597,155,688,181">
<area shape="rect" href="$modulpsr_8h.html" title="modulpsr.h" alt="" coords="419,229,501,256">
<area shape="rect" href="$clipsrules_2core_2utility_8h.html" title="utility.h" alt="" coords="845,155,907,181">
<area shape="rect" href="$constrct_8h.html" title="constrct.h" alt="" coords="525,229,605,256">
<area shape="rect" href="$symblcmp_8h.html" title="symblcmp.h" alt="" coords="680,229,771,256">
