<area shape="rect" href="$setup_8h.html" title="setup.h" alt="" coords="161,80,225,107">
<area shape="rect" href="$envrnmnt_8h.html" title="envrnmnt.h" alt="" coords="43,155,128,181">
<area shape="rect" href="$memalloc_8h.html" title="memalloc.h" alt="" coords="1472,80,1560,107">
<area shape="rect" href="$constant_8h.html" title="constant.h" alt="" coords="1213,827,1296,853">
<area shape="rect" href="$globlpsr_8h.html" title="globlpsr.h" alt="" coords="261,229,336,256">
<area shape="rect" href="$exprnpsr_8h.html" title="exprnpsr.h" alt="" coords="324,901,404,928">
<area shape="rect" href="$multifld_8h.html" title="multifld.h" alt="" coords="1235,155,1309,181">
<area shape="rect" href="$clipsrules_2core_2object_8h.html" title="object.h" alt="" coords="1067,80,1133,107">
<area shape="rect" href="$clipsrules_2core_2utility_8h.html" title="utility.h" alt="" coords="1147,603,1208,629">
<area shape="rect" href="$prcdrpsr_8h.html" title="prcdrpsr.h" alt="" coords="1003,304,1080,331">
<area shape="rect" href="$router_8h.html" title="router.h" alt="" coords="877,229,941,256">
<area shape="rect" href="$prccode_8h.html" title="prccode.h" alt="" coords="875,453,952,480">
<area shape="rect" href="$usrsetup_8h.html" title="usrsetup.h" alt="" coords="152,155,235,181">
<area shape="rect" href="$symbol_8h.html" title="symbol.h" alt="" coords="696,1051,771,1077">
<area shape="rect" href="$expressn_8h.html" title="expressn.h" alt="" coords="592,827,677,853">
<area shape="rect" href="$exprnops_8h.html" title="exprnops.h" alt="" coords="592,901,677,928">
<area shape="rect" href="$extnfunc_8h.html" title="extnfunc.h" alt="" coords="692,976,775,1003">
<area shape="rect" href="$scanner_8h.html" title="scanner.h" alt="" coords="59,976,136,1003">
<area shape="rect" href="$userdata_8h.html" title="userdata.h" alt="" coords="1019,1051,1101,1077">
<area shape="rect" href="$pprint_8h.html" title="pprint.h" alt="" coords="65,1051,129,1077">
<area shape="rect" href="$evaluatn_8h.html" title="evaluatn.h" alt="" coords="993,752,1073,779">
<area shape="rect" href="$match_8h.html" title="match.h" alt="" coords="655,155,721,181">
<area shape="rect" href="$constrnt_8h.html" title="constrnt.h" alt="" coords="1077,453,1157,480">
<area shape="rect" href="$constrct_8h.html" title="constrct.h" alt="" coords="1147,677,1227,704">
<area shape="rect" href="$pattern_8h.html" title="pattern.h" alt="" coords="652,229,724,256">
<area shape="rect" href="$network_8h.html" title="network.h" alt="" coords="363,453,440,480">
<area shape="rect" href="$reorder_8h.html" title="reorder.h" alt="" coords="616,304,688,331">
<area shape="rect" href="$ruledef_8h.html" title="ruledef.h" alt="" coords="616,379,688,405">
<area shape="rect" href="$cstrccom_8h.html" title="cstrccom.h" alt="" coords="715,453,800,480">
<area shape="rect" href="$conscomp_8h.html" title="conscomp.h" alt="" coords="704,603,795,629">
<area shape="rect" href="$agenda_8h.html" title="agenda.h" alt="" coords="565,453,640,480">
<area shape="rect" href="$moduldef_8h.html" title="moduldef.h" alt="" coords="801,528,887,555">
<area shape="rect" href="$modulpsr_8h.html" title="modulpsr.h" alt="" coords="803,677,885,704">
<area shape="rect" href="$symblcmp_8h.html" title="symblcmp.h" alt="" coords="576,677,667,704">
<area shape="rect" href="$prntutil_8h.html" title="prntutil.h" alt="" coords="855,379,927,405">
