<area shape="rect" href="$commline_8c.html" title="src/clipsrules/core/commline.c" alt="" coords="5,80,203,107">
<area shape="rect" href="$constrct_8c.html" title="src/clipsrules/core/constrct.c" alt="" coords="227,80,416,107">
<area shape="rect" href="$dffnxexe_8c.html" title="src/clipsrules/core/dffnxexe.c" alt="" coords="440,80,632,107">
<area shape="rect" href="$engine_8c.html" title="src/clipsrules/core/engine.c" alt="" coords="656,80,835,107">
<area shape="rect" href="$evaluatn_8c.html" title="src/clipsrules/core/evaluatn.c" alt="" coords="859,80,1051,107">
<area shape="rect" href="$exprnpsr_8c.html" title="src/clipsrules/core/exprnpsr.c" alt="" coords="1075,80,1267,107">
<area shape="rect" href="$factqury_8c.html" title="src/clipsrules/core/factqury.c" alt="" coords="1291,80,1477,107">
<area shape="rect" href="$filecom_8c.html" title="src/clipsrules/core/filecom.c" alt="" coords="1501,80,1685,107">
<area shape="rect" href="$genrcexe_8c.html" title="src/clipsrules/core/genrcexe.c" alt="" coords="1709,80,1904,107">
<area shape="rect" href="$insquery_8c.html" title="src/clipsrules/core/insquery.c" alt="" coords="1928,80,2117,107">
<area shape="rect" href="$msgpass_8c.html" title="src/clipsrules/core/msgpass.c" alt="" coords="2141,80,2336,107">
<area shape="rect" href="$multifun_8c.html" title="src/clipsrules/core/multifun.c" alt="" coords="2360,80,2547,107">
<area shape="rect" href="$prcdrfun_8c.html" title="src/clipsrules/core/prcdrfun.c" alt="" coords="2571,80,2760,107">
<area shape="rect" href="$sysdep_8c.html" title="src/clipsrules/core/sysdep.c" alt="" coords="2784,80,2968,107">
