<area shape="rect" href="$router_8h.html" title="src/clipsrules/core/router.h" alt="" coords="4843,80,5016,107">
<area shape="rect" href="$argacces_8c.html" title="src/clipsrules/core/argacces.c" alt="" coords="5,155,200,181">
<area shape="rect" href="$clsltpsr_8c.html" title="src/clipsrules/core/clsltpsr.c" alt="" coords="224,155,408,181">
<area shape="rect" href="$drive_8c.html" title="src/clipsrules/core/drive.c" alt="" coords="6011,155,6181,181">
<area shape="rect" href="$envrnmnt_8c.html" title="src/clipsrules/core/envrnmnt.c" alt="" coords="6205,155,6400,181">
<area shape="rect" href="$evaluatn_8c.html" title="src/clipsrules/core/evaluatn.c" alt="" coords="6424,155,6616,181">
<area shape="rect" href="$expressn_8c.html" title="src/clipsrules/core/expressn.c" alt="" coords="6640,155,6835,181">
<area shape="rect" href="$exprnops_8c.html" title="src/clipsrules/core/exprnops.c" alt="" coords="6859,155,7053,181">
<area shape="rect" href="$exprnpsr_8c.html" title="src/clipsrules/core/exprnpsr.c" alt="" coords="7077,155,7269,181">
<area shape="rect" href="$factfun_8c.html" title="src/clipsrules/core/factfun.c" alt="" coords="7293,155,7475,181">
<area shape="rect" href="$factqpsr_8c.html" title="src/clipsrules/core/factqpsr.c" alt="" coords="7499,155,7685,181">
<area shape="rect" href="$factrhs_8c.html" title="src/clipsrules/core/factrhs.c" alt="" coords="7709,155,7891,181">
<area shape="rect" href="$globlcom_8c.html" title="src/clipsrules/core/globlcom.c" alt="" coords="7915,155,8109,181">
<area shape="rect" href="$inspsr_8c.html" title="src/clipsrules/core/inspsr.c" alt="" coords="8133,155,8309,181">
<area shape="rect" href="$insqypsr_8c.html" title="src/clipsrules/core/insqypsr.c" alt="" coords="8333,155,8523,181">
<area shape="rect" href="$modulbsc_8c.html" title="src/clipsrules/core/modulbsc.c" alt="" coords="8547,155,8744,181">
<area shape="rect" href="$objbin_8c.html" title="src/clipsrules/core/objbin.c" alt="" coords="8768,155,8944,181">
<area shape="rect" href="$prntutil_8c.html" title="src/clipsrules/core/prntutil.c" alt="" coords="8968,155,9149,181">
<area shape="rect" href="$reorder_8c.html" title="src/clipsrules/core/reorder.c" alt="" coords="9173,155,9355,181">
<area shape="rect" href="$tmpltrhs_8c.html" title="src/clipsrules/core/tmpltrhs.c" alt="" coords="9379,155,9568,181">
<area shape="rect" href="$classinf_8c.html" title="src/clipsrules/core/classinf.c" alt="" coords="8045,80,8232,107">
<area shape="rect" href="$utility_8c.html" title="src/clipsrules/core/utility.c" alt="" coords="8256,80,8427,107">
<area shape="rect" href="$xclips_8c.html" title="src/client/x/xclips.c" alt="" coords="5477,155,5611,181">
<area shape="rect" href="$xclipstext_8c.html" title="src/client/x/xclipstext.c" alt="" coords="5635,155,5789,181">
<area shape="rect" href="$xmenu__exec_8c.html" title="src/client/x/xmenu_exec.c" alt="" coords="5813,155,5987,181">
<area shape="rect" href="$xmenu__file_8c.html" title="src/client/x/xmenu_file.c" alt="" coords="432,155,595,181">
<area shape="rect" href="$xmenu__opt_8c.html" title="src/client/x/xmenu_opt.c" alt="" coords="619,155,781,181">
<area shape="rect" href="$xmenu__wind_8c.html" title="src/client/x/xmenu_wind.c" alt="" coords="805,155,976,181">
<area shape="rect" href="$agenda_8c.html" title="src/clipsrules/core/agenda.c" alt="" coords="1000,155,1184,181">
<area shape="rect" href="$analysis_8c.html" title="src/clipsrules/core/analysis.c" alt="" coords="1208,155,1397,181">
<area shape="rect" href="$bload_8c.html" title="src/clipsrules/core/bload.c" alt="" coords="1421,155,1595,181">
<area shape="rect" href="$bmathfun_8c.html" title="src/clipsrules/core/bmathfun.c" alt="" coords="1619,155,1813,181">
<area shape="rect" href="$bsave_8c.html" title="src/clipsrules/core/bsave.c" alt="" coords="1837,155,2013,181">
<area shape="rect" href="$classcom_8c.html" title="src/clipsrules/core/classcom.c" alt="" coords="2037,155,2235,181">
<area shape="rect" href="$classexm_8c.html" title="src/clipsrules/core/classexm.c" alt="" coords="2259,155,2456,181">
<area shape="rect" href="$classfun_8c.html" title="src/clipsrules/core/classfun.c" alt="" coords="2480,155,2672,181">
<area shape="rect" href="$classpsr_8c.html" title="src/clipsrules/core/classpsr.c" alt="" coords="2696,155,2885,181">
<area shape="rect" href="$clips_8h.html" title="src/clipsrules/core/clips.h" alt="" coords="2909,155,3077,181">
<area shape="rect" href="$commline_8c.html" title="src/clipsrules/core/commline.c" alt="" coords="3101,155,3299,181">
<area shape="rect" href="$conscomp_8c.html" title="src/clipsrules/core/conscomp.c" alt="" coords="3323,155,3525,181">
<area shape="rect" href="$constrct_8c.html" title="src/clipsrules/core/constrct.c" alt="" coords="3549,155,3739,181">
<area shape="rect" href="$constrnt_8c.html" title="src/clipsrules/core/constrnt.c" alt="" coords="3763,155,3952,181">
<area shape="rect" href="$cstrccom_8c.html" title="src/clipsrules/core/cstrccom.c" alt="" coords="3976,155,4171,181">
<area shape="rect" href="$cstrcpsr_8c.html" title="src/clipsrules/core/cstrcpsr.c" alt="" coords="4195,155,4381,181">
<area shape="rect" href="$cstrnbin_8c.html" title="src/clipsrules/core/cstrnbin.c" alt="" coords="4405,155,4592,181">
<area shape="rect" href="$cstrnchk_8c.html" title="src/clipsrules/core/cstrnchk.c" alt="" coords="4616,155,4808,181">
<area shape="rect" href="$cstrncmp_8c.html" title="src/clipsrules/core/cstrncmp.c" alt="" coords="4832,155,5027,181">
<area shape="rect" href="$cstrnops_8c.html" title="src/clipsrules/core/cstrnops.c" alt="" coords="5051,155,5243,181">
<area shape="rect" href="$cstrnpsr_8c.html" title="src/clipsrules/core/cstrnpsr.c" alt="" coords="5267,155,5453,181">
