<area shape="rect" href="$setup_8h.html" title="setup.h" alt="" coords="391,80,455,107">
<area shape="rect" href="$envrnmnt_8h.html" title="envrnmnt.h" alt="" coords="272,155,357,181">
<area shape="rect" href="$argacces_8h.html" title="argacces.h" alt="" coords="600,603,685,629">
<area shape="rect" href="$extnfunc_8h.html" title="extnfunc.h" alt="" coords="797,1125,880,1152">
<area shape="rect" href="$classcom_8h.html" title="classcom.h" alt="" coords="699,155,787,181">
<area shape="rect" href="$dffnxfun_8h.html" title="dffnxfun.h" alt="" coords="963,528,1040,555">
<area shape="rect" href="$genrccom_8h.html" title="genrccom.h" alt="" coords="808,80,896,107">
<area shape="rect" href="$genrcfun_8h.html" title="genrcfun.h" alt="" coords="1059,155,1141,181">
<area shape="rect" href="$memalloc_8h.html" title="memalloc.h" alt="" coords="1419,80,1507,107">
<area shape="rect" href="$msgcom_8h.html" title="msgcom.h" alt="" coords="540,80,623,107">
<area shape="rect" href="$router_8h.html" title="router.h" alt="" coords="920,80,984,107">
<area shape="rect" href="$sysdep_8h.html" title="sysdep.h" alt="" coords="1168,827,1243,853">
<area shape="rect" href="$proflfun_8h.html" title="proflfun.h" alt="" coords="1317,304,1392,331">
<area shape="rect" href="$usrsetup_8h.html" title="usrsetup.h" alt="" coords="381,155,464,181">
<area shape="rect" href="$symbol_8h.html" title="symbol.h" alt="" coords="711,1200,785,1227">
<area shape="rect" href="$expressn_8h.html" title="expressn.h" alt="" coords="477,976,563,1003">
<area shape="rect" href="$evaluatn_8h.html" title="evaluatn.h" alt="" coords="352,901,432,928">
<area shape="rect" href="$moduldef_8h.html" title="moduldef.h" alt="" coords="765,677,851,704">
<area shape="rect" href="$exprnops_8h.html" title="exprnops.h" alt="" coords="433,1051,519,1077">
<area shape="rect" href="$exprnpsr_8h.html" title="exprnpsr.h" alt="" coords="543,1051,623,1077">
<area shape="rect" href="$scanner_8h.html" title="scanner.h" alt="" coords="219,1125,296,1152">
<area shape="rect" href="$userdata_8h.html" title="userdata.h" alt="" coords="1087,1200,1169,1227">
<area shape="rect" href="$pprint_8h.html" title="pprint.h" alt="" coords="225,1200,289,1227">
<area shape="rect" href="$constant_8h.html" title="constant.h" alt="" coords="371,976,453,1003">
<area shape="rect" href="$conscomp_8h.html" title="conscomp.h" alt="" coords="901,752,992,779">
<area shape="rect" href="$modulpsr_8h.html" title="modulpsr.h" alt="" coords="608,752,691,779">
<area shape="rect" href="$clipsrules_2core_2utility_8h.html" title="utility.h" alt="" coords="816,752,877,779">
<area shape="rect" href="$constrct_8h.html" title="constrct.h" alt="" coords="721,827,801,853">
<area shape="rect" href="$symblcmp_8h.html" title="symblcmp.h" alt="" coords="901,827,992,853">
<area shape="rect" href="$cstrccom_8h.html" title="cstrccom.h" alt="" coords="811,603,896,629">
<area shape="rect" href="$clipsrules_2core_2object_8h.html" title="object.h" alt="" coords="503,229,569,256">
<area shape="rect" href="$multifld_8h.html" title="multifld.h" alt="" coords="57,379,132,405">
<area shape="rect" href="$match_8h.html" title="match.h" alt="" coords="332,304,399,331">
<area shape="rect" href="$constrnt_8h.html" title="constrnt.h" alt="" coords="195,603,275,629">
<area shape="rect" href="$pattern_8h.html" title="pattern.h" alt="" coords="403,379,475,405">
<area shape="rect" href="$network_8h.html" title="network.h" alt="" coords="299,603,376,629">
<area shape="rect" href="$reorder_8h.html" title="reorder.h" alt="" coords="403,453,475,480">
<area shape="rect" href="$ruledef_8h.html" title="ruledef.h" alt="" coords="403,528,475,555">
<area shape="rect" href="$agenda_8h.html" title="agenda.h" alt="" coords="400,603,475,629">
<area shape="rect" href="$msgpass_8h.html" title="msgpass.h" alt="" coords="539,155,624,181">
<area shape="rect" href="$prntutil_8h.html" title="prntutil.h" alt="" coords="912,229,984,256">
