<area shape="rect" href="$evaluatn_8h.html" title="evaluatn.h" alt="" coords="135,677,215,704">
<area shape="rect" href="$match_8h.html" title="match.h" alt="" coords="152,80,219,107">
<area shape="rect" href="$constant_8h.html" title="constant.h" alt="" coords="148,752,231,779">
<area shape="rect" href="$userdata_8h.html" title="userdata.h" alt="" coords="699,976,781,1003">
<area shape="rect" href="$expressn_8h.html" title="expressn.h" alt="" coords="508,752,593,779">
<area shape="rect" href="$symbol_8h.html" title="symbol.h" alt="" coords="281,976,356,1003">
<area shape="rect" href="$exprnops_8h.html" title="exprnops.h" alt="" coords="508,827,593,853">
<area shape="rect" href="$exprnpsr_8h.html" title="exprnpsr.h" alt="" coords="617,827,697,853">
<area shape="rect" href="$extnfunc_8h.html" title="extnfunc.h" alt="" coords="429,901,512,928">
<area shape="rect" href="$scanner_8h.html" title="scanner.h" alt="" coords="609,901,687,928">
<area shape="rect" href="$pprint_8h.html" title="pprint.h" alt="" coords="611,976,675,1003">
<area shape="rect" href="$pattern_8h.html" title="pattern.h" alt="" coords="235,155,307,181">
<area shape="rect" href="$network_8h.html" title="network.h" alt="" coords="147,379,224,405">
<area shape="rect" href="$reorder_8h.html" title="reorder.h" alt="" coords="305,229,377,256">
<area shape="rect" href="$ruledef_8h.html" title="ruledef.h" alt="" coords="305,304,377,331">
<area shape="rect" href="$constrnt_8h.html" title="constrnt.h" alt="" coords="171,453,251,480">
<area shape="rect" href="$cstrccom_8h.html" title="cstrccom.h" alt="" coords="299,379,384,405">
<area shape="rect" href="$conscomp_8h.html" title="conscomp.h" alt="" coords="424,528,515,555">
<area shape="rect" href="$agenda_8h.html" title="agenda.h" alt="" coords="459,379,533,405">
<area shape="rect" href="$moduldef_8h.html" title="moduldef.h" alt="" coords="299,453,384,480">
<area shape="rect" href="$modulpsr_8h.html" title="modulpsr.h" alt="" coords="197,603,280,629">
<area shape="rect" href="$clipsrules_2core_2utility_8h.html" title="utility.h" alt="" coords="339,528,400,555">
<area shape="rect" href="$constrct_8h.html" title="constrct.h" alt="" coords="304,603,384,629">
<area shape="rect" href="$symblcmp_8h.html" title="symblcmp.h" alt="" coords="459,603,549,629">
