<area shape="rect" href="$engine_8h.html" title="src/clipsrules/core/engine.h" alt="" coords="2619,80,2797,107">
<area shape="rect" href="$agenda_8c.html" title="src/clipsrules/core/agenda.c" alt="" coords="5,155,189,181">
<area shape="rect" href="$drive_8c.html" title="src/clipsrules/core/drive.c" alt="" coords="213,155,384,181">
<area shape="rect" href="$engine_8c.html" title="src/clipsrules/core/engine.c" alt="" coords="408,155,587,181">
<area shape="rect" href="$factmngr_8c.html" title="src/clipsrules/core/factmngr.c" alt="" coords="611,155,803,181">
<area shape="rect" href="$objrtmch_8c.html" title="src/clipsrules/core/objrtmch.c" alt="" coords="4075,155,4267,181">
<area shape="rect" href="$reteutil_8c.html" title="src/clipsrules/core/reteutil.c" alt="" coords="4291,155,4472,181">
<area shape="rect" href="$retract_8c.html" title="src/clipsrules/core/retract.c" alt="" coords="4496,155,4675,181">
<area shape="rect" href="$rulebin_8c.html" title="src/clipsrules/core/rulebin.c" alt="" coords="4699,155,4877,181">
<area shape="rect" href="$ruledef_8c.html" title="src/clipsrules/core/ruledef.c" alt="" coords="4901,155,5083,181">
<area shape="rect" href="$ruledlt_8c.html" title="src/clipsrules/core/ruledlt.c" alt="" coords="5107,155,5283,181">
<area shape="rect" href="$xclips_8c.html" title="src/client/x/xclips.c" alt="" coords="1243,155,1376,181">
<area shape="rect" href="$xmenu__opt_8c.html" title="src/client/x/xmenu_opt.c" alt="" coords="1400,155,1563,181">
<area shape="rect" href="$xmenu__wind_8c.html" title="src/client/x/xmenu_wind.c" alt="" coords="1587,155,1757,181">
<area shape="rect" href="$clips_8h.html" title="src/clipsrules/core/clips.h" alt="" coords="1781,155,1949,181">
<area shape="rect" href="$envrnmnt_8c.html" title="src/clipsrules/core/envrnmnt.c" alt="" coords="1973,155,2168,181">
<area shape="rect" href="$factmch_8c.html" title="src/clipsrules/core/factmch.c" alt="" coords="2192,155,2381,181">
<area shape="rect" href="$factrete_8c.html" title="src/clipsrules/core/factrete.c" alt="" coords="2405,155,2592,181">
<area shape="rect" href="$incrrset_8c.html" title="src/clipsrules/core/incrrset.c" alt="" coords="2616,155,2800,181">
<area shape="rect" href="$insfun_8c.html" title="src/clipsrules/core/insfun.c" alt="" coords="2824,155,3000,181">
<area shape="rect" href="$insmngr_8c.html" title="src/clipsrules/core/insmngr.c" alt="" coords="3024,155,3211,181">
<area shape="rect" href="$lgcldpnd_8c.html" title="src/clipsrules/core/lgcldpnd.c" alt="" coords="3235,155,3424,181">
<area shape="rect" href="$objrtfnx_8c.html" title="src/clipsrules/core/objrtfnx.c" alt="" coords="3448,155,3632,181">
<area shape="rect" href="$rulebsc_8c.html" title="src/clipsrules/core/rulebsc.c" alt="" coords="3656,155,3840,181">
<area shape="rect" href="$rulecom_8c.html" title="src/clipsrules/core/rulecom.c" alt="" coords="3864,155,4051,181">
<area shape="rect" href="$rulepsr_8c.html" title="src/clipsrules/core/rulepsr.c" alt="" coords="827,155,1005,181">
<area shape="rect" href="$strngfun_8c.html" title="src/clipsrules/core/strngfun.c" alt="" coords="1029,155,1219,181">
<area shape="rect" href="$xedit_8c.html" title="src/client/x/xedit.c" alt="" coords="1515,229,1643,256">
<area shape="rect" href="$cmptblty_8h.html" title="src/clipsrules/core/cmptblty.h" alt="" coords="1667,229,1859,256">
<area shape="rect" href="$main_8c.html" title="src/clipsrules/core/main.c" alt="" coords="1883,229,2053,256">
<area shape="rect" href="$userfunctions_8c.html" title="src/clipsrules/core/userfunctions.c" alt="" coords="2077,229,2296,256">
