<area shape="rect" href="$setup_8h.html" title="setup.h" alt="" coords="120,80,184,107">
<area shape="rect" href="$envrnmnt_8h.html" title="envrnmnt.h" alt="" coords="149,155,235,181">
<area shape="rect" href="$symbol_8h.html" title="symbol.h" alt="" coords="507,901,581,928">
<area shape="rect" href="$analysis_8h.html" title="analysis.h" alt="" coords="645,80,725,107">
<area shape="rect" href="$exprnpsr_8h.html" title="exprnpsr.h" alt="" coords="463,752,543,779">
<area shape="rect" href="$scanner_8h.html" title="scanner.h" alt="" coords="273,827,351,853">
<area shape="rect" href="$ruledef_8h.html" title="ruledef.h" alt="" coords="1113,229,1185,256">
<area shape="rect" href="$constant_8h.html" title="constant.h" alt="" coords="1328,677,1411,704">
<area shape="rect" href="$constrct_8h.html" title="constrct.h" alt="" coords="1117,528,1197,555">
<area shape="rect" href="$pattern_8h.html" title="pattern.h" alt="" coords="883,453,955,480">
<area shape="rect" href="$cstrcpsr_8h.html" title="cstrcpsr.h" alt="" coords="1435,453,1512,480">
<area shape="rect" href="$cstrnchk_8h.html" title="cstrnchk.h" alt="" coords="1569,229,1652,256">
<area shape="rect" href="$cstrnops_8h.html" title="cstrnops.h" alt="" coords="1676,229,1759,256">
<area shape="rect" href="$engine_8h.html" title="engine.h" alt="" coords="1208,80,1277,107">
<area shape="rect" href="$lgcldpnd_8h.html" title="lgcldpnd.h" alt="" coords="1203,155,1283,181">
<area shape="rect" href="$incrrset_8h.html" title="incrrset.h" alt="" coords="1104,155,1179,181">
<area shape="rect" href="$memalloc_8h.html" title="memalloc.h" alt="" coords="1935,80,2023,107">
<area shape="rect" href="$prccode_8h.html" title="prccode.h" alt="" coords="856,304,933,331">
<area shape="rect" href="$prcdrpsr_8h.html" title="prcdrpsr.h" alt="" coords="1468,229,1545,256">
<area shape="rect" href="$router_8h.html" title="router.h" alt="" coords="965,155,1029,181">
<area shape="rect" href="$rulebld_8h.html" title="rulebld.h" alt="" coords="749,80,819,107">
<area shape="rect" href="$rulebsc_8h.html" title="rulebsc.h" alt="" coords="1732,528,1807,555">
<area shape="rect" href="$rulecstr_8h.html" title="rulecstr.h" alt="" coords="2047,80,2121,107">
<area shape="rect" href="$ruledlt_8h.html" title="ruledlt.h" alt="" coords="2145,80,2212,107">
<area shape="rect" href="$rulelhs_8h.html" title="rulelhs.h" alt="" coords="552,80,621,107">
<area shape="rect" href="$watch_8h.html" title="watch.h" alt="" coords="451,603,517,629">
<area shape="rect" href="$tmpltfun_8h.html" title="tmpltfun.h" alt="" coords="296,304,376,331">
<area shape="rect" href="$bload_8h.html" title="bload.h" alt="" coords="695,752,759,779">
<area shape="rect" href="$rulepsr_8h.html" title="rulepsr.h" alt="" coords="2236,80,2305,107">
<area shape="rect" href="$usrsetup_8h.html" title="usrsetup.h" alt="" coords="43,155,125,181">
<area shape="rect" href="$expressn_8h.html" title="expressn.h" alt="" coords="573,677,659,704">
<area shape="rect" href="$reorder_8h.html" title="reorder.h" alt="" coords="668,155,740,181">
<area shape="rect" href="$extnfunc_8h.html" title="extnfunc.h" alt="" coords="641,827,724,853">
<area shape="rect" href="$userdata_8h.html" title="userdata.h" alt="" coords="1116,901,1199,928">
<area shape="rect" href="$pprint_8h.html" title="pprint.h" alt="" coords="280,901,344,928">
<area shape="rect" href="$constrnt_8h.html" title="constrnt.h" alt="" coords="1571,304,1651,331">
<area shape="rect" href="$cstrccom_8h.html" title="cstrccom.h" alt="" coords="1008,304,1093,331">
<area shape="rect" href="$conscomp_8h.html" title="conscomp.h" alt="" coords="1029,453,1120,480">
<area shape="rect" href="$network_8h.html" title="network.h" alt="" coords="1267,304,1344,331">
<area shape="rect" href="$agenda_8h.html" title="agenda.h" alt="" coords="1168,304,1243,331">
<area shape="rect" href="$evaluatn_8h.html" title="evaluatn.h" alt="" coords="1276,603,1356,629">
<area shape="rect" href="$moduldef_8h.html" title="moduldef.h" alt="" coords="1013,379,1099,405">
<area shape="rect" href="$match_8h.html" title="match.h" alt="" coords="1272,379,1339,405">
<area shape="rect" href="$retract_8h.html" title="retract.h" alt="" coords="1273,229,1343,256">
<area shape="rect" href="$prntutil_8h.html" title="prntutil.h" alt="" coords="965,229,1037,256">
<area shape="rect" href="$factmngr_8h.html" title="factmngr.h" alt="" coords="907,379,989,405">
