<area shape="rect" href="$setup_8h.html" title="setup.h" alt="" coords="1423,80,1487,107">
<area shape="rect" href="$envrnmnt_8h.html" title="envrnmnt.h" alt="" coords="1520,155,1605,181">
<area shape="rect" href="$argacces_8h.html" title="argacces.h" alt="" coords="576,304,661,331">
<area shape="rect" href="$extnfunc_8h.html" title="extnfunc.h" alt="" coords="361,827,444,853">
<area shape="rect" href="$evaluatn_8h.html" title="evaluatn.h" alt="" coords="629,603,709,629">
<area shape="rect" href="$constant_8h.html" title="constant.h" alt="" coords="272,677,355,704">
<area shape="rect" href="$constrct_8h.html" title="constrct.h" alt="" coords="171,528,251,555">
<area shape="rect" href="$crstrtgy_8h.html" title="crstrtgy.h" alt="" coords="1128,80,1203,107">
<area shape="rect" href="$pattern_8h.html" title="pattern.h" alt="" coords="1083,453,1155,480">
<area shape="rect" href="$engine_8h.html" title="engine.h" alt="" coords="933,80,1003,107">
<area shape="rect" href="$lgcldpnd_8h.html" title="lgcldpnd.h" alt="" coords="1069,155,1149,181">
<area shape="rect" href="$incrrset_8h.html" title="incrrset.h" alt="" coords="821,155,896,181">
<area shape="rect" href="$memalloc_8h.html" title="memalloc.h" alt="" coords="45,80,133,107">
<area shape="rect" href="$reteutil_8h.html" title="reteutil.h" alt="" coords="787,304,859,331">
<area shape="rect" href="$router_8h.html" title="router.h" alt="" coords="357,80,421,107">
<area shape="rect" href="$ruledlt_8h.html" title="ruledlt.h" alt="" coords="1277,80,1344,107">
<area shape="rect" href="$sysdep_8h.html" title="sysdep.h" alt="" coords="1520,528,1595,555">
<area shape="rect" href="$watch_8h.html" title="watch.h" alt="" coords="1353,229,1420,256">
<area shape="rect" href="$rulebin_8h.html" title="rulebin.h" alt="" coords="341,229,411,256">
<area shape="rect" href="$rulecom_8h.html" title="rulecom.h" alt="" coords="459,229,536,256">
<area shape="rect" href="$usrsetup_8h.html" title="usrsetup.h" alt="" coords="1413,155,1496,181">
<area shape="rect" href="$symbol_8h.html" title="symbol.h" alt="" coords="775,901,849,928">
<area shape="rect" href="$expressn_8h.html" title="expressn.h" alt="" coords="1045,677,1131,704">
<area shape="rect" href="$moduldef_8h.html" title="moduldef.h" alt="" coords="445,379,531,405">
<area shape="rect" href="$exprnops_8h.html" title="exprnops.h" alt="" coords="1045,752,1131,779">
<area shape="rect" href="$exprnpsr_8h.html" title="exprnpsr.h" alt="" coords="1155,752,1235,779">
<area shape="rect" href="$scanner_8h.html" title="scanner.h" alt="" coords="1545,827,1623,853">
<area shape="rect" href="$userdata_8h.html" title="userdata.h" alt="" coords="168,901,251,928">
<area shape="rect" href="$pprint_8h.html" title="pprint.h" alt="" coords="1552,901,1616,928">
<area shape="rect" href="$conscomp_8h.html" title="conscomp.h" alt="" coords="248,453,339,480">
<area shape="rect" href="$modulpsr_8h.html" title="modulpsr.h" alt="" coords="448,453,531,480">
<area shape="rect" href="$clipsrules_2core_2utility_8h.html" title="utility.h" alt="" coords="363,453,424,480">
<area shape="rect" href="$symblcmp_8h.html" title="symblcmp.h" alt="" coords="909,528,1000,555">
<area shape="rect" href="$agenda_8h.html" title="agenda.h" alt="" coords="920,155,995,181">
<area shape="rect" href="$ruledef_8h.html" title="ruledef.h" alt="" coords="856,229,928,256">
<area shape="rect" href="$match_8h.html" title="match.h" alt="" coords="964,379,1031,405">
<area shape="rect" href="$constrnt_8h.html" title="constrnt.h" alt="" coords="757,379,837,405">
<area shape="rect" href="$cstrccom_8h.html" title="cstrccom.h" alt="" coords="467,304,552,331">
<area shape="rect" href="$network_8h.html" title="network.h" alt="" coords="883,304,960,331">
<area shape="rect" href="$reorder_8h.html" title="reorder.h" alt="" coords="1176,528,1248,555">
<area shape="rect" href="$retract_8h.html" title="retract.h" alt="" coords="1003,229,1072,256">
<area shape="rect" href="$prntutil_8h.html" title="prntutil.h" alt="" coords="197,229,269,256">
<area shape="rect" href="$modulbin_8h.html" title="modulbin.h" alt="" coords="259,304,341,331">
<area shape="rect" href="$cstrcbin_8h.html" title="cstrcbin.h" alt="" coords="147,379,224,405">
