<area shape="rect" href="$conscomp_8h.html" title="conscomp.h" alt="" coords="453,80,544,107">
<area shape="rect" href="$constrct_8h.html" title="constrct.h" alt="" coords="420,155,500,181">
<area shape="rect" href="$extnfunc_8h.html" title="extnfunc.h" alt="" coords="247,603,329,629">
<area shape="rect" href="$symblcmp_8h.html" title="symblcmp.h" alt="" coords="673,229,764,256">
<area shape="rect" href="$userdata_8h.html" title="userdata.h" alt="" coords="55,677,137,704">
<area shape="rect" href="$moduldef_8h.html" title="moduldef.h" alt="" coords="497,229,583,256">
<area shape="rect" href="$symbol_8h.html" title="symbol.h" alt="" coords="485,677,560,704">
<area shape="rect" href="$evaluatn_8h.html" title="evaluatn.h" alt="" coords="340,379,420,405">
<area shape="rect" href="$modulpsr_8h.html" title="modulpsr.h" alt="" coords="497,304,580,331">
<area shape="rect" href="$clipsrules_2core_2utility_8h.html" title="utility.h" alt="" coords="604,304,665,331">
<area shape="rect" href="$constant_8h.html" title="constant.h" alt="" coords="217,453,300,480">
<area shape="rect" href="$expressn_8h.html" title="expressn.h" alt="" coords="324,453,409,480">
<area shape="rect" href="$exprnops_8h.html" title="exprnops.h" alt="" coords="299,528,384,555">
<area shape="rect" href="$exprnpsr_8h.html" title="exprnpsr.h" alt="" coords="144,528,224,555">
<area shape="rect" href="$scanner_8h.html" title="scanner.h" alt="" coords="145,603,223,629">
<area shape="rect" href="$pprint_8h.html" title="pprint.h" alt="" coords="161,677,225,704">
