<area shape="rect" href="$reorder_8h.html" title="reorder.h" alt="" coords="351,80,423,107">
<area shape="rect" href="$ruledef_8h.html" title="ruledef.h" alt="" coords="351,155,423,181">
<area shape="rect" href="$expressn_8h.html" title="expressn.h" alt="" coords="533,603,619,629">
<area shape="rect" href="$constrnt_8h.html" title="constrnt.h" alt="" coords="516,304,596,331">
<area shape="rect" href="$cstrccom_8h.html" title="cstrccom.h" alt="" coords="189,229,275,256">
<area shape="rect" href="$conscomp_8h.html" title="conscomp.h" alt="" coords="92,379,183,405">
<area shape="rect" href="$network_8h.html" title="network.h" alt="" coords="448,229,525,256">
<area shape="rect" href="$agenda_8h.html" title="agenda.h" alt="" coords="349,229,424,256">
<area shape="rect" href="$evaluatn_8h.html" title="evaluatn.h" alt="" coords="428,528,508,555">
<area shape="rect" href="$constant_8h.html" title="constant.h" alt="" coords="427,603,509,629">
<area shape="rect" href="$userdata_8h.html" title="userdata.h" alt="" coords="351,827,433,853">
<area shape="rect" href="$symbol_8h.html" title="symbol.h" alt="" coords="152,827,227,853">
<area shape="rect" href="$exprnops_8h.html" title="exprnops.h" alt="" coords="533,677,619,704">
<area shape="rect" href="$exprnpsr_8h.html" title="exprnpsr.h" alt="" coords="429,677,509,704">
<area shape="rect" href="$extnfunc_8h.html" title="extnfunc.h" alt="" coords="277,752,360,779">
<area shape="rect" href="$scanner_8h.html" title="scanner.h" alt="" coords="445,752,523,779">
<area shape="rect" href="$pprint_8h.html" title="pprint.h" alt="" coords="457,827,521,853">
<area shape="rect" href="$moduldef_8h.html" title="moduldef.h" alt="" coords="189,304,275,331">
<area shape="rect" href="$modulpsr_8h.html" title="modulpsr.h" alt="" coords="243,453,325,480">
<area shape="rect" href="$clipsrules_2core_2utility_8h.html" title="utility.h" alt="" coords="281,379,343,405">
<area shape="rect" href="$constrct_8h.html" title="constrct.h" alt="" coords="349,453,429,480">
<area shape="rect" href="$symblcmp_8h.html" title="symblcmp.h" alt="" coords="27,453,117,480">
<area shape="rect" href="$match_8h.html" title="match.h" alt="" coords="420,304,487,331">
<area shape="rect" href="$pattern_8h.html" title="pattern.h" alt="" coords="417,379,489,405">
