<area shape="rect" href="$setup_8h.html" title="setup.h" alt="" coords="124,80,188,107">
<area shape="rect" href="$envrnmnt_8h.html" title="envrnmnt.h" alt="" coords="5,155,91,181">
<area shape="rect" href="$analysis_8h.html" title="analysis.h" alt="" coords="393,80,473,107">
<area shape="rect" href="$extnfunc_8h.html" title="extnfunc.h" alt="" coords="697,827,780,853">
<area shape="rect" href="$reorder_8h.html" title="reorder.h" alt="" coords="397,155,469,181">
<area shape="rect" href="$cstrnchk_8h.html" title="cstrnchk.h" alt="" coords="833,155,916,181">
<area shape="rect" href="$cstrnops_8h.html" title="cstrnops.h" alt="" coords="912,229,995,256">
<area shape="rect" href="$cstrnutl_8h.html" title="cstrnutl.h" alt="" coords="661,229,736,256">
<area shape="rect" href="$prcdrpsr_8h.html" title="prcdrpsr.h" alt="" coords="760,229,837,256">
<area shape="rect" href="$router_8h.html" title="router.h" alt="" coords="1011,155,1075,181">
<area shape="rect" href="$rulepsr_8h.html" title="rulepsr.h" alt="" coords="1189,80,1259,107">
<area shape="rect" href="$rulecstr_8h.html" title="rulecstr.h" alt="" coords="1283,80,1357,107">
<area shape="rect" href="$usrsetup_8h.html" title="usrsetup.h" alt="" coords="115,155,197,181">
<area shape="rect" href="$symbol_8h.html" title="symbol.h" alt="" coords="805,901,880,928">
<area shape="rect" href="$expressn_8h.html" title="expressn.h" alt="" coords="331,677,416,704">
<area shape="rect" href="$exprnops_8h.html" title="exprnops.h" alt="" coords="331,752,416,779">
<area shape="rect" href="$exprnpsr_8h.html" title="exprnpsr.h" alt="" coords="440,752,520,779">
<area shape="rect" href="$scanner_8h.html" title="scanner.h" alt="" coords="69,827,147,853">
<area shape="rect" href="$userdata_8h.html" title="userdata.h" alt="" coords="1136,901,1219,928">
<area shape="rect" href="$pprint_8h.html" title="pprint.h" alt="" coords="76,901,140,928">
<area shape="rect" href="$ruledef_8h.html" title="ruledef.h" alt="" coords="527,229,599,256">
<area shape="rect" href="$constrnt_8h.html" title="constrnt.h" alt="" coords="835,304,915,331">
<area shape="rect" href="$cstrccom_8h.html" title="cstrccom.h" alt="" coords="675,304,760,331">
<area shape="rect" href="$conscomp_8h.html" title="conscomp.h" alt="" coords="608,453,699,480">
<area shape="rect" href="$network_8h.html" title="network.h" alt="" coords="424,304,501,331">
<area shape="rect" href="$agenda_8h.html" title="agenda.h" alt="" coords="525,304,600,331">
<area shape="rect" href="$evaluatn_8h.html" title="evaluatn.h" alt="" coords="905,603,985,629">
<area shape="rect" href="$constant_8h.html" title="constant.h" alt="" coords="956,677,1039,704">
<area shape="rect" href="$moduldef_8h.html" title="moduldef.h" alt="" coords="756,379,841,405">
<area shape="rect" href="$modulpsr_8h.html" title="modulpsr.h" alt="" coords="827,528,909,555">
<area shape="rect" href="$clipsrules_2core_2utility_8h.html" title="utility.h" alt="" coords="848,453,909,480">
<area shape="rect" href="$constrct_8h.html" title="constrct.h" alt="" coords="984,528,1064,555">
<area shape="rect" href="$symblcmp_8h.html" title="symblcmp.h" alt="" coords="509,528,600,555">
<area shape="rect" href="$match_8h.html" title="match.h" alt="" coords="429,379,496,405">
<area shape="rect" href="$pattern_8h.html" title="pattern.h" alt="" coords="411,453,483,480">
<area shape="rect" href="$prntutil_8h.html" title="prntutil.h" alt="" coords="1019,229,1091,256">
