<area shape="rect" href="$setup_8h.html" title="setup.h" alt="" coords="531,80,595,107">
<area shape="rect" href="$envrnmnt_8h.html" title="envrnmnt.h" alt="" coords="560,155,645,181">
<area shape="rect" href="$symbol_8h.html" title="symbol.h" alt="" coords="637,752,712,779">
<area shape="rect" href="$constant_8h.html" title="constant.h" alt="" coords="504,528,587,555">
<area shape="rect" href="$router_8h.html" title="router.h" alt="" coords="728,80,792,107">
<area shape="rect" href="$scanner_8h.html" title="scanner.h" alt="" coords="1283,677,1360,704">
<area shape="rect" href="$clipsrules_2core_2utility_8h.html" title="utility.h" alt="" coords="983,304,1044,331">
<area shape="rect" href="$memalloc_8h.html" title="memalloc.h" alt="" coords="368,80,456,107">
<area shape="rect" href="$sysdep_8h.html" title="sysdep.h" alt="" coords="1127,379,1201,405">
<area shape="rect" href="$usrsetup_8h.html" title="usrsetup.h" alt="" coords="453,155,536,181">
<area shape="rect" href="$prntutil_8h.html" title="prntutil.h" alt="" coords="737,155,809,181">
<area shape="rect" href="$moduldef_8h.html" title="moduldef.h" alt="" coords="737,229,823,256">
<area shape="rect" href="$conscomp_8h.html" title="conscomp.h" alt="" coords="817,304,908,331">
<area shape="rect" href="$modulpsr_8h.html" title="modulpsr.h" alt="" coords="660,304,743,331">
<area shape="rect" href="$constrct_8h.html" title="constrct.h" alt="" coords="740,379,820,405">
<area shape="rect" href="$extnfunc_8h.html" title="extnfunc.h" alt="" coords="984,677,1067,704">
<area shape="rect" href="$symblcmp_8h.html" title="symblcmp.h" alt="" coords="900,379,991,405">
<area shape="rect" href="$userdata_8h.html" title="userdata.h" alt="" coords="984,752,1067,779">
<area shape="rect" href="$evaluatn_8h.html" title="evaluatn.h" alt="" coords="661,453,741,480">
<area shape="rect" href="$expressn_8h.html" title="expressn.h" alt="" coords="864,528,949,555">
<area shape="rect" href="$exprnops_8h.html" title="exprnops.h" alt="" coords="864,603,949,629">
<area shape="rect" href="$exprnpsr_8h.html" title="exprnpsr.h" alt="" coords="1024,603,1104,629">
<area shape="rect" href="$pprint_8h.html" title="pprint.h" alt="" coords="1289,752,1353,779">
