<area shape="rect" href="$xmenu__file_8c.html" title="src/client/x/xmenu_file.c" alt="" coords="5,80,168,107">
<area shape="rect" href="$exprnpsr_8h.html" title="src/clipsrules/core/exprnpsr.h" alt="" coords="2868,80,3060,107">
<area shape="rect" href="$dffnxpsr_8c.html" title="src/clipsrules/core/dffnxpsr.c" alt="" coords="2419,229,2605,256">
<area shape="rect" href="$tmpltfun_8h.html" title="src/clipsrules/core/tmpltfun.h" alt="" coords="2865,229,3055,256">
<area shape="rect" href="$factcom_8c.html" title="src/clipsrules/core/factcom.c" alt="" coords="3097,304,3287,331">
<area shape="rect" href="$factmngr_8c.html" title="src/clipsrules/core/factmngr.c" alt="" coords="1831,304,2023,331">
<area shape="rect" href="$rulepsr_8c.html" title="src/clipsrules/core/rulepsr.c" alt="" coords="1628,304,1807,331">
<area shape="rect" href="$tmpltfun_8c.html" title="src/clipsrules/core/tmpltfun.c" alt="" coords="3361,304,3551,331">
<area shape="rect" href="$tmpltrhs_8h.html" title="src/clipsrules/core/tmpltrhs.h" alt="" coords="3280,229,3469,256">
<area shape="rect" href="$commline_8c.html" title="src/clipsrules/core/commline.c" alt="" coords="344,155,541,181">
<area shape="rect" href="$constrct_8c.html" title="src/clipsrules/core/constrct.c" alt="" coords="565,155,755,181">
<area shape="rect" href="$default_8c.html" title="src/clipsrules/core/default.c" alt="" coords="779,155,960,181">
<area shape="rect" href="$exprnpsr_8c.html" title="src/clipsrules/core/exprnpsr.c" alt="" coords="984,155,1176,181">
<area shape="rect" href="$factgen_8c.html" title="src/clipsrules/core/factgen.c" alt="" coords="1200,155,1384,181">
<area shape="rect" href="$factqpsr_8c.html" title="src/clipsrules/core/factqpsr.c" alt="" coords="1408,155,1595,181">
<area shape="rect" href="$genrcpsr_8c.html" title="src/clipsrules/core/genrcpsr.c" alt="" coords="1619,155,1811,181">
<area shape="rect" href="$globlpsr_8c.html" title="src/clipsrules/core/globlpsr.c" alt="" coords="3280,155,3467,181">
<area shape="rect" href="$insqypsr_8c.html" title="src/clipsrules/core/insqypsr.c" alt="" coords="3491,155,3680,181">
<area shape="rect" href="$msgpsr_8c.html" title="src/clipsrules/core/msgpsr.c" alt="" coords="3704,155,3888,181">
<area shape="rect" href="$multifun_8c.html" title="src/clipsrules/core/multifun.c" alt="" coords="3912,155,4099,181">
<area shape="rect" href="$objrtbld_8c.html" title="src/clipsrules/core/objrtbld.c" alt="" coords="4123,155,4307,181">
<area shape="rect" href="$prcdrfun_8c.html" title="src/clipsrules/core/prcdrfun.c" alt="" coords="4331,155,4520,181">
<area shape="rect" href="$prcdrpsr_8c.html" title="src/clipsrules/core/prcdrpsr.c" alt="" coords="4544,155,4731,181">
<area shape="rect" href="$rulelhs_8c.html" title="src/clipsrules/core/rulelhs.c" alt="" coords="4755,155,4933,181">
<area shape="rect" href="$strngfun_8c.html" title="src/clipsrules/core/strngfun.c" alt="" coords="4957,155,5147,181">
<area shape="rect" href="$tmpltlhs_8c.html" title="src/clipsrules/core/tmpltlhs.c" alt="" coords="5171,155,5357,181">
<area shape="rect" href="$tmpltpsr_8c.html" title="src/clipsrules/core/tmpltpsr.c" alt="" coords="5381,155,5568,181">
<area shape="rect" href="$classfun_8c.html" title="src/clipsrules/core/classfun.c" alt="" coords="5236,80,5428,107">
<area shape="rect" href="$classpsr_8c.html" title="src/clipsrules/core/classpsr.c" alt="" coords="5452,80,5641,107">
<area shape="rect" href="$clsltpsr_8c.html" title="src/clipsrules/core/clsltpsr.c" alt="" coords="5665,80,5849,107">
<area shape="rect" href="$constrnt_8c.html" title="src/clipsrules/core/constrnt.c" alt="" coords="5873,80,6063,107">
<area shape="rect" href="$cstrnops_8c.html" title="src/clipsrules/core/cstrnops.c" alt="" coords="6087,80,6279,107">
<area shape="rect" href="$cstrnpsr_8c.html" title="src/clipsrules/core/cstrnpsr.c" alt="" coords="6303,80,6489,107">
<area shape="rect" href="$cstrnutl_8c.html" title="src/clipsrules/core/cstrnutl.c" alt="" coords="6513,80,6697,107">
<area shape="rect" href="$defins_8c.html" title="src/clipsrules/core/defins.c" alt="" coords="6721,80,6897,107">
<area shape="rect" href="$dffctbsc_8c.html" title="src/clipsrules/core/dffctbsc.c" alt="" coords="6921,80,7108,107">
<area shape="rect" href="$ed_8h.html" title="src/clipsrules/core/ed.h" alt="" coords="7132,80,7287,107">
<area shape="rect" href="$factlhs_8h.html" title="src/clipsrules/core/factlhs.h" alt="" coords="7311,80,7492,107">
<area shape="rect" href="$inherpsr_8c.html" title="src/clipsrules/core/inherpsr.c" alt="" coords="7516,80,7703,107">
<area shape="rect" href="$iofun_8c.html" title="src/clipsrules/core/iofun.c" alt="" coords="7727,80,7897,107">
<area shape="rect" href="$multifld_8c.html" title="src/clipsrules/core/multifld.c" alt="" coords="7921,80,8105,107">
<area shape="rect" href="$scanner_8c.html" title="src/clipsrules/core/scanner.c" alt="" coords="8129,80,8316,107">
<area shape="rect" href="$tmpltbsc_8c.html" title="src/clipsrules/core/tmpltbsc.c" alt="" coords="8340,80,8532,107">
<area shape="rect" href="$xclips_8c.html" title="src/client/x/xclips.c" alt="" coords="2155,155,2288,181">
<area shape="rect" href="$xmenu__opt_8c.html" title="src/client/x/xmenu_opt.c" alt="" coords="2312,155,2475,181">
<area shape="rect" href="$expressn_8h.html" title="src/clipsrules/core/expressn.h" alt="" coords="2763,155,2957,181">
<area shape="rect" href="$analysis_8c.html" title="src/clipsrules/core/analysis.c" alt="" coords="2549,155,2739,181">
<area shape="rect" href="$bload_8c.html" title="src/clipsrules/core/bload.c" alt="" coords="2981,155,3155,181">
<area shape="rect" href="$bmathfun_8c.html" title="src/clipsrules/core/bmathfun.c" alt="" coords="1936,155,2131,181">
