<area shape="rect" href="$setup_8h.html" title="setup.h" alt="" coords="689,80,753,107">
<area shape="rect" href="$envrnmnt_8h.html" title="envrnmnt.h" alt="" coords="779,155,864,181">
<area shape="rect" href="$argacces_8h.html" title="argacces.h" alt="" coords="303,155,388,181">
<area shape="rect" href="$extnfunc_8h.html" title="extnfunc.h" alt="" coords="323,677,405,704">
<area shape="rect" href="$evaluatn_8h.html" title="evaluatn.h" alt="" coords="245,453,325,480">
<area shape="rect" href="$dffnxfun_8h.html" title="dffnxfun.h" alt="" coords="588,80,665,107">
<area shape="rect" href="$memalloc_8h.html" title="memalloc.h" alt="" coords="939,80,1027,107">
<area shape="rect" href="$multifld_8h.html" title="multifld.h" alt="" coords="52,229,127,256">
<area shape="rect" href="$sysdep_8h.html" title="sysdep.h" alt="" coords="876,379,951,405">
<area shape="rect" href="$sortfun_8h.html" title="sortfun.h" alt="" coords="1051,80,1123,107">
<area shape="rect" href="$usrsetup_8h.html" title="usrsetup.h" alt="" coords="672,155,755,181">
<area shape="rect" href="$symbol_8h.html" title="symbol.h" alt="" coords="609,752,684,779">
<area shape="rect" href="$expressn_8h.html" title="expressn.h" alt="" coords="56,528,141,555">
<area shape="rect" href="$moduldef_8h.html" title="moduldef.h" alt="" coords="512,229,597,256">
<area shape="rect" href="$exprnops_8h.html" title="exprnops.h" alt="" coords="109,603,195,629">
<area shape="rect" href="$exprnpsr_8h.html" title="exprnpsr.h" alt="" coords="5,603,85,629">
<area shape="rect" href="$scanner_8h.html" title="scanner.h" alt="" coords="7,677,84,704">
<area shape="rect" href="$userdata_8h.html" title="userdata.h" alt="" coords="323,752,405,779">
<area shape="rect" href="$pprint_8h.html" title="pprint.h" alt="" coords="13,752,77,779">
<area shape="rect" href="$constant_8h.html" title="constant.h" alt="" coords="165,528,248,555">
<area shape="rect" href="$conscomp_8h.html" title="conscomp.h" alt="" coords="647,304,737,331">
<area shape="rect" href="$modulpsr_8h.html" title="modulpsr.h" alt="" coords="540,304,623,331">
<area shape="rect" href="$clipsrules_2core_2utility_8h.html" title="utility.h" alt="" coords="455,304,516,331">
<area shape="rect" href="$constrct_8h.html" title="constrct.h" alt="" coords="455,379,535,405">
<area shape="rect" href="$symblcmp_8h.html" title="symblcmp.h" alt="" coords="660,379,751,405">
<area shape="rect" href="$cstrccom_8h.html" title="cstrccom.h" alt="" coords="512,155,597,181">
