<area shape="rect" href="$agenda_8c.html" title="src/clipsrules/core/agenda.c" alt="" coords="5,80,189,107">
<area shape="rect" href="$classexm_8c.html" title="src/clipsrules/core/classexm.c" alt="" coords="213,80,411,107">
<area shape="rect" href="$clips_8h.html" title="src/clipsrules/core/clips.h" alt="" coords="435,80,603,107">
<area shape="rect" href="$commline_8c.html" title="src/clipsrules/core/commline.c" alt="" coords="627,80,824,107">
<area shape="rect" href="$exprnpsr_8c.html" title="src/clipsrules/core/exprnpsr.c" alt="" coords="848,80,1040,107">
<area shape="rect" href="$factcom_8c.html" title="src/clipsrules/core/factcom.c" alt="" coords="1064,80,1253,107">
<area shape="rect" href="$factmngr_8c.html" title="src/clipsrules/core/factmngr.c" alt="" coords="1277,80,1469,107">
<area shape="rect" href="$factqpsr_8c.html" title="src/clipsrules/core/factqpsr.c" alt="" coords="1493,80,1680,107">
<area shape="rect" href="$factrhs_8c.html" title="src/clipsrules/core/factrhs.c" alt="" coords="1704,80,1885,107">
<area shape="rect" href="$filecom_8c.html" title="src/clipsrules/core/filecom.c" alt="" coords="1909,80,2093,107">
<area shape="rect" href="$globldef_8c.html" title="src/clipsrules/core/globldef.c" alt="" coords="2117,80,2304,107">
<area shape="rect" href="$inscom_8c.html" title="src/clipsrules/core/inscom.c" alt="" coords="2328,80,2512,107">
<area shape="rect" href="$insfile_8c.html" title="src/clipsrules/core/insfile.c" alt="" coords="2536,80,2712,107">
<area shape="rect" href="$insqypsr_8c.html" title="src/clipsrules/core/insqypsr.c" alt="" coords="2736,80,2925,107">
<area shape="rect" href="$iofun_8c.html" title="src/clipsrules/core/iofun.c" alt="" coords="2949,80,3120,107">
<area shape="rect" href="$msgpsr_8c.html" title="src/clipsrules/core/msgpsr.c" alt="" coords="3144,80,3328,107">
<area shape="rect" href="$multifld_8c.html" title="src/clipsrules/core/multifld.c" alt="" coords="3352,80,3536,107">
<area shape="rect" href="$parsefun_8c.html" title="src/clipsrules/core/parsefun.c" alt="" coords="3560,80,3752,107">
<area shape="rect" href="$router_8c.html" title="src/clipsrules/core/router.c" alt="" coords="3776,80,3949,107">
<area shape="rect" href="$strngfun_8c.html" title="src/clipsrules/core/strngfun.c" alt="" coords="3973,80,4163,107">
<area shape="rect" href="$strngrtr_8c.html" title="src/clipsrules/core/strngrtr.c" alt="" coords="4187,80,4368,107">
<area shape="rect" href="$xedit_8c.html" title="src/client/x/xedit.c" alt="" coords="168,155,296,181">
<area shape="rect" href="$cmptblty_8h.html" title="src/clipsrules/core/cmptblty.h" alt="" coords="320,155,512,181">
<area shape="rect" href="$main_8c.html" title="src/clipsrules/core/main.c" alt="" coords="536,155,707,181">
<area shape="rect" href="$userfunctions_8c.html" title="src/clipsrules/core/userfunctions.c" alt="" coords="731,155,949,181">
