<area shape="rect" href="$structmessageHandler.html" title="messageHandler" alt="" coords="916,181,1033,208">
<area shape="rect" href="$structdefclass.html" title="defclass" alt="" coords="765,291,835,317">
<area shape="rect" href="$structuserData.html" title="userData" alt="" coords="187,8,259,35">
<area shape="rect" href="$structentityRecord.html" title="entityRecord" alt="" coords="37,181,131,208">
<area shape="rect" href="$structconstructHeader.html" title="constructHeader" alt="" coords="255,181,369,208">
<area shape="rect" href="$structdefmodule.html" title="defmodule" alt="" coords="329,416,409,443">
<area shape="rect" href="$structexpr.html" title="expr" alt="" coords="1387,8,1432,35">
<area shape="rect" href="$structconstraintRecord.html" title="constraintRecord" alt="" coords="1404,235,1524,261">
<area shape="rect" href="$structslotDescriptor.html" title="slotDescriptor" alt="" coords="1095,416,1196,443">
<area shape="rect" href="$structpackedClassLinks.html" title="packedClassLinks" alt="" coords="821,416,949,443">
<area shape="rect" href="$structinstance.html" title="instance" alt="" coords="688,680,757,707">
<area shape="rect" href="$structinstanceSlot.html" title="instanceSlot" alt="" coords="1040,523,1133,549">
<area shape="rect" href="$structsymbolHashNode.html" title="symbolHashNode" alt="" coords="624,8,747,35">
<area shape="rect" href="$structslotName.html" title="slotName" alt="" coords="1092,235,1167,261">
<area shape="rect" href="$structportItem.html" title="portItem" alt="" coords="415,235,484,261">
<area shape="rect" href="$structbitMapHashNode.html" title="bitMapHashNode" alt="" coords="723,181,843,208">
<area shape="rect" href="$structpatternEntity.html" title="patternEntity" alt="" coords="173,469,269,496">
<area shape="rect" href="$structpatternEntityRecord.html" title="patternEntityRecord" alt="" coords="5,291,141,317">
<area shape="rect" href="$structdefmoduleItemHeader.html" title="defmoduleItemHeader" alt="" coords="236,291,383,317">
