<area shape="rect" href="$structconstruct.html" title="construct" alt="" coords="385,965,460,992">
<area shape="rect" href="$structdefmoduleItemHeader.html" title="defmoduleItemHeader" alt="" coords="7,335,153,361">
<area shape="rect" href="$structconstructHeader.html" title="constructHeader" alt="" coords="365,381,480,408">
<area shape="rect" href="$structdefmodule.html" title="defmodule" alt="" coords="649,227,729,253">
<area shape="rect" href="$structdefclass.html" title="defclass" alt="" coords="655,471,724,497">
<area shape="rect" href="$structuserData.html" title="userData" alt="" coords="44,945,116,972">
<area shape="rect" href="$structentityRecord.html" title="entityRecord" alt="" coords="643,1148,736,1175">
<area shape="rect" href="$structmessageHandler.html" title="messageHandler" alt="" coords="935,551,1052,577">
<area shape="rect" href="$structsymbolHashNode.html" title="symbolHashNode" alt="" coords="19,587,141,613">
<area shape="rect" href="$structportItem.html" title="portItem" alt="" coords="388,227,457,253">
<area shape="rect" href="$structslotDescriptor.html" title="slotDescriptor" alt="" coords="943,723,1044,749">
<area shape="rect" href="$structslotName.html" title="slotName" alt="" coords="652,913,727,940">
<area shape="rect" href="$structinstance.html" title="instance" alt="" coords="1461,445,1531,472">
<area shape="rect" href="$structtoken.html" title="token" alt="" coords="663,1044,716,1071">
<area shape="rect" href="$structpatternEntityRecord.html" title="patternEntityRecord" alt="" coords="925,1137,1061,1164">
<area shape="rect" href="$structpackedClassLinks.html" title="packedClassLinks" alt="" coords="929,296,1057,323">
<area shape="rect" href="$structinstanceSlot.html" title="instanceSlot" alt="" coords="1223,676,1316,703">
<area shape="rect" href="$structconstraintRecord.html" title="constraintRecord" alt="" coords="629,772,749,799">
<area shape="rect" href="$structexpr.html" title="expr" alt="" coords="400,744,445,771">
<area shape="rect" href="$structbitMapHashNode.html" title="bitMapHashNode" alt="" coords="363,536,483,563">
<area shape="rect" href="$structpatternEntity.html" title="patternEntity" alt="" coords="1221,840,1317,867">
