<area shape="rect" href="$structlhsParseNode.html" title="lhsParseNode" alt="" coords="285,1629,387,1656">
<area shape="rect" href="$structexpr.html" title="expr" alt="" coords="664,861,709,888">
<area shape="rect" href="$structconstraintRecord.html" title="constraintRecord" alt="" coords="291,1125,411,1152">
<area shape="rect" href="$structpatternNodeHeader.html" title="patternNodeHeader" alt="" coords="1107,1285,1237,1312">
<area shape="rect" href="$structjoinNode.html" title="joinNode" alt="" coords="964,1037,1036,1064">
<area shape="rect" href="$structdefrule.html" title="defrule" alt="" coords="743,1285,801,1312">
<area shape="rect" href="$structsymbolHashNode.html" title="symbolHashNode" alt="" coords="55,5,177,32">
<area shape="rect" href="$structconstructHeader.html" title="constructHeader" alt="" coords="320,128,435,155">
<area shape="rect" href="$structdefmodule.html" title="defmodule" alt="" coords="211,331,291,357">
<area shape="rect" href="$structportItem.html" title="portItem" alt="" coords="25,181,95,208">
<area shape="rect" href="$structalphaMemoryHash.html" title="alphaMemoryHash" alt="" coords="1173,1485,1301,1512">
<area shape="rect" href="$structjoinLink.html" title="joinLink" alt="" coords="968,1285,1032,1312">
<area shape="rect" href="$structbetaMemory.html" title="betaMemory" alt="" coords="1173,861,1267,888">
<area shape="rect" href="$structpartialMatch.html" title="partialMatch" alt="" coords="1175,677,1265,704">
<area shape="rect" href="$structgenericMatch.html" title="genericMatch" alt="" coords="960,512,1059,539">
<area shape="rect" href="$structalphaMatch.html" title="alphaMatch" alt="" coords="825,421,913,448">
<area shape="rect" href="$structmultifieldMarker.html" title="multifieldMarker" alt="" coords="636,331,748,357">
<area shape="rect" href="$structpatternEntity.html" title="patternEntity" alt="" coords="821,331,917,357">
<area shape="rect" href="$structpatternEntityRecord.html" title="patternEntityRecord" alt="" coords="537,237,673,264">
<area shape="rect" href="$structentityRecord.html" title="entityRecord" alt="" coords="521,128,615,155">
<area shape="rect" href="$structuserData.html" title="userData" alt="" coords="341,5,413,32">
<area shape="rect" href="$structdefmoduleItemHeader.html" title="defmoduleItemHeader" alt="" coords="301,237,448,264">
