<area shape="rect" href="$structpatternParser.html" title="patternParser" alt="" coords="481,1485,580,1512">
<area shape="rect" href="$structlhsParseNode.html" title="lhsParseNode" alt="" coords="283,1629,384,1656">
<area shape="rect" href="$structexpr.html" title="expr" alt="" coords="680,861,725,888">
<area shape="rect" href="$structconstraintRecord.html" title="constraintRecord" alt="" coords="304,1125,424,1152">
<area shape="rect" href="$structpatternNodeHeader.html" title="patternNodeHeader" alt="" coords="869,1285,1000,1312">
<area shape="rect" href="$structjoinNode.html" title="joinNode" alt="" coords="1119,1037,1191,1064">
<area shape="rect" href="$structdefrule.html" title="defrule" alt="" coords="1024,1285,1083,1312">
<area shape="rect" href="$structsymbolHashNode.html" title="symbolHashNode" alt="" coords="228,5,351,32">
<area shape="rect" href="$structconstructHeader.html" title="constructHeader" alt="" coords="432,128,547,155">
<area shape="rect" href="$structdefmodule.html" title="defmodule" alt="" coords="348,331,428,357">
<area shape="rect" href="$structportItem.html" title="portItem" alt="" coords="195,181,264,208">
<area shape="rect" href="$structalphaMemoryHash.html" title="alphaMemoryHash" alt="" coords="1181,1485,1309,1512">
<area shape="rect" href="$structjoinLink.html" title="joinLink" alt="" coords="1224,1285,1288,1312">
<area shape="rect" href="$structbetaMemory.html" title="betaMemory" alt="" coords="1108,861,1201,888">
<area shape="rect" href="$structpartialMatch.html" title="partialMatch" alt="" coords="1109,677,1200,704">
<area shape="rect" href="$structgenericMatch.html" title="genericMatch" alt="" coords="1004,512,1103,539">
<area shape="rect" href="$structalphaMatch.html" title="alphaMatch" alt="" coords="891,421,979,448">
<area shape="rect" href="$structmultifieldMarker.html" title="multifieldMarker" alt="" coords="879,331,991,357">
<area shape="rect" href="$structpatternEntity.html" title="patternEntity" alt="" coords="749,331,845,357">
<area shape="rect" href="$structpatternEntityRecord.html" title="patternEntityRecord" alt="" coords="653,237,789,264">
<area shape="rect" href="$structentityRecord.html" title="entityRecord" alt="" coords="672,128,765,155">
<area shape="rect" href="$structuserData.html" title="userData" alt="" coords="597,5,669,32">
<area shape="rect" href="$structdefmoduleItemHeader.html" title="defmoduleItemHeader" alt="" coords="381,237,528,264">
<area shape="rect" href="$structpatternNodeHashEntry.html" title="patternNodeHashEntry" alt="" coords="768,1485,920,1512">
<area shape="rect" href="$structreservedSymbol.html" title="reservedSymbol" alt="" coords="993,1485,1108,1512">
