<area shape="rect" href="$structjoinNode.html" title="joinNode" alt="" coords="77,1091,149,1117">
<area shape="rect" href="$structjoinLink.html" title="joinLink" alt="" coords="68,1200,132,1227">
<area shape="rect" href="$structdefrule.html" title="defrule" alt="" coords="312,1200,371,1227">
<area shape="rect" href="$structexpr.html" title="expr" alt="" coords="269,947,315,973">
<area shape="rect" href="$structbetaMemory.html" title="betaMemory" alt="" coords="109,947,203,973">
<area shape="rect" href="$structpartialMatch.html" title="partialMatch" alt="" coords="541,763,632,789">
<area shape="rect" href="$structactivation.html" title="activation" alt="" coords="504,1293,581,1320">
<area shape="rect" href="$structgenericMatch.html" title="genericMatch" alt="" coords="567,597,665,624">
<area shape="rect" href="$structalphaMatch.html" title="alphaMatch" alt="" coords="572,507,660,533">
<area shape="rect" href="$structmultifieldMarker.html" title="multifieldMarker" alt="" coords="541,416,653,443">
<area shape="rect" href="$structpatternEntity.html" title="patternEntity" alt="" coords="727,416,823,443">
<area shape="rect" href="$structpatternEntityRecord.html" title="patternEntityRecord" alt="" coords="687,325,823,352">
<area shape="rect" href="$structentityRecord.html" title="entityRecord" alt="" coords="724,235,817,261">
<area shape="rect" href="$structuserData.html" title="userData" alt="" coords="844,128,916,155">
<area shape="rect" href="$structconstructHeader.html" title="constructHeader" alt="" coords="477,235,592,261">
<area shape="rect" href="$structdefmodule.html" title="defmodule" alt="" coords="1048,235,1128,261">
<area shape="rect" href="$structdefmoduleItemHeader.html" title="defmoduleItemHeader" alt="" coords="673,128,820,155">
<area shape="rect" href="$structdefruleModule.html" title="defruleModule" alt="" coords="512,1499,613,1525">
<area shape="rect" href="$structportItem.html" title="portItem" alt="" coords="1075,128,1144,155">
<area shape="rect" href="$structsymbolHashNode.html" title="symbolHashNode" alt="" coords="1048,5,1171,32">
<area shape="rect" href="$structsalienceGroup.html" title="salienceGroup" alt="" coords="419,1405,523,1432">
