<area shape="rect" href="$structdefruleModule.html" title="defruleModule" alt="" coords="301,1115,403,1141">
<area shape="rect" href="$structdefmoduleItemHeader.html" title="defmoduleItemHeader" alt="" coords="468,400,615,427">
<area shape="rect" href="$structconstructHeader.html" title="constructHeader" alt="" coords="445,509,560,536">
<area shape="rect" href="$structdefmodule.html" title="defmodule" alt="" coords="867,509,947,536">
<area shape="rect" href="$structdefrule.html" title="defrule" alt="" coords="529,693,588,720">
<area shape="rect" href="$structuserData.html" title="userData" alt="" coords="288,5,360,32">
<area shape="rect" href="$structentityRecord.html" title="entityRecord" alt="" coords="177,96,271,123">
<area shape="rect" href="$structsymbolHashNode.html" title="symbolHashNode" alt="" coords="715,277,837,304">
<area shape="rect" href="$structportItem.html" title="portItem" alt="" coords="741,400,811,427">
<area shape="rect" href="$structactivation.html" title="activation" alt="" coords="197,909,275,936">
<area shape="rect" href="$structsalienceGroup.html" title="salienceGroup" alt="" coords="88,1021,192,1048">
<area shape="rect" href="$structpartialMatch.html" title="partialMatch" alt="" coords="172,693,263,720">
<area shape="rect" href="$structbetaMemory.html" title="betaMemory" alt="" coords="407,909,500,936">
<area shape="rect" href="$structgenericMatch.html" title="genericMatch" alt="" coords="135,509,233,536">
<area shape="rect" href="$structalphaMatch.html" title="alphaMatch" alt="" coords="137,400,225,427">
<area shape="rect" href="$structmultifieldMarker.html" title="multifieldMarker" alt="" coords="125,277,237,304">
<area shape="rect" href="$structpatternEntity.html" title="patternEntity" alt="" coords="5,277,101,304">
<area shape="rect" href="$structpatternEntityRecord.html" title="patternEntityRecord" alt="" coords="109,187,245,213">
<area shape="rect" href="$structjoinNode.html" title="joinNode" alt="" coords="529,1021,601,1048">
<area shape="rect" href="$structjoinLink.html" title="joinLink" alt="" coords="488,1115,552,1141">
<area shape="rect" href="$structexpr.html" title="expr" alt="" coords="683,509,728,536">
