<area shape="rect" href="$structentityRecord.html" title="entityRecord" alt="" coords="5,96,99,123">
<area shape="rect" href="$structpatternEntityRecord.html" title="patternEntityRecord" alt="" coords="179,187,315,213">
<area shape="rect" href="$structuserData.html" title="userData" alt="" coords="661,5,733,32">
<area shape="rect" href="$structmessageHandler.html" title="messageHandler" alt="" coords="240,800,357,827">
<area shape="rect" href="$structconstructHeader.html" title="constructHeader" alt="" coords="1200,435,1315,461">
<area shape="rect" href="$structdefmodule.html" title="defmodule" alt="" coords="1305,800,1385,827">
<area shape="rect" href="$structsymbolHashNode.html" title="symbolHashNode" alt="" coords="991,277,1113,304">
<area shape="rect" href="$structslotDescriptor.html" title="slotDescriptor" alt="" coords="787,800,888,827">
<area shape="rect" href="$structslotName.html" title="slotName" alt="" coords="776,555,851,581">
<area shape="rect" href="$structinstance.html" title="instance" alt="" coords="248,435,317,461">
<area shape="rect" href="$structportItem.html" title="portItem" alt="" coords="1385,555,1455,581">
<area shape="rect" href="$structmessageHandlerLink.html" title="messageHandlerLink" alt="" coords="68,893,209,920">
<area shape="rect" href="$structdefclass.html" title="defclass" alt="" coords="483,643,552,669">
<area shape="rect" href="$structexpr.html" title="expr" alt="" coords="416,435,461,461">
<area shape="rect" href="$structconstraintRecord.html" title="constraintRecord" alt="" coords="663,643,783,669">
<area shape="rect" href="$structpackedClassLinks.html" title="packedClassLinks" alt="" coords="495,800,623,827">
<area shape="rect" href="$structinstanceSlot.html" title="instanceSlot" alt="" coords="689,893,783,920">
<area shape="rect" href="$structbitMapHashNode.html" title="bitMapHashNode" alt="" coords="556,435,676,461">
<area shape="rect" href="$structpatternEntity.html" title="patternEntity" alt="" coords="212,277,308,304">
<area shape="rect" href="$structdefmoduleItemHeader.html" title="defmoduleItemHeader" alt="" coords="1225,643,1372,669">
