<area shape="rect" href="$structpatternNodeHeader.html" title="patternNodeHeader" alt="" coords="557,1147,688,1173">
<area shape="rect" href="$structjoinNode.html" title="joinNode" alt="" coords="331,1037,403,1064">
<area shape="rect" href="$structjoinLink.html" title="joinLink" alt="" coords="360,1147,424,1173">
<area shape="rect" href="$structdefrule.html" title="defrule" alt="" coords="109,1147,168,1173">
<area shape="rect" href="$structexpr.html" title="expr" alt="" coords="344,877,389,904">
<area shape="rect" href="$structbetaMemory.html" title="betaMemory" alt="" coords="528,877,621,904">
<area shape="rect" href="$structpartialMatch.html" title="partialMatch" alt="" coords="529,677,620,704">
<area shape="rect" href="$structgenericMatch.html" title="genericMatch" alt="" coords="524,512,623,539">
<area shape="rect" href="$structalphaMatch.html" title="alphaMatch" alt="" coords="524,421,612,448">
<area shape="rect" href="$structmultifieldMarker.html" title="multifieldMarker" alt="" coords="335,331,447,357">
<area shape="rect" href="$structpatternEntity.html" title="patternEntity" alt="" coords="520,331,616,357">
<area shape="rect" href="$structpatternEntityRecord.html" title="patternEntityRecord" alt="" coords="479,237,615,264">
<area shape="rect" href="$structentityRecord.html" title="entityRecord" alt="" coords="476,128,569,155">
<area shape="rect" href="$structuserData.html" title="userData" alt="" coords="392,5,464,32">
<area shape="rect" href="$structconstructHeader.html" title="constructHeader" alt="" coords="43,128,157,155">
<area shape="rect" href="$structdefmodule.html" title="defmodule" alt="" coords="175,331,255,357">
<area shape="rect" href="$structdefmoduleItemHeader.html" title="defmoduleItemHeader" alt="" coords="97,237,244,264">
<area shape="rect" href="$structportItem.html" title="portItem" alt="" coords="260,181,329,208">
<area shape="rect" href="$structsymbolHashNode.html" title="symbolHashNode" alt="" coords="39,5,161,32">
