<area shape="rect" href="$structdefclass.html" title="defclass" alt="" coords="795,291,864,317">
<area shape="rect" href="$structuserData.html" title="userData" alt="" coords="187,8,259,35">
<area shape="rect" href="$structentityRecord.html" title="entityRecord" alt="" coords="37,181,131,208">
<area shape="rect" href="$structconstructHeader.html" title="constructHeader" alt="" coords="255,181,369,208">
<area shape="rect" href="$structdefmodule.html" title="defmodule" alt="" coords="329,416,409,443">
<area shape="rect" href="$structexpr.html" title="expr" alt="" coords="1300,8,1345,35">
<area shape="rect" href="$structconstraintRecord.html" title="constraintRecord" alt="" coords="1317,235,1437,261">
<area shape="rect" href="$structslotDescriptor.html" title="slotDescriptor" alt="" coords="1067,416,1168,443">
<area shape="rect" href="$structpackedClassLinks.html" title="packedClassLinks" alt="" coords="793,416,921,443">
<area shape="rect" href="$structinstance.html" title="instance" alt="" coords="660,680,729,707">
<area shape="rect" href="$structinstanceSlot.html" title="instanceSlot" alt="" coords="1012,523,1105,549">
<area shape="rect" href="$structsymbolHashNode.html" title="symbolHashNode" alt="" coords="624,8,747,35">
<area shape="rect" href="$structslotName.html" title="slotName" alt="" coords="1057,235,1132,261">
<area shape="rect" href="$structportItem.html" title="portItem" alt="" coords="415,235,484,261">
<area shape="rect" href="$structbitMapHashNode.html" title="bitMapHashNode" alt="" coords="723,181,843,208">
<area shape="rect" href="$structpatternEntity.html" title="patternEntity" alt="" coords="167,469,263,496">
<area shape="rect" href="$structpatternEntityRecord.html" title="patternEntityRecord" alt="" coords="5,291,141,317">
<area shape="rect" href="$structdefmoduleItemHeader.html" title="defmoduleItemHeader" alt="" coords="236,291,383,317">
