<area shape="rect" href="$structfact.html" title="fact" alt="" coords="2776,589,2819,616">
<area shape="rect" href="$structmultifield.html" title="multifield" alt="" coords="2532,153,2604,180">
<area shape="rect" href="$structfield.html" title="field" alt="" coords="2299,36,2344,63">
<area shape="rect" href="$structpatternEntity.html" title="patternEntity" alt="" coords="580,672,676,699">
<area shape="rect" href="$structalphaMatch.html" title="alphaMatch" alt="" coords="813,300,901,327">
<area shape="rect" href="$structpatternEntityRecord.html" title="patternEntityRecord" alt="" coords="347,744,483,771">
<area shape="rect" href="$structentityRecord.html" title="entityRecord" alt="" coords="175,763,268,789">
<area shape="rect" href="$structuserData.html" title="userData" alt="" coords="7,819,79,845">
<area shape="rect" href="$structconstructHeader.html" title="constructHeader" alt="" coords="1747,827,1861,853">
<area shape="rect" href="$structdefmodule.html" title="defmodule" alt="" coords="2281,923,2361,949">
<area shape="rect" href="$structtemplateSlot.html" title="templateSlot" alt="" coords="2023,611,2116,637">
<area shape="rect" href="$structexpr.html" title="expr" alt="" coords="1477,384,1523,411">
<area shape="rect" href="$structconstraintRecord.html" title="constraintRecord" alt="" coords="1744,541,1864,568">
<area shape="rect" href="$structfactPatternNode.html" title="factPatternNode" alt="" coords="2264,175,2379,201">
<area shape="rect" href="$structpatternNodeHeader.html" title="patternNodeHeader" alt="" coords="2004,267,2135,293">
<area shape="rect" href="$structjoinNode.html" title="joinNode" alt="" coords="1768,237,1840,264">
<area shape="rect" href="$structdefrule.html" title="defrule" alt="" coords="2040,403,2099,429">
<area shape="rect" href="$structsymbolHashNode.html" title="symbolHashNode" alt="" coords="1439,921,1561,948">
<area shape="rect" href="$structportItem.html" title="portItem" alt="" coords="1895,941,1964,968">
<area shape="rect" href="$structdefmoduleItemHeader.html" title="defmoduleItemHeader" alt="" coords="1996,843,2143,869">
<area shape="rect" href="$structalphaMemoryHash.html" title="alphaMemoryHash" alt="" coords="2257,313,2385,340">
<area shape="rect" href="$structjoinLink.html" title="joinLink" alt="" coords="2037,189,2101,216">
<area shape="rect" href="$structbetaMemory.html" title="betaMemory" alt="" coords="1453,205,1547,232">
<area shape="rect" href="$structpartialMatch.html" title="partialMatch" alt="" coords="1229,205,1320,232">
<area shape="rect" href="$structgenericMatch.html" title="genericMatch" alt="" coords="1007,229,1105,256">
<area shape="rect" href="$structmultifieldMarker.html" title="multifieldMarker" alt="" coords="572,300,684,327">
