<area shape="rect" href="$structpatternParser.html" title="patternParser" alt="" coords="376,1517,475,1544">
<area shape="rect" href="$structexpr.html" title="expr" alt="" coords="512,861,557,888">
<area shape="rect" href="$structpatternNodeHeader.html" title="patternNodeHeader" alt="" coords="1087,1373,1217,1400">
<area shape="rect" href="$structjoinNode.html" title="joinNode" alt="" coords="780,1109,852,1136">
<area shape="rect" href="$structdefrule.html" title="defrule" alt="" coords="651,1373,709,1400">
<area shape="rect" href="$structconstraintRecord.html" title="constraintRecord" alt="" coords="43,1109,163,1136">
<area shape="rect" href="$structalphaMemoryHash.html" title="alphaMemoryHash" alt="" coords="1185,1517,1313,1544">
<area shape="rect" href="$structjoinLink.html" title="joinLink" alt="" coords="880,1373,944,1400">
<area shape="rect" href="$structbetaMemory.html" title="betaMemory" alt="" coords="1159,861,1252,888">
<area shape="rect" href="$structpartialMatch.html" title="partialMatch" alt="" coords="1211,677,1301,704">
<area shape="rect" href="$structgenericMatch.html" title="genericMatch" alt="" coords="1207,512,1305,539">
<area shape="rect" href="$structalphaMatch.html" title="alphaMatch" alt="" coords="1212,421,1300,448">
<area shape="rect" href="$structmultifieldMarker.html" title="multifieldMarker" alt="" coords="1144,331,1256,357">
<area shape="rect" href="$structpatternEntity.html" title="patternEntity" alt="" coords="1329,331,1425,357">
<area shape="rect" href="$structpatternEntityRecord.html" title="patternEntityRecord" alt="" coords="1039,237,1175,264">
<area shape="rect" href="$structentityRecord.html" title="entityRecord" alt="" coords="945,128,1039,155">
<area shape="rect" href="$structuserData.html" title="userData" alt="" coords="835,5,907,32">
<area shape="rect" href="$structconstructHeader.html" title="constructHeader" alt="" coords="549,128,664,155">
<area shape="rect" href="$structdefmodule.html" title="defmodule" alt="" coords="535,331,615,357">
<area shape="rect" href="$structdefmoduleItemHeader.html" title="defmoduleItemHeader" alt="" coords="511,237,657,264">
<area shape="rect" href="$structportItem.html" title="portItem" alt="" coords="721,181,791,208">
<area shape="rect" href="$structsymbolHashNode.html" title="symbolHashNode" alt="" coords="457,5,580,32">
