<area shape="rect" href="$conscomp_8h.html" title="src/clipsrules/core/conscomp.h" alt="" coords="1369,80,1572,107">
<area shape="rect" href="$symblcmp_8c.html" title="src/clipsrules/core/symblcmp.c" alt="" coords="1832,304,2035,331">
<area shape="rect" href="$moduldef_8h.html" title="src/clipsrules/core/moduldef.h" alt="" coords="3213,155,3408,181">
<area shape="rect" href="$conscomp_8c.html" title="src/clipsrules/core/conscomp.c" alt="" coords="2320,304,2523,331">
<area shape="rect" href="$sysdep_8c.html" title="src/clipsrules/core/sysdep.c" alt="" coords="1471,379,1655,405">
<area shape="rect" href="$ruledef_8h.html" title="src/clipsrules/core/ruledef.h" alt="" coords="1576,304,1757,331">
<area shape="rect" href="$defins_8h.html" title="src/clipsrules/core/defins.h" alt="" coords="215,304,391,331">
<area shape="rect" href="$dfinscmp_8c.html" title="src/clipsrules/core/dfinscmp.c" alt="" coords="5,379,200,405">
<area shape="rect" href="$dffctdef_8h.html" title="src/clipsrules/core/dffctdef.h" alt="" coords="1368,304,1552,331">
<area shape="rect" href="$dffctcmp_8c.html" title="src/clipsrules/core/dffctcmp.c" alt="" coords="599,379,791,405">
<area shape="rect" href="$dffnxfun_8h.html" title="src/clipsrules/core/dffnxfun.h" alt="" coords="1043,304,1229,331">
<area shape="rect" href="$globldef_8h.html" title="src/clipsrules/core/globldef.h" alt="" coords="832,304,1019,331">
<area shape="rect" href="$globlcmp_8c.html" title="src/clipsrules/core/globlcmp.c" alt="" coords="328,379,523,405">
<area shape="rect" href="$modulcmp_8c.html" title="src/clipsrules/core/modulcmp.c" alt="" coords="4805,304,5008,331">
<area shape="rect" href="$cstrncmp_8c.html" title="src/clipsrules/core/cstrncmp.c" alt="" coords="1155,155,1349,181">
<area shape="rect" href="$dffnxcmp_8c.html" title="src/clipsrules/core/dffnxcmp.c" alt="" coords="1373,155,1568,181">
<area shape="rect" href="$tmpltdef_8h.html" title="src/clipsrules/core/tmpltdef.h" alt="" coords="731,155,920,181">
<area shape="rect" href="$factmngr_8h.html" title="src/clipsrules/core/factmngr.h" alt="" coords="500,229,692,256">
<area shape="rect" href="$factcmp_8c.html" title="src/clipsrules/core/factcmp.c" alt="" coords="817,229,1007,256">
<area shape="rect" href="$tmpltcmp_8c.html" title="src/clipsrules/core/tmpltcmp.c" alt="" coords="1031,229,1225,256">
<area shape="rect" href="$genrcfun_8h.html" title="src/clipsrules/core/genrcfun.h" alt="" coords="265,155,457,181">
<area shape="rect" href="$genrccmp_8c.html" title="src/clipsrules/core/genrccmp.c" alt="" coords="1556,229,1756,256">
<area shape="rect" href="$objcmp_8c.html" title="src/clipsrules/core/objcmp.c" alt="" coords="1780,229,1964,256">
<area shape="rect" href="$objcmp_8h.html" title="src/clipsrules/core/objcmp.h" alt="" coords="1693,155,1877,181">
<area shape="rect" href="$objrtcmp_8c.html" title="src/clipsrules/core/objrtcmp.c" alt="" coords="2409,155,2601,181">
<area shape="rect" href="$rulecmp_8h.html" title="src/clipsrules/core/rulecmp.h" alt="" coords="2625,155,2812,181">
<area shape="rect" href="$xmenu__wind_8c.html" title="src/client/x/xmenu_wind.c" alt="" coords="840,379,1011,405">
<area shape="rect" href="$argacces_8h.html" title="src/clipsrules/core/argacces.h" alt="" coords="2713,229,2908,256">
<area shape="rect" href="$agenda_8c.html" title="src/clipsrules/core/agenda.c" alt="" coords="3843,379,4027,405">
<area shape="rect" href="$bsave_8c.html" title="src/clipsrules/core/bsave.c" alt="" coords="2547,304,2723,331">
<area shape="rect" href="$constrct_8c.html" title="src/clipsrules/core/constrct.c" alt="" coords="2876,379,3065,405">
<area shape="rect" href="$cstrccom_8c.html" title="src/clipsrules/core/cstrccom.c" alt="" coords="2848,304,3043,331">
<area shape="rect" href="$moduldef_8c.html" title="src/clipsrules/core/moduldef.c" alt="" coords="3808,304,4003,331">
<area shape="rect" href="$constrct_8h.html" title="src/clipsrules/core/constrct.h" alt="" coords="2983,229,3172,256">
<area shape="rect" href="$exprnbin_8c.html" title="src/clipsrules/core/exprnbin.c" alt="" coords="3299,379,3491,405">
<area shape="rect" href="$modulbin_8c.html" title="src/clipsrules/core/modulbin.c" alt="" coords="3571,304,3765,331">
<area shape="rect" href="$prntutil_8h.html" title="src/clipsrules/core/prntutil.h" alt="" coords="4540,229,4721,256">
<area shape="rect" href="$inspsr_8c.html" title="src/clipsrules/core/inspsr.c" alt="" coords="4547,304,4723,331">
<area shape="rect" href="$cstrccom_8h.html" title="src/clipsrules/core/cstrccom.h" alt="" coords="2039,229,2233,256">
<area shape="rect" href="$dffctbin_8c.html" title="src/clipsrules/core/dffctbin.c" alt="" coords="2203,379,2387,405">
<area shape="rect" href="$globlbin_8c.html" title="src/clipsrules/core/globlbin.c" alt="" coords="1199,379,1385,405">
<area shape="rect" href="$cstrcbin_8c.html" title="src/clipsrules/core/cstrcbin.c" alt="" coords="3617,229,3804,256">
<area shape="rect" href="$modulbin_8h.html" title="src/clipsrules/core/modulbin.h" alt="" coords="3399,229,3593,256">
<area shape="rect" href="$factbin_8c.html" title="src/clipsrules/core/factbin.c" alt="" coords="1300,229,1481,256">
<area shape="rect" href="$modulutl_8h.html" title="src/clipsrules/core/modulutl.h" alt="" coords="4097,229,4289,256">
<area shape="rect" href="$modulpsr_8h.html" title="src/clipsrules/core/modulpsr.h" alt="" coords="3828,229,4023,256">
<area shape="rect" href="$insfun_8h.html" title="src/clipsrules/core/insfun.h" alt="" coords="3168,304,3344,331">
<area shape="rect" href="$modulcmp_8h.html" title="src/clipsrules/core/modulcmp.h" alt="" coords="4313,229,4516,256">
<area shape="rect" href="$prccode_8h.html" title="src/clipsrules/core/prccode.h" alt="" coords="2059,304,2245,331">
