<area shape="rect" href="$xmain_8c.html" title="src/client/x/xmain.c" alt="" coords="2909,229,3045,256">
<area shape="rect" href="$xmenu__file_8c.html" title="src/client/x/xmenu_file.c" alt="" coords="6064,229,6227,256">
<area shape="rect" href="$envrnmnt_8h.html" title="src/clipsrules/core/envrnmnt.h" alt="" coords="3575,80,3769,107">
<area shape="rect" href="$analysis_8c.html" title="src/clipsrules/core/analysis.c" alt="" coords="384,229,573,256">
<area shape="rect" href="$commline_8c.html" title="src/clipsrules/core/commline.c" alt="" coords="3069,229,3267,256">
<area shape="rect" href="$conscomp_8c.html" title="src/clipsrules/core/conscomp.c" alt="" coords="3709,229,3912,256">
<area shape="rect" href="$defins_8c.html" title="src/clipsrules/core/defins.c" alt="" coords="184,229,360,256">
<area shape="rect" href="$dffnxpsr_8c.html" title="src/clipsrules/core/dffnxpsr.c" alt="" coords="1869,229,2056,256">
<area shape="rect" href="$factmngr_8c.html" title="src/clipsrules/core/factmngr.c" alt="" coords="2475,229,2667,256">
<area shape="rect" href="$factprt_8c.html" title="src/clipsrules/core/factprt.c" alt="" coords="6661,229,6840,256">
<area shape="rect" href="$generate_8c.html" title="src/clipsrules/core/generate.c" alt="" coords="4581,229,4773,256">
<area shape="rect" href="$objrtbld_8c.html" title="src/clipsrules/core/objrtbld.c" alt="" coords="5653,229,5837,256">
<area shape="rect" href="$prntutil_8c.html" title="src/clipsrules/core/prntutil.c" alt="" coords="4157,229,4339,256">
<area shape="rect" href="$retract_8c.html" title="src/clipsrules/core/retract.c" alt="" coords="6864,229,7043,256">
<area shape="rect" href="$rulelhs_8c.html" title="src/clipsrules/core/rulelhs.c" alt="" coords="5861,229,6040,256">
<area shape="rect" href="$rulepsr_8c.html" title="src/clipsrules/core/rulepsr.c" alt="" coords="2080,229,2259,256">
<area shape="rect" href="$scanner_8c.html" title="src/clipsrules/core/scanner.c" alt="" coords="4797,229,4984,256">
<area shape="rect" href="$symblcmp_8c.html" title="src/clipsrules/core/symblcmp.c" alt="" coords="5427,229,5629,256">
<area shape="rect" href="$symbol_8c.html" title="src/clipsrules/core/symbol.c" alt="" coords="5008,229,5192,256">
<area shape="rect" href="$tmpltfun_8c.html" title="src/clipsrules/core/tmpltfun.c" alt="" coords="1448,229,1637,256">
<area shape="rect" href="$tmpltlhs_8c.html" title="src/clipsrules/core/tmpltlhs.c" alt="" coords="1237,229,1424,256">
<area shape="rect" href="$tmpltpsr_8c.html" title="src/clipsrules/core/tmpltpsr.c" alt="" coords="6251,229,6437,256">
<area shape="rect" href="$crstrtgy_8h.html" title="src/clipsrules/core/crstrtgy.h" alt="" coords="2048,155,2232,181">
<area shape="rect" href="$modulpsr_8h.html" title="src/clipsrules/core/modulpsr.h" alt="" coords="680,155,875,181">
<area shape="rect" href="$extnfunc_8h.html" title="src/clipsrules/core/extnfunc.h" alt="" coords="1781,155,1973,181">
<area shape="rect" href="$evaluatn_8h.html" title="src/clipsrules/core/evaluatn.h" alt="" coords="968,80,1160,107">
<area shape="rect" href="$constrct_8h.html" title="src/clipsrules/core/constrct.h" alt="" coords="2723,155,2912,181">
<area shape="rect" href="$ed_8h.html" title="src/clipsrules/core/ed.h" alt="" coords="5,229,160,256">
<area shape="rect" href="$factlhs_8h.html" title="src/clipsrules/core/factlhs.h" alt="" coords="5771,80,5952,107">
<area shape="rect" href="$modulutl_8h.html" title="src/clipsrules/core/modulutl.h" alt="" coords="1101,155,1293,181">
<area shape="rect" href="$symblbin_8h.html" title="src/clipsrules/core/symblbin.h" alt="" coords="5451,80,5645,107">
<area shape="rect" href="$symblcmp_8h.html" title="src/clipsrules/core/symblcmp.h" alt="" coords="4659,80,4861,107">
<area shape="rect" href="$sysdep_8h.html" title="src/clipsrules/core/sysdep.h" alt="" coords="3139,155,3323,181">
<area shape="rect" href="$tmpltfun_8h.html" title="src/clipsrules/core/tmpltfun.h" alt="" coords="2459,155,2648,181">
<area shape="rect" href="$tmpltlhs_8h.html" title="src/clipsrules/core/tmpltlhs.h" alt="" coords="1419,155,1605,181">
<area shape="rect" href="$tmpltpsr_8h.html" title="src/clipsrules/core/tmpltpsr.h" alt="" coords="5240,80,5427,107">
<area shape="rect" href="$setup_8h.html" title="src/clipsrules/core/setup.h" alt="" coords="3499,155,3672,181">
<area shape="rect" href="$agenda_8c.html" title="src/clipsrules/core/agenda.c" alt="" coords="1661,229,1845,256">
<area shape="rect" href="$argacces_8c.html" title="src/clipsrules/core/argacces.c" alt="" coords="2691,229,2885,256">
<area shape="rect" href="$bload_8c.html" title="src/clipsrules/core/bload.c" alt="" coords="3512,229,3685,256">
<area shape="rect" href="$bmathfun_8c.html" title="src/clipsrules/core/bmathfun.c" alt="" coords="4363,229,4557,256">
<area shape="rect" href="$bsave_8c.html" title="src/clipsrules/core/bsave.c" alt="" coords="6461,229,6637,256">
<area shape="rect" href="$classcom_8c.html" title="src/clipsrules/core/classcom.c" alt="" coords="3291,229,3488,256">
<area shape="rect" href="$classexm_8c.html" title="src/clipsrules/core/classexm.c" alt="" coords="3936,229,4133,256">
<area shape="rect" href="$classfun_8c.html" title="src/clipsrules/core/classfun.c" alt="" coords="1021,229,1213,256">
<area shape="rect" href="$classinf_8c.html" title="src/clipsrules/core/classinf.c" alt="" coords="5216,229,5403,256">
<area shape="rect" href="$classini_8c.html" title="src/clipsrules/core/classini.c" alt="" coords="811,229,997,256">
<area shape="rect" href="$classpsr_8c.html" title="src/clipsrules/core/classpsr.c" alt="" coords="597,229,787,256">
<area shape="rect" href="$clips_8h.html" title="src/clipsrules/core/clips.h" alt="" coords="2283,229,2451,256">
