<area shape="rect" href="$setup_8h.html" title="setup.h" alt="" coords="161,80,225,107">
<area shape="rect" href="$envrnmnt_8h.html" title="envrnmnt.h" alt="" coords="43,155,128,181">
<area shape="rect" href="$symbol_8h.html" title="symbol.h" alt="" coords="559,603,633,629">
<area shape="rect" href="$constant_8h.html" title="constant.h" alt="" coords="1757,603,1840,629">
<area shape="rect" href="$memalloc_8h.html" title="memalloc.h" alt="" coords="1960,80,2048,107">
<area shape="rect" href="$scanner_8h.html" title="scanner.h" alt="" coords="600,155,677,181">
<area shape="rect" href="$exprnpsr_8h.html" title="exprnpsr.h" alt="" coords="1197,80,1277,107">
<area shape="rect" href="$router_8h.html" title="router.h" alt="" coords="360,80,424,107">
<area shape="rect" href="$constrct_8h.html" title="constrct.h" alt="" coords="857,453,937,480">
<area shape="rect" href="$constrnt_8h.html" title="constrnt.h" alt="" coords="1200,304,1280,331">
<area shape="rect" href="$reorder_8h.html" title="reorder.h" alt="" coords="800,80,872,107">
<area shape="rect" href="$pattern_8h.html" title="pattern.h" alt="" coords="808,379,880,405">
<area shape="rect" href="$factrhs_8h.html" title="factrhs.h" alt="" coords="1357,80,1429,107">
<area shape="rect" href="$tmpltdef_8h.html" title="tmpltdef.h" alt="" coords="1149,229,1229,256">
<area shape="rect" href="$modulutl_8h.html" title="modulutl.h" alt="" coords="197,229,277,256">
<area shape="rect" href="$tmpltutl_8h.html" title="tmpltutl.h" alt="" coords="1707,80,1781,107">
<area shape="rect" href="$tmpltlhs_8h.html" title="tmpltlhs.h" alt="" coords="499,155,576,181">
<area shape="rect" href="$usrsetup_8h.html" title="usrsetup.h" alt="" coords="152,155,235,181">
<area shape="rect" href="$pprint_8h.html" title="pprint.h" alt="" coords="549,229,613,256">
<area shape="rect" href="$extnfunc_8h.html" title="extnfunc.h" alt="" coords="1056,528,1139,555">
<area shape="rect" href="$userdata_8h.html" title="userdata.h" alt="" coords="1056,603,1139,629">
<area shape="rect" href="$expressn_8h.html" title="expressn.h" alt="" coords="1551,603,1636,629">
<area shape="rect" href="$exprnops_8h.html" title="exprnops.h" alt="" coords="1551,677,1636,704">
<area shape="rect" href="$prntutil_8h.html" title="prntutil.h" alt="" coords="352,229,424,256">
<area shape="rect" href="$moduldef_8h.html" title="moduldef.h" alt="" coords="528,304,613,331">
<area shape="rect" href="$conscomp_8h.html" title="conscomp.h" alt="" coords="1016,379,1107,405">
<area shape="rect" href="$modulpsr_8h.html" title="modulpsr.h" alt="" coords="665,453,748,480">
<area shape="rect" href="$clipsrules_2core_2utility_8h.html" title="utility.h" alt="" coords="500,379,561,405">
<area shape="rect" href="$symblcmp_8h.html" title="symblcmp.h" alt="" coords="551,453,641,480">
<area shape="rect" href="$evaluatn_8h.html" title="evaluatn.h" alt="" coords="1195,528,1275,555">
<area shape="rect" href="$ruledef_8h.html" title="ruledef.h" alt="" coords="879,155,951,181">
<area shape="rect" href="$cstrccom_8h.html" title="cstrccom.h" alt="" coords="739,229,824,256">
<area shape="rect" href="$network_8h.html" title="network.h" alt="" coords="947,229,1024,256">
<area shape="rect" href="$agenda_8h.html" title="agenda.h" alt="" coords="848,229,923,256">
<area shape="rect" href="$match_8h.html" title="match.h" alt="" coords="811,304,877,331">
<area shape="rect" href="$factmngr_8h.html" title="factmngr.h" alt="" coords="1352,155,1435,181">
<area shape="rect" href="$facthsh_8h.html" title="facthsh.h" alt="" coords="1456,229,1531,256">
<area shape="rect" href="$multifld_8h.html" title="multifld.h" alt="" coords="1380,453,1455,480">
<area shape="rect" href="$factbld_8h.html" title="factbld.h" alt="" coords="901,304,973,331">
