<area shape="rect" href="$factmngr_8h.html" title="factmngr.h" alt="" coords="164,80,247,107">
<area shape="rect" href="$evaluatn_8h.html" title="evaluatn.h" alt="" coords="212,827,292,853">
<area shape="rect" href="$expressn_8h.html" title="expressn.h" alt="" coords="379,901,464,928">
<area shape="rect" href="$facthsh_8h.html" title="facthsh.h" alt="" coords="93,155,168,181">
<area shape="rect" href="$multifld_8h.html" title="multifld.h" alt="" coords="43,229,117,256">
<area shape="rect" href="$tmpltdef_8h.html" title="tmpltdef.h" alt="" coords="243,155,323,181">
<area shape="rect" href="$pattern_8h.html" title="pattern.h" alt="" coords="272,304,344,331">
<area shape="rect" href="$conscomp_8h.html" title="conscomp.h" alt="" coords="699,528,789,555">
<area shape="rect" href="$constant_8h.html" title="constant.h" alt="" coords="221,901,304,928">
<area shape="rect" href="$userdata_8h.html" title="userdata.h" alt="" coords="211,1125,293,1152">
<area shape="rect" href="$symbol_8h.html" title="symbol.h" alt="" coords="641,1125,716,1152">
<area shape="rect" href="$exprnops_8h.html" title="exprnops.h" alt="" coords="455,976,540,1003">
<area shape="rect" href="$exprnpsr_8h.html" title="exprnpsr.h" alt="" coords="300,976,380,1003">
<area shape="rect" href="$extnfunc_8h.html" title="extnfunc.h" alt="" coords="403,1051,485,1077">
<area shape="rect" href="$scanner_8h.html" title="scanner.h" alt="" coords="301,1051,379,1077">
<area shape="rect" href="$pprint_8h.html" title="pprint.h" alt="" coords="317,1125,381,1152">
<area shape="rect" href="$factbld_8h.html" title="factbld.h" alt="" coords="283,229,355,256">
<area shape="rect" href="$constrnt_8h.html" title="constrnt.h" alt="" coords="168,528,248,555">
<area shape="rect" href="$reorder_8h.html" title="reorder.h" alt="" coords="448,379,520,405">
<area shape="rect" href="$match_8h.html" title="match.h" alt="" coords="279,603,345,629">
<area shape="rect" href="$ruledef_8h.html" title="ruledef.h" alt="" coords="448,453,520,480">
<area shape="rect" href="$cstrccom_8h.html" title="cstrccom.h" alt="" coords="435,603,520,629">
<area shape="rect" href="$network_8h.html" title="network.h" alt="" coords="445,528,523,555">
<area shape="rect" href="$agenda_8h.html" title="agenda.h" alt="" coords="347,528,421,555">
<area shape="rect" href="$moduldef_8h.html" title="moduldef.h" alt="" coords="536,677,621,704">
<area shape="rect" href="$modulpsr_8h.html" title="modulpsr.h" alt="" coords="441,752,524,779">
<area shape="rect" href="$clipsrules_2core_2utility_8h.html" title="utility.h" alt="" coords="548,752,609,779">
<area shape="rect" href="$constrct_8h.html" title="constrct.h" alt="" coords="544,603,624,629">
<area shape="rect" href="$symblcmp_8h.html" title="symblcmp.h" alt="" coords="808,677,899,704">
