<area shape="rect" href="$clips_8h.html" title="src/clipsrules/core/clips.h" alt="" coords="272,80,440,107">
<area shape="rect" href="$factcom_8c.html" title="src/clipsrules/core/factcom.c" alt="" coords="464,80,653,107">
<area shape="rect" href="$factmngr_8c.html" title="src/clipsrules/core/factmngr.c" alt="" coords="677,80,869,107">
<area shape="rect" href="$rulepsr_8c.html" title="src/clipsrules/core/rulepsr.c" alt="" coords="893,80,1072,107">
<area shape="rect" href="$tmpltdef_8c.html" title="src/clipsrules/core/tmpltdef.c" alt="" coords="1096,80,1285,107">
<area shape="rect" href="$tmpltfun_8c.html" title="src/clipsrules/core/tmpltfun.c" alt="" coords="1309,80,1499,107">
<area shape="rect" href="$tmpltrhs_8c.html" title="src/clipsrules/core/tmpltrhs.c" alt="" coords="1523,80,1712,107">
<area shape="rect" href="$tmpltutl_8c.html" title="src/clipsrules/core/tmpltutl.c" alt="" coords="1736,80,1920,107">
<area shape="rect" href="$xedit_8c.html" title="src/client/x/xedit.c" alt="" coords="5,155,133,181">
<area shape="rect" href="$cmptblty_8h.html" title="src/clipsrules/core/cmptblty.h" alt="" coords="157,155,349,181">
<area shape="rect" href="$main_8c.html" title="src/clipsrules/core/main.c" alt="" coords="373,155,544,181">
<area shape="rect" href="$userfunctions_8c.html" title="src/clipsrules/core/userfunctions.c" alt="" coords="568,155,787,181">
