<area shape="rect" href="$setup_8h.html" title="setup.h" alt="" coords="1373,80,1437,107">
<area shape="rect" href="$envrnmnt_8h.html" title="envrnmnt.h" alt="" coords="1471,155,1556,181">
<area shape="rect" href="$memalloc_8h.html" title="memalloc.h" alt="" coords="5,80,93,107">
<area shape="rect" href="$bload_8h.html" title="bload.h" alt="" coords="581,752,645,779">
<area shape="rect" href="$bsave_8h.html" title="bsave.h" alt="" coords="77,827,144,853">
<area shape="rect" href="$factbin_8h.html" title="factbin.h" alt="" coords="792,80,864,107">
<area shape="rect" href="$cstrnbin_8h.html" title="cstrnbin.h" alt="" coords="523,528,600,555">
<area shape="rect" href="$factmngr_8h.html" title="factmngr.h" alt="" coords="936,155,1019,181">
<area shape="rect" href="$tmpltdef_8h.html" title="tmpltdef.h" alt="" coords="1183,229,1263,256">
<area shape="rect" href="$tmpltpsr_8h.html" title="tmpltpsr.h" alt="" coords="1263,155,1340,181">
<area shape="rect" href="$tmpltutl_8h.html" title="tmpltutl.h" alt="" coords="648,80,723,107">
<area shape="rect" href="$tmpltbin_8h.html" title="tmpltbin.h" alt="" coords="1161,155,1239,181">
<area shape="rect" href="$usrsetup_8h.html" title="usrsetup.h" alt="" coords="1364,155,1447,181">
<area shape="rect" href="$symbol_8h.html" title="symbol.h" alt="" coords="1349,1200,1424,1227">
<area shape="rect" href="$exprnbin_8h.html" title="exprnbin.h" alt="" coords="421,827,501,853">
<area shape="rect" href="$extnfunc_8h.html" title="extnfunc.h" alt="" coords="729,1125,812,1152">
<area shape="rect" href="$sysdep_8h.html" title="sysdep.h" alt="" coords="525,827,600,853">
<area shape="rect" href="$symblbin_8h.html" title="symblbin.h" alt="" coords="624,827,707,853">
<area shape="rect" href="$clipsrules_2core_2utility_8h.html" title="utility.h" alt="" coords="781,827,843,853">
<area shape="rect" href="$expressn_8h.html" title="expressn.h" alt="" coords="433,976,519,1003">
<area shape="rect" href="$exprnops_8h.html" title="exprnops.h" alt="" coords="487,1051,572,1077">
<area shape="rect" href="$exprnpsr_8h.html" title="exprnpsr.h" alt="" coords="383,1051,463,1077">
<area shape="rect" href="$scanner_8h.html" title="scanner.h" alt="" coords="384,1125,461,1152">
<area shape="rect" href="$userdata_8h.html" title="userdata.h" alt="" coords="836,1200,919,1227">
<area shape="rect" href="$pprint_8h.html" title="pprint.h" alt="" coords="391,1200,455,1227">
<area shape="rect" href="$factbld_8h.html" title="factbld.h" alt="" coords="1015,304,1087,331">
<area shape="rect" href="$pattern_8h.html" title="pattern.h" alt="" coords="968,379,1040,405">
<area shape="rect" href="$reorder_8h.html" title="reorder.h" alt="" coords="675,453,747,480">
<area shape="rect" href="$evaluatn_8h.html" title="evaluatn.h" alt="" coords="1017,901,1097,928">
<area shape="rect" href="$match_8h.html" title="match.h" alt="" coords="971,677,1037,704">
<area shape="rect" href="$ruledef_8h.html" title="ruledef.h" alt="" coords="881,528,953,555">
<area shape="rect" href="$constrnt_8h.html" title="constrnt.h" alt="" coords="675,603,755,629">
<area shape="rect" href="$cstrccom_8h.html" title="cstrccom.h" alt="" coords="1053,603,1139,629">
<area shape="rect" href="$conscomp_8h.html" title="conscomp.h" alt="" coords="1379,752,1469,779">
<area shape="rect" href="$network_8h.html" title="network.h" alt="" coords="779,603,856,629">
<area shape="rect" href="$agenda_8h.html" title="agenda.h" alt="" coords="880,603,955,629">
<area shape="rect" href="$constant_8h.html" title="constant.h" alt="" coords="1016,976,1099,1003">
<area shape="rect" href="$moduldef_8h.html" title="moduldef.h" alt="" coords="1171,677,1256,704">
<area shape="rect" href="$modulpsr_8h.html" title="modulpsr.h" alt="" coords="1221,752,1304,779">
<area shape="rect" href="$constrct_8h.html" title="constrct.h" alt="" coords="1488,827,1568,853">
<area shape="rect" href="$symblcmp_8h.html" title="symblcmp.h" alt="" coords="1373,827,1464,853">
<area shape="rect" href="$facthsh_8h.html" title="facthsh.h" alt="" coords="865,229,940,256">
<area shape="rect" href="$multifld_8h.html" title="multifld.h" alt="" coords="1111,304,1185,331">
<area shape="rect" href="$cstrcbin_8h.html" title="cstrcbin.h" alt="" coords="1489,379,1567,405">
<area shape="rect" href="$modulbin_8h.html" title="modulbin.h" alt="" coords="1311,453,1393,480">
