<area shape="rect" href="$setup_8h.html" title="setup.h" alt="" coords="124,80,188,107">
<area shape="rect" href="$envrnmnt_8h.html" title="envrnmnt.h" alt="" coords="5,155,91,181">
<area shape="rect" href="$conscomp_8h.html" title="conscomp.h" alt="" coords="397,453,488,480">
<area shape="rect" href="$factcmp_8h.html" title="factcmp.h" alt="" coords="567,80,647,107">
<area shape="rect" href="$cstrncmp_8h.html" title="cstrncmp.h" alt="" coords="492,379,577,405">
<area shape="rect" href="$tmpltdef_8h.html" title="tmpltdef.h" alt="" coords="463,80,543,107">
<area shape="rect" href="$tmpltcmp_8h.html" title="tmpltcmp.h" alt="" coords="671,80,756,107">
<area shape="rect" href="$usrsetup_8h.html" title="usrsetup.h" alt="" coords="115,155,197,181">
<area shape="rect" href="$symbol_8h.html" title="symbol.h" alt="" coords="380,1051,455,1077">
<area shape="rect" href="$constrct_8h.html" title="constrct.h" alt="" coords="463,528,543,555">
<area shape="rect" href="$extnfunc_8h.html" title="extnfunc.h" alt="" coords="716,976,799,1003">
<area shape="rect" href="$symblcmp_8h.html" title="symblcmp.h" alt="" coords="340,603,431,629">
<area shape="rect" href="$userdata_8h.html" title="userdata.h" alt="" coords="716,1051,799,1077">
<area shape="rect" href="$moduldef_8h.html" title="moduldef.h" alt="" coords="505,603,591,629">
<area shape="rect" href="$evaluatn_8h.html" title="evaluatn.h" alt="" coords="797,752,877,779">
<area shape="rect" href="$modulpsr_8h.html" title="modulpsr.h" alt="" coords="423,677,505,704">
<area shape="rect" href="$clipsrules_2core_2utility_8h.html" title="utility.h" alt="" coords="529,677,591,704">
<area shape="rect" href="$constant_8h.html" title="constant.h" alt="" coords="796,827,879,853">
<area shape="rect" href="$expressn_8h.html" title="expressn.h" alt="" coords="915,827,1000,853">
<area shape="rect" href="$exprnops_8h.html" title="exprnops.h" alt="" coords="921,901,1007,928">
<area shape="rect" href="$exprnpsr_8h.html" title="exprnpsr.h" alt="" coords="817,901,897,928">
<area shape="rect" href="$scanner_8h.html" title="scanner.h" alt="" coords="823,976,900,1003">
<area shape="rect" href="$pprint_8h.html" title="pprint.h" alt="" coords="829,1051,893,1077">
<area shape="rect" href="$pattern_8h.html" title="pattern.h" alt="" coords="779,229,851,256">
<area shape="rect" href="$reorder_8h.html" title="reorder.h" alt="" coords="781,304,853,331">
<area shape="rect" href="$match_8h.html" title="match.h" alt="" coords="913,528,980,555">
<area shape="rect" href="$ruledef_8h.html" title="ruledef.h" alt="" coords="781,379,853,405">
<area shape="rect" href="$constrnt_8h.html" title="constrnt.h" alt="" coords="575,453,655,480">
<area shape="rect" href="$cstrccom_8h.html" title="cstrccom.h" alt="" coords="567,528,652,555">
<area shape="rect" href="$network_8h.html" title="network.h" alt="" coords="879,453,956,480">
<area shape="rect" href="$agenda_8h.html" title="agenda.h" alt="" coords="780,453,855,480">
<area shape="rect" href="$factbld_8h.html" title="factbld.h" alt="" coords="691,155,763,181">
<area shape="rect" href="$factmngr_8h.html" title="factmngr.h" alt="" coords="563,155,645,181">
<area shape="rect" href="$facthsh_8h.html" title="facthsh.h" alt="" coords="641,229,716,256">
<area shape="rect" href="$multifld_8h.html" title="multifld.h" alt="" coords="667,304,741,331">
