<area shape="rect" href="$setup_8h.html" title="setup.h" alt="" coords="124,80,188,107">
<area shape="rect" href="$envrnmnt_8h.html" title="envrnmnt.h" alt="" coords="5,155,91,181">
<area shape="rect" href="$constant_8h.html" title="constant.h" alt="" coords="863,528,945,555">
<area shape="rect" href="$memalloc_8h.html" title="memalloc.h" alt="" coords="992,80,1080,107">
<area shape="rect" href="$router_8h.html" title="router.h" alt="" coords="557,80,621,107">
<area shape="rect" href="$extnfunc_8h.html" title="extnfunc.h" alt="" coords="651,677,733,704">
<area shape="rect" href="$argacces_8h.html" title="argacces.h" alt="" coords="720,155,805,181">
<area shape="rect" href="$watch_8h.html" title="watch.h" alt="" coords="800,229,867,256">
<area shape="rect" href="$usrsetup_8h.html" title="usrsetup.h" alt="" coords="115,155,197,181">
<area shape="rect" href="$symbol_8h.html" title="symbol.h" alt="" coords="348,752,423,779">
<area shape="rect" href="$prntutil_8h.html" title="prntutil.h" alt="" coords="529,155,601,181">
<area shape="rect" href="$moduldef_8h.html" title="moduldef.h" alt="" coords="500,229,585,256">
<area shape="rect" href="$conscomp_8h.html" title="conscomp.h" alt="" coords="307,304,397,331">
<area shape="rect" href="$modulpsr_8h.html" title="modulpsr.h" alt="" coords="541,379,624,405">
<area shape="rect" href="$clipsrules_2core_2utility_8h.html" title="utility.h" alt="" coords="421,304,483,331">
<area shape="rect" href="$constrct_8h.html" title="constrct.h" alt="" coords="387,379,467,405">
<area shape="rect" href="$symblcmp_8h.html" title="symblcmp.h" alt="" coords="272,379,363,405">
<area shape="rect" href="$userdata_8h.html" title="userdata.h" alt="" coords="572,752,655,779">
<area shape="rect" href="$evaluatn_8h.html" title="evaluatn.h" alt="" coords="573,453,653,480">
<area shape="rect" href="$expressn_8h.html" title="expressn.h" alt="" coords="753,528,839,555">
<area shape="rect" href="$exprnops_8h.html" title="exprnops.h" alt="" coords="780,603,865,629">
<area shape="rect" href="$exprnpsr_8h.html" title="exprnpsr.h" alt="" coords="889,603,969,629">
<area shape="rect" href="$scanner_8h.html" title="scanner.h" alt="" coords="891,677,968,704">
<area shape="rect" href="$pprint_8h.html" title="pprint.h" alt="" coords="897,752,961,779">
