<area shape="rect" href="$setup_8h.html" title="setup.h" alt="" coords="1552,80,1616,107">
<area shape="rect" href="$commline_8h.html" title="commline.h" alt="" coords="1440,80,1528,107">
<area shape="rect" href="$evaluatn_8h.html" title="evaluatn.h" alt="" coords="1764,453,1844,480">
<area shape="rect" href="$filertr_8h.html" title="filertr.h" alt="" coords="636,229,695,256">
<area shape="rect" href="$router_8h.html" title="router.h" alt="" coords="1640,80,1704,107">
<area shape="rect" href="$xclips_8h.html" title="xclips.h" alt="" coords="1779,80,1845,107">
<area shape="rect" href="$xedit_8h.html" title="xedit.h" alt="" coords="1869,80,1928,107">
<area shape="rect" href="$xmenu__file_8h.html" title="xmenu_file.h" alt="" coords="1952,80,2048,107">
<area shape="rect" href="$xmenu__exec_8h.html" title="xmenu_exec.h" alt="" coords="2072,80,2179,107">
<area shape="rect" href="$xmenu__wind_8h.html" title="xmenu_wind.h" alt="" coords="2203,80,2307,107">
<area shape="rect" href="$xclipstext_8h.html" title="xclipstext.h" alt="" coords="2331,80,2419,107">
<area shape="rect" href="$xmain_8h.html" title="xmain.h" alt="" coords="2443,80,2509,107">
<area shape="rect" href="$envrnmnt_8h.html" title="envrnmnt.h" alt="" coords="1404,229,1489,256">
<area shape="rect" href="$usrsetup_8h.html" title="usrsetup.h" alt="" coords="1529,155,1612,181">
<area shape="rect" href="$symbol_8h.html" title="symbol.h" alt="" coords="1504,752,1579,779">
<area shape="rect" href="$constant_8h.html" title="constant.h" alt="" coords="1876,528,1959,555">
<area shape="rect" href="$userdata_8h.html" title="userdata.h" alt="" coords="1972,752,2055,779">
<area shape="rect" href="$expressn_8h.html" title="expressn.h" alt="" coords="1767,528,1852,555">
<area shape="rect" href="$exprnops_8h.html" title="exprnops.h" alt="" coords="1781,603,1867,629">
<area shape="rect" href="$exprnpsr_8h.html" title="exprnpsr.h" alt="" coords="1891,603,1971,629">
<area shape="rect" href="$extnfunc_8h.html" title="extnfunc.h" alt="" coords="1731,677,1813,704">
<area shape="rect" href="$scanner_8h.html" title="scanner.h" alt="" coords="1883,677,1960,704">
<area shape="rect" href="$pprint_8h.html" title="pprint.h" alt="" coords="1884,752,1948,779">
<area shape="rect" href="$prntutil_8h.html" title="prntutil.h" alt="" coords="1636,155,1708,181">
<area shape="rect" href="$moduldef_8h.html" title="moduldef.h" alt="" coords="1543,229,1628,256">
<area shape="rect" href="$conscomp_8h.html" title="conscomp.h" alt="" coords="1540,304,1631,331">
<area shape="rect" href="$modulpsr_8h.html" title="modulpsr.h" alt="" coords="1529,379,1612,405">
<area shape="rect" href="$clipsrules_2core_2utility_8h.html" title="utility.h" alt="" coords="1655,304,1716,331">
<area shape="rect" href="$constrct_8h.html" title="constrct.h" alt="" coords="1687,379,1767,405">
<area shape="rect" href="$symblcmp_8h.html" title="symblcmp.h" alt="" coords="1415,379,1505,405">
