<area shape="rect" href="$setup_8h.html" title="setup.h" alt="" coords="135,80,199,107">
<area shape="rect" href="$symbol_8h.html" title="symbol.h" alt="" coords="129,229,204,256">
<area shape="rect" href="$sysdep_8h.html" title="sysdep.h" alt="" coords="348,80,423,107">
<area shape="rect" href="$commline_8h.html" title="commline.h" alt="" coords="1125,80,1213,107">
<area shape="rect" href="$xsetup_8h.html" title="xsetup.h" alt="" coords="1405,80,1477,107">
<area shape="rect" href="$xmain_8h.html" title="xmain.h" alt="" coords="1501,80,1568,107">
<area shape="rect" href="$xmenu__file_8h.html" title="xmenu_file.h" alt="" coords="1592,80,1688,107">
<area shape="rect" href="$xclipstext_8h.html" title="xclipstext.h" alt="" coords="1712,80,1800,107">
<area shape="rect" href="$xmenu_8h.html" title="xmenu.h" alt="" coords="1824,80,1896,107">
<area shape="rect" href="$xclips_8h.html" title="xclips.h" alt="" coords="1920,80,1987,107">
<area shape="rect" href="$envrnmnt_8h.html" title="envrnmnt.h" alt="" coords="124,155,209,181">
<area shape="rect" href="$usrsetup_8h.html" title="usrsetup.h" alt="" coords="17,155,100,181">
