<area shape="rect" href="$xsetup_8h.html" title="xsetup.h" alt="" coords="1399,80,1471,107">
<area shape="rect" href="$xclipstext_8h.html" title="xclipstext.h" alt="" coords="2163,80,2251,107">
<area shape="rect" href="$xmenu__exec_8h.html" title="xmenu_exec.h" alt="" coords="2275,80,2381,107">
<area shape="rect" href="$xmain_8h.html" title="xmain.h" alt="" coords="2405,80,2472,107">
<area shape="rect" href="$xmenu_8h.html" title="xmenu.h" alt="" coords="2496,80,2568,107">
<area shape="rect" href="$setup_8h.html" title="setup.h" alt="" coords="93,80,157,107">
<area shape="rect" href="$router_8h.html" title="router.h" alt="" coords="2648,80,2712,107">
<area shape="rect" href="$factmngr_8h.html" title="factmngr.h" alt="" coords="2919,80,3001,107">
<area shape="rect" href="$commline_8h.html" title="commline.h" alt="" coords="3025,80,3113,107">
<area shape="rect" href="$envrnmnt_8h.html" title="envrnmnt.h" alt="" coords="668,229,753,256">
<area shape="rect" href="$usrsetup_8h.html" title="usrsetup.h" alt="" coords="5,155,88,181">
<area shape="rect" href="$symbol_8h.html" title="symbol.h" alt="" coords="2700,528,2775,555">
<area shape="rect" href="$prntutil_8h.html" title="prntutil.h" alt="" coords="2645,155,2717,181">
<area shape="rect" href="$moduldef_8h.html" title="moduldef.h" alt="" coords="2652,229,2737,256">
<area shape="rect" href="$conscomp_8h.html" title="conscomp.h" alt="" coords="2845,304,2936,331">
<area shape="rect" href="$modulpsr_8h.html" title="modulpsr.h" alt="" coords="2653,304,2736,331">
<area shape="rect" href="$clipsrules_2core_2utility_8h.html" title="utility.h" alt="" coords="2760,304,2821,331">
<area shape="rect" href="$constrct_8h.html" title="constrct.h" alt="" coords="2869,379,2949,405">
<area shape="rect" href="$symblcmp_8h.html" title="symblcmp.h" alt="" coords="2704,379,2795,405">
<area shape="rect" href="$extnfunc_8h.html" title="extnfunc.h" alt="" coords="2800,453,2883,480">
<area shape="rect" href="$userdata_8h.html" title="userdata.h" alt="" coords="2879,528,2961,555">
<area shape="rect" href="$evaluatn_8h.html" title="evaluatn.h" alt="" coords="2992,453,3072,480">
<area shape="rect" href="$constant_8h.html" title="constant.h" alt="" coords="2991,528,3073,555">
<area shape="rect" href="$facthsh_8h.html" title="facthsh.h" alt="" coords="2923,155,2997,181">
<area shape="rect" href="$multifld_8h.html" title="multifld.h" alt="" coords="2997,229,3072,256">
<area shape="rect" href="$tmpltdef_8h.html" title="tmpltdef.h" alt="" coords="3072,155,3152,181">
<area shape="rect" href="$pattern_8h.html" title="pattern.h" alt="" coords="3219,304,3291,331">
<area shape="rect" href="$factbld_8h.html" title="factbld.h" alt="" coords="3148,229,3220,256">
<area shape="rect" href="$constrnt_8h.html" title="constrnt.h" alt="" coords="3075,304,3155,331">
<area shape="rect" href="$reorder_8h.html" title="reorder.h" alt="" coords="3125,379,3197,405">
<area shape="rect" href="$match_8h.html" title="match.h" alt="" coords="3221,379,3288,405">
