<area shape="rect" href="$setup_8h.html" title="setup.h" alt="" coords="19,80,83,107">
<area shape="rect" href="$symbol_8h.html" title="symbol.h" alt="" coords="340,453,415,480">
<area shape="rect" href="$constant_8h.html" title="constant.h" alt="" coords="709,80,792,107">
<area shape="rect" href="$commline_8h.html" title="commline.h" alt="" coords="816,80,904,107">
<area shape="rect" href="$router_8h.html" title="router.h" alt="" coords="571,80,635,107">
<area shape="rect" href="$scanner_8h.html" title="scanner.h" alt="" coords="1084,80,1161,107">
<area shape="rect" href="$xsetup_8h.html" title="xsetup.h" alt="" coords="1220,80,1292,107">
<area shape="rect" href="$xclips_8h.html" title="xclips.h" alt="" coords="1316,80,1383,107">
<area shape="rect" href="$xclipstext_8h.html" title="xclipstext.h" alt="" coords="1407,80,1495,107">
<area shape="rect" href="$xmenu_8h.html" title="xmenu.h" alt="" coords="1519,80,1591,107">
<area shape="rect" href="$xmain_8h.html" title="xmain.h" alt="" coords="1615,80,1681,107">
<area shape="rect" href="$xmenu__file_8h.html" title="xmenu_file.h" alt="" coords="1705,80,1801,107">
<area shape="rect" href="$xmenu__wind_8h.html" title="xmenu_wind.h" alt="" coords="1825,80,1929,107">
<area shape="rect" href="$envrnmnt_8h.html" title="envrnmnt.h" alt="" coords="83,229,168,256">
<area shape="rect" href="$usrsetup_8h.html" title="usrsetup.h" alt="" coords="5,155,88,181">
<area shape="rect" href="$prntutil_8h.html" title="prntutil.h" alt="" coords="535,155,607,181">
<area shape="rect" href="$moduldef_8h.html" title="moduldef.h" alt="" coords="500,229,585,256">
<area shape="rect" href="$conscomp_8h.html" title="conscomp.h" alt="" coords="387,304,477,331">
<area shape="rect" href="$modulpsr_8h.html" title="modulpsr.h" alt="" coords="501,304,584,331">
<area shape="rect" href="$clipsrules_2core_2utility_8h.html" title="utility.h" alt="" coords="251,304,312,331">
<area shape="rect" href="$constrct_8h.html" title="constrct.h" alt="" coords="232,379,312,405">
<area shape="rect" href="$symblcmp_8h.html" title="symblcmp.h" alt="" coords="443,379,533,405">
<area shape="rect" href="$extnfunc_8h.html" title="extnfunc.h" alt="" coords="336,379,419,405">
<area shape="rect" href="$pprint_8h.html" title="pprint.h" alt="" coords="760,155,824,181">
