<area shape="rect" href="$xsetup_8h.html" title="xsetup.h" alt="" coords="1477,80,1549,107">
<area shape="rect" href="$xclips_8h.html" title="xclips.h" alt="" coords="2160,80,2227,107">
<area shape="rect" href="$xmenu_8h.html" title="xmenu.h" alt="" coords="2251,80,2323,107">
<area shape="rect" href="$xmenu__opt_8h.html" title="xmenu_opt.h" alt="" coords="2347,80,2443,107">
<area shape="rect" href="$xclipstext_8h.html" title="xclipstext.h" alt="" coords="2467,80,2555,107">
<area shape="rect" href="$xmain_8h.html" title="xmain.h" alt="" coords="2579,80,2645,107">
<area shape="rect" href="$setup_8h.html" title="setup.h" alt="" coords="2669,80,2733,107">
<area shape="rect" href="$engine_8h.html" title="engine.h" alt="" coords="3007,80,3076,107">
<area shape="rect" href="$crstrtgy_8h.html" title="crstrtgy.h" alt="" coords="3100,80,3175,107">
<area shape="rect" href="$commline_8h.html" title="commline.h" alt="" coords="3303,80,3391,107">
<area shape="rect" href="$router_8h.html" title="router.h" alt="" coords="21,80,85,107">
<area shape="rect" href="$globlcom_8h.html" title="globlcom.h" alt="" coords="3415,80,3497,107">
<area shape="rect" href="$facthsh_8h.html" title="facthsh.h" alt="" coords="2757,80,2832,107">
<area shape="rect" href="$exprnpsr_8h.html" title="exprnpsr.h" alt="" coords="3199,80,3279,107">
<area shape="rect" href="$bmathfun_8h.html" title="bmathfun.h" alt="" coords="2852,229,2937,256">
<area shape="rect" href="$incrrset_8h.html" title="incrrset.h" alt="" coords="2908,80,2983,107">
<area shape="rect" href="$envrnmnt_8h.html" title="envrnmnt.h" alt="" coords="2756,304,2841,331">
<area shape="rect" href="$usrsetup_8h.html" title="usrsetup.h" alt="" coords="2645,155,2728,181">
<area shape="rect" href="$symbol_8h.html" title="symbol.h" alt="" coords="3095,379,3169,405">
<area shape="rect" href="$lgcldpnd_8h.html" title="lgcldpnd.h" alt="" coords="3059,155,3139,181">
<area shape="rect" href="$retract_8h.html" title="retract.h" alt="" coords="3163,155,3232,181">
<area shape="rect" href="$match_8h.html" title="match.h" alt="" coords="3061,229,3128,256">
<area shape="rect" href="$evaluatn_8h.html" title="evaluatn.h" alt="" coords="2955,304,3035,331">
<area shape="rect" href="$agenda_8h.html" title="agenda.h" alt="" coords="2960,155,3035,181">
<area shape="rect" href="$ruledef_8h.html" title="ruledef.h" alt="" coords="2961,229,3033,256">
<area shape="rect" href="$prntutil_8h.html" title="prntutil.h" alt="" coords="15,155,87,181">
<area shape="rect" href="$moduldef_8h.html" title="moduldef.h" alt="" coords="5,229,91,256">
<area shape="rect" href="$factmngr_8h.html" title="factmngr.h" alt="" coords="2752,155,2835,181">
<area shape="rect" href="$multifld_8h.html" title="multifld.h" alt="" coords="2753,229,2828,256">
<area shape="rect" href="$extnfunc_8h.html" title="extnfunc.h" alt="" coords="3307,304,3389,331">
<area shape="rect" href="$scanner_8h.html" title="scanner.h" alt="" coords="3357,155,3435,181">
