<area shape="rect" href="$setup_8h.html" title="setup.h" alt="" coords="600,80,664,107">
<area shape="rect" href="$constrct_8h.html" title="constrct.h" alt="" coords="309,80,389,107">
<area shape="rect" href="$filecom_8h.html" title="filecom.h" alt="" coords="1463,80,1537,107">
<area shape="rect" href="$xsetup_8h.html" title="xsetup.h" alt="" coords="1561,80,1633,107">
<area shape="rect" href="$xclips_8h.html" title="xclips.h" alt="" coords="1657,80,1724,107">
<area shape="rect" href="$xmenu_8h.html" title="xmenu.h" alt="" coords="1748,80,1820,107">
<area shape="rect" href="$xedit_8h.html" title="xedit.h" alt="" coords="1844,80,1903,107">
<area shape="rect" href="$xclipstext_8h.html" title="xclipstext.h" alt="" coords="1927,80,2015,107">
<area shape="rect" href="$xmenu__wind_8h.html" title="xmenu_wind.h" alt="" coords="2039,80,2143,107">
<area shape="rect" href="$xmenu__exec_8h.html" title="xmenu_exec.h" alt="" coords="2167,80,2273,107">
<area shape="rect" href="$xmenu__file_8h.html" title="xmenu_file.h" alt="" coords="2297,80,2393,107">
<area shape="rect" href="$xmenu__watch_8h.html" title="xmenu_watch.h" alt="" coords="2417,80,2529,107">
<area shape="rect" href="$xmenu__opt_8h.html" title="xmenu_opt.h" alt="" coords="2553,80,2649,107">
<area shape="rect" href="$xmain_8h.html" title="xmain.h" alt="" coords="2673,80,2740,107">
<area shape="rect" href="$envrnmnt_8h.html" title="envrnmnt.h" alt="" coords="540,304,625,331">
<area shape="rect" href="$usrsetup_8h.html" title="usrsetup.h" alt="" coords="591,155,673,181">
<area shape="rect" href="$symbol_8h.html" title="symbol.h" alt="" coords="405,379,480,405">
<area shape="rect" href="$userdata_8h.html" title="userdata.h" alt="" coords="5,379,88,405">
<area shape="rect" href="$moduldef_8h.html" title="moduldef.h" alt="" coords="267,155,352,181">
<area shape="rect" href="$evaluatn_8h.html" title="evaluatn.h" alt="" coords="185,304,265,331">
<area shape="rect" href="$conscomp_8h.html" title="conscomp.h" alt="" coords="375,229,465,256">
<area shape="rect" href="$modulpsr_8h.html" title="modulpsr.h" alt="" coords="268,229,351,256">
<area shape="rect" href="$clipsrules_2core_2utility_8h.html" title="utility.h" alt="" coords="183,229,244,256">
<area shape="rect" href="$constant_8h.html" title="constant.h" alt="" coords="239,379,321,405">
<area shape="rect" href="$expressn_8h.html" title="expressn.h" alt="" coords="129,379,215,405">
